SLURM job ID: 6745129
Running initial guess perturbation scan
1
output_stage_two_optimization_QA_pert_init__curves

################################################################################
### Perform a Taylor test ######################################################
################################################################################

err -0.164530640708988
err -0.003075385164508747
err -3.081247541055626e-05
err -3.081430171789079e-07
err -2.911482686884792e-09

################################################################################
### Run the optimisation #######################################################
################################################################################

Finished 100/1000 Out-of-Sample Evaluations
Finished 100/1000 Out-of-Sample Evaluations
Finished 200/1000 Out-of-Sample Evaluations
Finished 200/1000 Out-of-Sample Evaluations
Finished 300/1000 Out-of-Sample Evaluations
Finished 300/1000 Out-of-Sample Evaluations
Finished 400/1000 Out-of-Sample Evaluations
Finished 400/1000 Out-of-Sample Evaluations
Finished 500/1000 Out-of-Sample Evaluations
Finished 500/1000 Out-of-Sample Evaluations
Finished 600/1000 Out-of-Sample Evaluations
Finished 600/1000 Out-of-Sample Evaluations
Finished 700/1000 Out-of-Sample Evaluations
Finished 700/1000 Out-of-Sample Evaluations
Finished 800/1000 Out-of-Sample Evaluations
Finished 800/1000 Out-of-Sample Evaluations
Finished 900/1000 Out-of-Sample Evaluations
Finished 900/1000 Out-of-Sample Evaluations
Finished 1000/1000 Out-of-Sample Evaluations
Finished 1000/1000 Out-of-Sample Evaluations
Flux Objective for exact coils    : 6.347e-06
Out-of-sample flux value                  : 6.914e-05
Objective Gradient (||∇J||)              : 3.619e-04
Quality Number: 0.092
<B_N>/<|B|> = 3.47e-03

Took 232.30813908576965s
