SLURM job ID: 6745131
Running initial guess perturbation scan
3
output_stage_two_optimization_QA_pert_init__curves

################################################################################
### Perform a Taylor test ######################################################
################################################################################

err -0.16470680147110162
err -0.003076888723949525
err -3.082758205281977e-05
err -3.0826650583570814e-07
err -2.6533321789701247e-09

################################################################################
### Run the optimisation #######################################################
################################################################################

Finished 100/1000 Out-of-Sample Evaluations
Finished 100/1000 Out-of-Sample Evaluations
Finished 200/1000 Out-of-Sample Evaluations
Finished 200/1000 Out-of-Sample Evaluations
Finished 300/1000 Out-of-Sample Evaluations
Finished 300/1000 Out-of-Sample Evaluations
Finished 400/1000 Out-of-Sample Evaluations
Finished 400/1000 Out-of-Sample Evaluations
Finished 500/1000 Out-of-Sample Evaluations
Finished 500/1000 Out-of-Sample Evaluations
Finished 600/1000 Out-of-Sample Evaluations
Finished 600/1000 Out-of-Sample Evaluations
Finished 700/1000 Out-of-Sample Evaluations
Finished 700/1000 Out-of-Sample Evaluations
Finished 800/1000 Out-of-Sample Evaluations
Finished 800/1000 Out-of-Sample Evaluations
Finished 900/1000 Out-of-Sample Evaluations
Finished 900/1000 Out-of-Sample Evaluations
Finished 1000/1000 Out-of-Sample Evaluations
Finished 1000/1000 Out-of-Sample Evaluations
Flux Objective for exact coils    : 6.360e-06
Out-of-sample flux value                  : 6.918e-05
Objective Gradient (||∇J||)              : 4.351e-04
Quality Number: 0.092
<B_N>/<|B|> = 3.47e-03

Took 187.9365532398224s
