SLURM job ID: 6745132
Running initial guess perturbation scan
4
output_stage_two_optimization_QA_pert_init__curves

################################################################################
### Perform a Taylor test ######################################################
################################################################################

err -0.16457520251680766
err -0.0030752472712524126
err -3.08112118895254e-05
err -3.0811739482050626e-07
err -3.4721968633633082e-09

################################################################################
### Run the optimisation #######################################################
################################################################################

Finished 100/1000 Out-of-Sample Evaluations
Finished 100/1000 Out-of-Sample Evaluations
Finished 200/1000 Out-of-Sample Evaluations
Finished 200/1000 Out-of-Sample Evaluations
Finished 300/1000 Out-of-Sample Evaluations
Finished 300/1000 Out-of-Sample Evaluations
Finished 400/1000 Out-of-Sample Evaluations
Finished 400/1000 Out-of-Sample Evaluations
Finished 500/1000 Out-of-Sample Evaluations
Finished 500/1000 Out-of-Sample Evaluations
Finished 600/1000 Out-of-Sample Evaluations
Finished 600/1000 Out-of-Sample Evaluations
Finished 700/1000 Out-of-Sample Evaluations
Finished 700/1000 Out-of-Sample Evaluations
Finished 800/1000 Out-of-Sample Evaluations
Finished 800/1000 Out-of-Sample Evaluations
Finished 900/1000 Out-of-Sample Evaluations
Finished 900/1000 Out-of-Sample Evaluations
Finished 1000/1000 Out-of-Sample Evaluations
Finished 1000/1000 Out-of-Sample Evaluations
Flux Objective for exact coils    : 6.339e-06
Out-of-sample flux value                  : 6.920e-05
Objective Gradient (||∇J||)              : 5.972e-04
Quality Number: 0.092
<B_N>/<|B|> = 3.47e-03

Took 249.68693685531616s
