SLURM job ID: 6745134
Running initial guess perturbation scan
6
output_stage_two_optimization_QA_pert_init__curves

################################################################################
### Perform a Taylor test ######################################################
################################################################################

err -0.1645376584850252
err -0.0030783836127760214
err -3.084255298969191e-05
err -3.084267206146518e-07
err -3.0772249262622786e-09

################################################################################
### Run the optimisation #######################################################
################################################################################

Finished 100/1000 Out-of-Sample Evaluations
Finished 100/1000 Out-of-Sample Evaluations
Finished 200/1000 Out-of-Sample Evaluations
Finished 200/1000 Out-of-Sample Evaluations
Finished 300/1000 Out-of-Sample Evaluations
Finished 300/1000 Out-of-Sample Evaluations
Finished 400/1000 Out-of-Sample Evaluations
Finished 400/1000 Out-of-Sample Evaluations
Finished 500/1000 Out-of-Sample Evaluations
Finished 500/1000 Out-of-Sample Evaluations
Finished 600/1000 Out-of-Sample Evaluations
Finished 600/1000 Out-of-Sample Evaluations
Finished 700/1000 Out-of-Sample Evaluations
Finished 700/1000 Out-of-Sample Evaluations
Finished 800/1000 Out-of-Sample Evaluations
Finished 800/1000 Out-of-Sample Evaluations
Finished 900/1000 Out-of-Sample Evaluations
Finished 900/1000 Out-of-Sample Evaluations
Finished 1000/1000 Out-of-Sample Evaluations
Finished 1000/1000 Out-of-Sample Evaluations
Flux Objective for exact coils    : 6.313e-06
Out-of-sample flux value                  : 6.914e-05
Objective Gradient (||∇J||)              : 4.272e-04
Quality Number: 0.091
<B_N>/<|B|> = 3.46e-03

Took 204.55665349960327s
