SLURM job ID: 6354408
Running initial guess perturbation scan
2
output_stage_two_optimization_QA_pert_init__curves

################################################################################
### Perform a Taylor test ######################################################
################################################################################

err -0.16460834622392448
err -0.003078036022018643
err -3.083917775645317e-05
err -3.084116467488851e-07
err -2.9754148866967256e-09

################################################################################
### Run the optimisation #######################################################
################################################################################

Finished 100/1000 Out-of-Sample Evaluations
Finished 100/1000 Out-of-Sample Evaluations
Finished 200/1000 Out-of-Sample Evaluations
Finished 200/1000 Out-of-Sample Evaluations
Finished 300/1000 Out-of-Sample Evaluations
Finished 300/1000 Out-of-Sample Evaluations
Finished 400/1000 Out-of-Sample Evaluations
Finished 400/1000 Out-of-Sample Evaluations
Finished 500/1000 Out-of-Sample Evaluations
Finished 500/1000 Out-of-Sample Evaluations
Finished 600/1000 Out-of-Sample Evaluations
Finished 600/1000 Out-of-Sample Evaluations
Finished 700/1000 Out-of-Sample Evaluations
Finished 700/1000 Out-of-Sample Evaluations
Finished 800/1000 Out-of-Sample Evaluations
Finished 800/1000 Out-of-Sample Evaluations
Finished 900/1000 Out-of-Sample Evaluations
Finished 900/1000 Out-of-Sample Evaluations
Finished 1000/1000 Out-of-Sample Evaluations
Finished 1000/1000 Out-of-Sample Evaluations
Flux Objective for exact coils    : 6.318e-06
Out-of-sample flux value                  : 2.197e-05
Objective Gradient (||∇J||)              : 4.585e-04
Quality Number: 0.288
<B_N>/<|B|> = 3.46e-03

Took 272.482976436615s
