SLURM job ID: 6360631
Running sigma and l scan
Sigma_curve=0.001;L_curve=0.500,Sigma_current=1000.000,Sigma_centroid=0.001
output_stage_two_optimization_QA_sigma_l_scan__curves

################################################################################
### Perform a Taylor test ######################################################
################################################################################

err -0.1640206098252447
err -0.0030865159784101426
err -3.0924352646066744e-05
err -3.092883429367532e-07
err -3.5294525080331596e-09

################################################################################
### Run the optimisation #######################################################
################################################################################

Finished 100/1000 Out-of-Sample Evaluations
Finished 100/1000 Out-of-Sample Evaluations
Finished 200/1000 Out-of-Sample Evaluations
Finished 200/1000 Out-of-Sample Evaluations
Finished 300/1000 Out-of-Sample Evaluations
Finished 300/1000 Out-of-Sample Evaluations
Finished 400/1000 Out-of-Sample Evaluations
Finished 400/1000 Out-of-Sample Evaluations
Finished 500/1000 Out-of-Sample Evaluations
Finished 500/1000 Out-of-Sample Evaluations
Finished 600/1000 Out-of-Sample Evaluations
Finished 600/1000 Out-of-Sample Evaluations
Finished 700/1000 Out-of-Sample Evaluations
Finished 700/1000 Out-of-Sample Evaluations
Finished 800/1000 Out-of-Sample Evaluations
Finished 800/1000 Out-of-Sample Evaluations
Finished 900/1000 Out-of-Sample Evaluations
Finished 900/1000 Out-of-Sample Evaluations
Finished 1000/1000 Out-of-Sample Evaluations
Finished 1000/1000 Out-of-Sample Evaluations
Flux Objective for exact coils    : 5.193e-06
Out-of-sample flux value                  : 5.850e-06
Objective Gradient (||∇J||)              : 4.874e-04
Quality Number: 0.888
<B_N>/<|B|> = 3.12e-03

Took 246.3939015865326s
