Number of coils: 40
Coils: Order: 24, no. 5. Iterations: Optimization Iters: 1500, Aug Lag Iters: 30Length Thresh:16.2, CS/CC Thresh:0.1,0.1, Curvature/MSC Thresh:16, 16.

Taylor test passed
Iter 1: Jf = 0.00e+00, c0 = 5.36e-02, c1 = 0.00e+00, c2 = 3.39e-04, c3 = 0.00e+00, c4 = 0.00e+00, c5 = 0.00e+00, c6 = 0.00e+00, 
Iter 2: Jf = 0.00e+00, c0 = 5.50e-03, c1 = 1.10e-05, c2 = 5.79e-04, c3 = 0.00e+00, c4 = 0.00e+00, c5 = 0.00e+00, c6 = 0.00e+00, 
Iter 3: Jf = 0.00e+00, c0 = 8.52e-04, c1 = 0.00e+00, c2 = 4.99e-04, c3 = 0.00e+00, c4 = 0.00e+00, c5 = 0.00e+00, c6 = 0.00e+00, 
Iter 4: Jf = 0.00e+00, c0 = 3.57e-04, c1 = 1.52e-03, c2 = 2.24e-04, c3 = 0.00e+00, c4 = 0.00e+00, c5 = 0.00e+00, c6 = 0.00e+00, 
Iter 5: Jf = 0.00e+00, c0 = 6.79e-05, c1 = 0.00e+00, c2 = 2.40e-05, c3 = 0.00e+00, c4 = 0.00e+00, c5 = 7.32e-06, c6 = 0.00e+00, 
Iter 6: Jf = 0.00e+00, c0 = 7.77e-07, c1 = 0.00e+00, c2 = 1.57e-07, c3 = 1.28e-05, c4 = 0.00e+00, c5 = 7.93e-06, c6 = 0.00e+00, 
Iter 7: Jf = 0.00e+00, c0 = 8.33e-08, c1 = 0.00e+00, c2 = 1.37e-08, c3 = 7.27e-06, c4 = 0.00e+00, c5 = 1.31e-07, c6 = 0.00e+00, 
Iter 8: Jf = 0.00e+00, c0 = 8.33e-08, c1 = 0.00e+00, c2 = 1.37e-08, c3 = 7.27e-06, c4 = 0.00e+00, c5 = 1.70e-12, c6 = 0.00e+00, 
Iter 9: Jf = 0.00e+00, c0 = 8.33e-08, c1 = 0.00e+00, c2 = 1.37e-08, c3 = 7.27e-06, c4 = 0.00e+00, c5 = 1.70e-12, c6 = 0.00e+00, 
Iter 10: Jf = 0.00e+00, c0 = 8.33e-08, c1 = 0.00e+00, c2 = 1.37e-08, c3 = 7.27e-06, c4 = 0.00e+00, c5 = 1.70e-12, c6 = 0.00e+00, 
Iter 11: Jf = 0.00e+00, c0 = 8.33e-08, c1 = 0.00e+00, c2 = 1.37e-08, c3 = 7.27e-06, c4 = 0.00e+00, c5 = 1.70e-12, c6 = 0.00e+00, 
Iter 12: Jf = 0.00e+00, c0 = 8.33e-08, c1 = 0.00e+00, c2 = 1.37e-08, c3 = 7.27e-06, c4 = 0.00e+00, c5 = 1.70e-12, c6 = 0.00e+00, 
Iter 13: Jf = 0.00e+00, c0 = 8.33e-08, c1 = 0.00e+00, c2 = 1.37e-08, c3 = 7.27e-06, c4 = 0.00e+00, c5 = 1.70e-12, c6 = 0.00e+00, 
Iter 14: Jf = 0.00e+00, c0 = 8.33e-08, c1 = 0.00e+00, c2 = 1.37e-08, c3 = 7.27e-06, c4 = 0.00e+00, c5 = 1.70e-12, c6 = 0.00e+00, 
Iter 15: Jf = 0.00e+00, c0 = 8.33e-08, c1 = 0.00e+00, c2 = 1.37e-08, c3 = 7.27e-06, c4 = 0.00e+00, c5 = 1.70e-12, c6 = 0.00e+00, 
Iter 16: Jf = 0.00e+00, c0 = 8.33e-08, c1 = 0.00e+00, c2 = 1.37e-08, c3 = 7.27e-06, c4 = 0.00e+00, c5 = 1.70e-12, c6 = 0.00e+00, 
Iter 17: Jf = 0.00e+00, c0 = 8.33e-08, c1 = 0.00e+00, c2 = 1.37e-08, c3 = 7.27e-06, c4 = 0.00e+00, c5 = 1.70e-12, c6 = 0.00e+00, 
Iter 18: Jf = 0.00e+00, c0 = 8.33e-08, c1 = 0.00e+00, c2 = 1.37e-08, c3 = 7.27e-06, c4 = 0.00e+00, c5 = 1.70e-12, c6 = 0.00e+00, 
Iter 19: Jf = 0.00e+00, c0 = 8.33e-08, c1 = 0.00e+00, c2 = 1.37e-08, c3 = 7.27e-06, c4 = 0.00e+00, c5 = 1.70e-12, c6 = 0.00e+00, 
Iter 20: Jf = 0.00e+00, c0 = 8.33e-08, c1 = 0.00e+00, c2 = 1.37e-08, c3 = 7.27e-06, c4 = 0.00e+00, c5 = 1.70e-12, c6 = 0.00e+00, 
Iter 21: Jf = 0.00e+00, c0 = 8.33e-08, c1 = 0.00e+00, c2 = 1.37e-08, c3 = 7.27e-06, c4 = 0.00e+00, c5 = 1.70e-12, c6 = 0.00e+00, 
Iter 22: Jf = 0.00e+00, c0 = 8.33e-08, c1 = 0.00e+00, c2 = 1.37e-08, c3 = 7.27e-06, c4 = 0.00e+00, c5 = 1.70e-12, c6 = 0.00e+00, 
Iter 23: Jf = 0.00e+00, c0 = 8.33e-08, c1 = 0.00e+00, c2 = 1.37e-08, c3 = 7.27e-06, c4 = 0.00e+00, c5 = 1.70e-12, c6 = 0.00e+00, 
Iter 24: Jf = 0.00e+00, c0 = 8.33e-08, c1 = 0.00e+00, c2 = 1.37e-08, c3 = 7.27e-06, c4 = 0.00e+00, c5 = 1.70e-12, c6 = 0.00e+00, 
Iter 25: Jf = 0.00e+00, c0 = 8.33e-08, c1 = 0.00e+00, c2 = 1.37e-08, c3 = 7.27e-06, c4 = 0.00e+00, c5 = 1.70e-12, c6 = 0.00e+00, 
Iter 26: Jf = 0.00e+00, c0 = 8.33e-08, c1 = 0.00e+00, c2 = 1.37e-08, c3 = 7.27e-06, c4 = 0.00e+00, c5 = 1.70e-12, c6 = 0.00e+00, 
Iter 27: Jf = 0.00e+00, c0 = 8.33e-08, c1 = 0.00e+00, c2 = 1.37e-08, c3 = 7.27e-06, c4 = 0.00e+00, c5 = 1.70e-12, c6 = 0.00e+00, 
Iter 28: Jf = 0.00e+00, c0 = 8.33e-08, c1 = 0.00e+00, c2 = 1.37e-08, c3 = 7.27e-06, c4 = 0.00e+00, c5 = 1.70e-12, c6 = 0.00e+00, 
Iter 29: Jf = 0.00e+00, c0 = 8.33e-08, c1 = 0.00e+00, c2 = 1.37e-08, c3 = 7.27e-06, c4 = 0.00e+00, c5 = 1.70e-12, c6 = 0.00e+00, 
Time taken: 1861.5250091552734 seconds
Final CS-Sep constraint: 7.273879972362441e-06
Final CS-sep minimum distance: 0.07398629961867628
Final CC-Sep constraint: 1.369379969323379e-08
Final CC-sep minimum distance: 0.09682202944120386
Final Len constraint: ['3.1', '2.9', '3.0', '3.5', '3.6']
Final Max Curvatures: [np.float64(13.331961963496328), np.float64(10.10601231291156), np.float64(10.041024485758678), np.float64(9.681078856197047), np.float64(8.539304820141146)]
Final MSC constraint: ['16.00', '16.00', '16.00', '16.00', '16.00']
Final Link constraint: 0
Final Lengths: [Array(3.13730794, dtype=float64), Array(2.90263708, dtype=float64), Array(2.99488465, dtype=float64), Array(3.51725745, dtype=float64), Array(3.64316865, dtype=float64)] 16.19525576246263
--------------------------------------------------------------------------------------------------------------------------------------------
FINAL LAGRANGE MULTIPLIERS: [-6.40474632e+10 -4.38461530e-04 -1.05252508e+10 -5.45977386e+09
 -0.00000000e+00 -5.11226161e+03 -0.00000000e+00]
--------------------------------------------------------------------------------------------------------------------------------------------
Final LOW RES NORMALIZED SQUARED FLUX: 8.332847851336231e-08
Finished 100/1000 Out-of-Sample Evaluations
Finished 200/1000 Out-of-Sample Evaluations
Finished 300/1000 Out-of-Sample Evaluations
Finished 400/1000 Out-of-Sample Evaluations
Finished 500/1000 Out-of-Sample Evaluations
Finished 600/1000 Out-of-Sample Evaluations
Finished 700/1000 Out-of-Sample Evaluations
Finished 800/1000 Out-of-Sample Evaluations
Finished 900/1000 Out-of-Sample Evaluations
Finished 1000/1000 Out-of-Sample Evaluations
Flux Objective for exact coils    : 8.333e-08
<B> : 2.761e-01
High Res B_N: 3.681e-03
Out-of-sample flux value                  : 3.712e-05
<B_N>/<|B|> = 1.33e-02, Max BdotN/|B| = 1.04e-01
Quality Number: 0.002

