SLURM job ID: 6271159
Running initial guess perturbation scan
8
output_stage_two_optimization_stochastic_QH5_50nsamp_pert_init_curves
Starting N_SAMPLE LOOP
WARNING:2026-04-14 22:20:31,217:jax._src.xla_bridge:852: An NVIDIA GPU may be present on this machine, but a CUDA-enabled jaxlib is not installed. Falling back to cpu.
WARNING:2026-04-14 22:20:31,261:jax._src.xla_bridge:852: An NVIDIA GPU may be present on this machine, but a CUDA-enabled jaxlib is not installed. Falling back to cpu.
WARNING:2026-04-14 22:20:31,355:jax._src.xla_bridge:852: An NVIDIA GPU may be present on this machine, but a CUDA-enabled jaxlib is not installed. Falling back to cpu.
WARNING:2026-04-14 22:20:31,358:jax._src.xla_bridge:852: An NVIDIA GPU may be present on this machine, but a CUDA-enabled jaxlib is not installed. Falling back to cpu.
WARNING:2026-04-14 22:20:31,365:jax._src.xla_bridge:852: An NVIDIA GPU may be present on this machine, but a CUDA-enabled jaxlib is not installed. Falling back to cpu.
WARNING:2026-04-14 22:20:31,366:jax._src.xla_bridge:852: An NVIDIA GPU may be present on this machine, but a CUDA-enabled jaxlib is not installed. Falling back to cpu.
WARNING:2026-04-14 22:20:31,364:jax._src.xla_bridge:852: An NVIDIA GPU may be present on this machine, but a CUDA-enabled jaxlib is not installed. Falling back to cpu.
WARNING:2026-04-14 22:20:31,375:jax._src.xla_bridge:852: An NVIDIA GPU may be present on this machine, but a CUDA-enabled jaxlib is not installed. Falling back to cpu.
WARNING:2026-04-14 22:20:31,370:jax._src.xla_bridge:852: An NVIDIA GPU may be present on this machine, but a CUDA-enabled jaxlib is not installed. Falling back to cpu.
WARNING:2026-04-14 22:20:31,372:jax._src.xla_bridge:852: An NVIDIA GPU may be present on this machine, but a CUDA-enabled jaxlib is not installed. Falling back to cpu.
WARNING:2026-04-14 22:20:32,514:jax._src.xla_bridge:852: An NVIDIA GPU may be present on this machine, but a CUDA-enabled jaxlib is not installed. Falling back to cpu.
WARNING:2026-04-14 22:20:32,521:jax._src.xla_bridge:852: An NVIDIA GPU may be present on this machine, but a CUDA-enabled jaxlib is not installed. Falling back to cpu.
WARNING:2026-04-14 22:20:32,532:jax._src.xla_bridge:852: An NVIDIA GPU may be present on this machine, but a CUDA-enabled jaxlib is not installed. Falling back to cpu.
WARNING:2026-04-14 22:20:32,532:jax._src.xla_bridge:852: An NVIDIA GPU may be present on this machine, but a CUDA-enabled jaxlib is not installed. Falling back to cpu.
WARNING:2026-04-14 22:20:32,537:jax._src.xla_bridge:852: An NVIDIA GPU may be present on this machine, but a CUDA-enabled jaxlib is not installed. Falling back to cpu.
WARNING:2026-04-14 22:20:32,545:jax._src.xla_bridge:852: An NVIDIA GPU may be present on this machine, but a CUDA-enabled jaxlib is not installed. Falling back to cpu.
WARNING:2026-04-14 22:20:32,551:jax._src.xla_bridge:852: An NVIDIA GPU may be present on this machine, but a CUDA-enabled jaxlib is not installed. Falling back to cpu.
WARNING:2026-04-14 22:20:32,552:jax._src.xla_bridge:852: An NVIDIA GPU may be present on this machine, but a CUDA-enabled jaxlib is not installed. Falling back to cpu.
WARNING:2026-04-14 22:20:32,558:jax._src.xla_bridge:852: An NVIDIA GPU may be present on this machine, but a CUDA-enabled jaxlib is not installed. Falling back to cpu.
WARNING:2026-04-14 22:20:32,568:jax._src.xla_bridge:852: An NVIDIA GPU may be present on this machine, but a CUDA-enabled jaxlib is not installed. Falling back to cpu.
WARNING:2026-04-14 22:20:32,576:jax._src.xla_bridge:852: An NVIDIA GPU may be present on this machine, but a CUDA-enabled jaxlib is not installed. Falling back to cpu.
WARNING:2026-04-14 22:20:32,572:jax._src.xla_bridge:852: An NVIDIA GPU may be present on this machine, but a CUDA-enabled jaxlib is not installed. Falling back to cpu.
WARNING:2026-04-14 22:20:32,570:jax._src.xla_bridge:852: An NVIDIA GPU may be present on this machine, but a CUDA-enabled jaxlib is not installed. Falling back to cpu.
WARNING:2026-04-14 22:20:32,568:jax._src.xla_bridge:852: An NVIDIA GPU may be present on this machine, but a CUDA-enabled jaxlib is not installed. Falling back to cpu.
WARNING:2026-04-14 22:20:32,573:jax._src.xla_bridge:852: An NVIDIA GPU may be present on this machine, but a CUDA-enabled jaxlib is not installed. Falling back to cpu.
WARNING:2026-04-14 22:20:32,569:jax._src.xla_bridge:852: An NVIDIA GPU may be present on this machine, but a CUDA-enabled jaxlib is not installed. Falling back to cpu.
WARNING:2026-04-14 22:20:32,577:jax._src.xla_bridge:852: An NVIDIA GPU may be present on this machine, but a CUDA-enabled jaxlib is not installed. Falling back to cpu.
WARNING:2026-04-14 22:20:32,578:jax._src.xla_bridge:852: An NVIDIA GPU may be present on this machine, but a CUDA-enabled jaxlib is not installed. Falling back to cpu.
WARNING:2026-04-14 22:20:32,578:jax._src.xla_bridge:852: An NVIDIA GPU may be present on this machine, but a CUDA-enabled jaxlib is not installed. Falling back to cpu.
WARNING:2026-04-14 22:20:32,583:jax._src.xla_bridge:852: An NVIDIA GPU may be present on this machine, but a CUDA-enabled jaxlib is not installed. Falling back to cpu.
WARNING:2026-04-14 22:20:32,584:jax._src.xla_bridge:852: An NVIDIA GPU may be present on this machine, but a CUDA-enabled jaxlib is not installed. Falling back to cpu.
WARNING:2026-04-14 22:20:32,593:jax._src.xla_bridge:852: An NVIDIA GPU may be present on this machine, but a CUDA-enabled jaxlib is not installed. Falling back to cpu.

################################################################################
### Perform a Taylor test ######################################################
################################################################################

Iteration 1/2000-----
currents: [100000.0, 100000.0, 100000.0, 100000.0, 100000.0]
J=5.7e-01, ⟨Jf⟩=5.6e-01, ⟨B·n⟩=3.3e-01, Len=sum([3.1, 3.1, 3.1, 3.2, 3.1])=15.7, ϰ=[2.0, 2.0, 2.0, 2.0, 2.0], ∫ϰ²/L>=[4.0, 4.0, 4.0, 4.0, 4.0], C-C-Sep=0.06, ║∇J║=1.6e+00
Iteration 2/2000-----
currents: [100000.0, 100000.000417022, 100000.00072032449, 100000.00000011438, 100000.00030233257]
J=5.7e-01, ⟨Jf⟩=5.6e-01, ⟨B·n⟩=3.3e-01, Len=sum([3.2, 3.1, 3.1, 3.2, 3.1])=15.7, ϰ=[9.3, 8.4, 10.1, 10.0, 9.0], ∫ϰ²/L>=[7.2, 6.7, 7.8, 7.2, 6.6], C-C-Sep=0.06, ║∇J║=1.7e+00
Iteration 3/2000-----
currents: [100000.0, 99999.999582978, 99999.99927967551, 99999.99999988562, 99999.99969766743]
J=5.7e-01, ⟨Jf⟩=5.6e-01, ⟨B·n⟩=3.3e-01, Len=sum([3.2, 3.1, 3.1, 3.2, 3.1])=15.7, ϰ=[7.5, 6.6, 7.8, 8.2, 7.1], ∫ϰ²/L>=[6.9, 6.5, 7.5, 6.9, 6.3], C-C-Sep=0.06, ║∇J║=1.7e+00
err -0.04220691046822023
Iteration 4/2000-----
currents: [100000.0, 100000.0000417022, 100000.00007203245, 100000.00000001144, 100000.00003023326]
J=5.7e-01, ⟨Jf⟩=5.6e-01, ⟨B·n⟩=3.3e-01, Len=sum([3.1, 3.1, 3.1, 3.2, 3.1])=15.7, ϰ=[2.5, 2.5, 2.7, 2.7, 2.5], ∫ϰ²/L>=[4.0, 4.1, 4.1, 4.0, 4.0], C-C-Sep=0.06, ║∇J║=1.6e+00
Iteration 5/2000-----
currents: [100000.0, 99999.9999582978, 99999.99992796755, 99999.99999998856, 99999.99996976674]
J=5.7e-01, ⟨Jf⟩=5.6e-01, ⟨B·n⟩=3.3e-01, Len=sum([3.1, 3.1, 3.1, 3.2, 3.1])=15.7, ϰ=[2.5, 2.5, 2.7, 2.6, 2.5], ∫ϰ²/L>=[4.0, 4.1, 4.1, 4.0, 4.0], C-C-Sep=0.06, ║∇J║=1.6e+00
err -0.0004432551421765796
Iteration 6/2000-----
currents: [100000.0, 100000.00000417022, 100000.00000720324, 100000.00000000115, 100000.00000302332]
J=5.7e-01, ⟨Jf⟩=5.6e-01, ⟨B·n⟩=3.3e-01, Len=sum([3.1, 3.1, 3.1, 3.2, 3.1])=15.7, ϰ=[2.0, 2.1, 2.1, 2.1, 2.1], ∫ϰ²/L>=[4.0, 4.0, 4.0, 4.0, 4.0], C-C-Sep=0.06, ║∇J║=1.6e+00
Iteration 7/2000-----
currents: [100000.0, 99999.99999582978, 99999.99999279676, 99999.99999999885, 99999.99999697668]
J=5.7e-01, ⟨Jf⟩=5.6e-01, ⟨B·n⟩=3.3e-01, Len=sum([3.1, 3.1, 3.1, 3.2, 3.1])=15.7, ϰ=[2.1, 2.1, 2.1, 2.1, 2.1], ∫ϰ²/L>=[4.0, 4.0, 4.0, 4.0, 4.0], C-C-Sep=0.06, ║∇J║=1.6e+00
err -5.0655481225181376e-06
Iteration 8/2000-----
currents: [100000.0, 100000.00000041703, 100000.00000072032, 100000.00000000012, 100000.00000030233]
J=5.7e-01, ⟨Jf⟩=5.6e-01, ⟨B·n⟩=3.3e-01, Len=sum([3.1, 3.1, 3.1, 3.2, 3.1])=15.7, ϰ=[2.0, 2.0, 2.1, 2.0, 2.0], ∫ϰ²/L>=[4.0, 4.0, 4.0, 4.0, 4.0], C-C-Sep=0.06, ║∇J║=1.6e+00
Iteration 9/2000-----
currents: [100000.0, 99999.99999958297, 99999.99999927968, 99999.99999999988, 99999.99999969767]
J=5.7e-01, ⟨Jf⟩=5.6e-01, ⟨B·n⟩=3.3e-01, Len=sum([3.1, 3.1, 3.1, 3.2, 3.1])=15.7, ϰ=[2.0, 2.0, 2.0, 2.0, 2.0], ∫ϰ²/L>=[4.0, 4.0, 4.0, 4.0, 4.0], C-C-Sep=0.06, ║∇J║=1.6e+00
err -4.9055345674453577e-08
Iteration 10/2000-----
currents: [100000.0, 100000.0000000417, 100000.00000007203, 100000.00000000001, 100000.00000003024]
J=5.7e-01, ⟨Jf⟩=5.6e-01, ⟨B·n⟩=3.3e-01, Len=sum([3.1, 3.1, 3.1, 3.2, 3.1])=15.7, ϰ=[2.0, 2.0, 2.0, 2.0, 2.0], ∫ϰ²/L>=[4.0, 4.0, 4.0, 4.0, 4.0], C-C-Sep=0.06, ║∇J║=1.6e+00
Iteration 11/2000-----
currents: [100000.0, 99999.9999999583, 99999.99999992797, 99999.99999999999, 99999.99999996976]
J=5.7e-01, ⟨Jf⟩=5.6e-01, ⟨B·n⟩=3.3e-01, Len=sum([3.1, 3.1, 3.1, 3.2, 3.1])=15.7, ϰ=[2.0, 2.0, 2.0, 2.0, 2.0], ∫ϰ²/L>=[4.0, 4.0, 4.0, 4.0, 4.0], C-C-Sep=0.06, ║∇J║=1.6e+00
err -2.6104374217794657e-10

################################################################################
### Run the optimisation #######################################################
################################################################################

Iteration 1/2000-----
currents: [100000.0, 100000.0, 100000.0, 100000.0, 100000.0]
J=5.7e-01, ⟨Jf⟩=5.6e-01, ⟨B·n⟩=3.3e-01, Len=sum([3.1, 3.1, 3.1, 3.2, 3.1])=15.7, ϰ=[2.0, 2.0, 2.0, 2.0, 2.0], ∫ϰ²/L>=[4.0, 4.0, 4.0, 4.0, 4.0], C-C-Sep=0.06, ║∇J║=1.6e+00
Iteration 2/2000-----
currents: [100000.0, 99999.99999854986, 99999.99999862931, 99999.99999872729, 99999.99999876173]
J=1.3e+04, ⟨Jf⟩=3.7e-02, ⟨B·n⟩=8.5e-02, Len=sum([3.4, 3.8, 4.8, 4.1, 4.7])=20.8, ϰ=[11.6, 5.8, 9.8, 28.8, 3.2], ∫ϰ²/L>=[10.2, 6.9, 6.0, 13.6, 4.1], C-C-Sep=0.01, ║∇J║=3.8e+00
Iteration 3/2000-----
currents: [100000.0, 99999.99999999997, 99999.99999999997, 99999.99999999997, 99999.99999999997]
J=5.7e-01, ⟨Jf⟩=5.6e-01, ⟨B·n⟩=3.3e-01, Len=sum([3.1, 3.1, 3.1, 3.2, 3.1])=15.7, ϰ=[2.0, 2.0, 2.0, 2.0, 2.0], ∫ϰ²/L>=[4.0, 4.0, 4.0, 4.0, 4.0], C-C-Sep=0.06, ║∇J║=1.6e+00
Iteration 4/2000-----
currents: [100000.0, 99999.9999998151, 99999.99999982523, 99999.99999983772, 99999.99999984211]
J=4.3e-01, ⟨Jf⟩=4.1e-01, ⟨B·n⟩=2.8e-01, Len=sum([3.1, 3.1, 3.2, 3.2, 3.2])=15.8, ϰ=[2.3, 2.9, 3.3, 3.3, 3.6], ∫ϰ²/L>=[4.1, 4.2, 4.6, 4.3, 4.6], C-C-Sep=0.01, ║∇J║=1.5e+00
Iteration 5/2000-----
currents: [100000.0, 99999.99999938575, 99999.9999994336, 99999.99999946874, 99999.99999949147]
J=2.8e-01, ⟨Jf⟩=2.0e-01, ⟨B·n⟩=2.0e-01, Len=sum([3.1, 3.2, 3.4, 3.4, 3.5])=16.6, ϰ=[8.2, 14.4, 9.4, 9.1, 6.4], ∫ϰ²/L>=[8.1, 11.3, 10.2, 7.5, 6.5], C-C-Sep=0.00, ║∇J║=2.9e+00
Iteration 6/2000-----
currents: [100000.0, 99999.99999880792, 99999.99999890999, 99999.99999897621, 99999.99999902288]
J=2.4e+03, ⟨Jf⟩=5.2e-02, ⟨B·n⟩=1.1e-01, Len=sum([3.4, 3.7, 3.9, 3.8, 3.9])=18.8, ϰ=[388.5, 53.8, 24.8, 26.5, 10.4], ∫ϰ²/L>=[225.3, 64.9, 19.6, 14.0, 8.1], C-C-Sep=0.01, ║∇J║=2.7e+00
Iteration 7/2000-----
currents: [100000.0, 99999.99999938573, 99999.99999943358, 99999.99999946872, 99999.99999949145]
J=2.8e-01, ⟨Jf⟩=2.0e-01, ⟨B·n⟩=2.0e-01, Len=sum([3.1, 3.2, 3.4, 3.4, 3.5])=16.6, ϰ=[8.2, 14.4, 9.4, 9.1, 6.4], ∫ϰ²/L>=[8.1, 11.3, 10.2, 7.5, 6.5], C-C-Sep=0.00, ║∇J║=2.9e+00
Iteration 8/2000-----
currents: [100000.0, 99999.99999927616, 99999.99999933428, 99999.99999937533, 99999.9999994026]
J=4.0e+02, ⟨Jf⟩=1.6e-01, ⟨B·n⟩=1.8e-01, Len=sum([3.1, 3.3, 3.5, 3.5, 3.5])=16.9, ϰ=[10.5, 16.1, 9.8, 11.9, 7.2], ∫ϰ²/L>=[8.6, 13.8, 10.9, 8.4, 6.8], C-C-Sep=0.01, ║∇J║=2.0e+00
Iteration 9/2000-----
currents: [100000.0, 99999.99999938573, 99999.99999943358, 99999.99999946872, 99999.99999949145]
J=2.8e-01, ⟨Jf⟩=2.0e-01, ⟨B·n⟩=2.0e-01, Len=sum([3.1, 3.2, 3.4, 3.4, 3.5])=16.6, ϰ=[8.2, 14.4, 9.4, 9.1, 6.4], ∫ϰ²/L>=[8.1, 11.3, 10.2, 7.5, 6.5], C-C-Sep=0.00, ║∇J║=2.9e+00
Iteration 10/2000-----
currents: [100000.0, 99999.99999931341, 99999.99999936804, 99999.99999940708, 99999.99999943281]
J=4.0e+02, ⟨Jf⟩=1.8e-01, ⟨B·n⟩=1.9e-01, Len=sum([3.1, 3.3, 3.4, 3.4, 3.5])=16.8, ϰ=[9.3, 15.6, 9.5, 10.9, 7.0], ∫ϰ²/L>=[7.4, 12.2, 10.6, 8.1, 6.7], C-C-Sep=0.01, ║∇J║=2.3e+00
Iteration 11/2000-----
currents: [100000.0, 99999.99999938573, 99999.99999943358, 99999.99999946872, 99999.99999949145]
J=2.8e-01, ⟨Jf⟩=2.0e-01, ⟨B·n⟩=2.0e-01, Len=sum([3.1, 3.2, 3.4, 3.4, 3.5])=16.6, ϰ=[8.2, 14.4, 9.4, 9.1, 6.4], ∫ϰ²/L>=[8.1, 11.3, 10.2, 7.5, 6.5], C-C-Sep=0.00, ║∇J║=2.9e+00
Iteration 12/2000-----
currents: [100000.0, 99999.99999933822, 99999.99999939054, 99999.99999942823, 99999.99999945294]
J=4.0e+02, ⟨Jf⟩=1.9e-01, ⟨B·n⟩=1.9e-01, Len=sum([3.1, 3.3, 3.4, 3.4, 3.5])=16.7, ϰ=[8.6, 15.1, 9.4, 10.3, 6.8], ∫ϰ²/L>=[7.2, 11.6, 10.5, 7.8, 6.6], C-C-Sep=0.01, ║∇J║=2.4e+00
Iteration 13/2000-----
currents: [100000.0, 99999.99999938573, 99999.99999943358, 99999.99999946872, 99999.99999949145]
J=2.8e-01, ⟨Jf⟩=2.0e-01, ⟨B·n⟩=2.0e-01, Len=sum([3.1, 3.2, 3.4, 3.4, 3.5])=16.6, ϰ=[8.2, 14.4, 9.4, 9.1, 6.4], ∫ϰ²/L>=[8.1, 11.3, 10.2, 7.5, 6.5], C-C-Sep=0.00, ║∇J║=2.9e+00
Iteration 14/2000-----
currents: [100000.0, 99999.99999935438, 99999.99999940518, 99999.99999944199, 99999.99999946603]
J=4.0e+02, ⟨Jf⟩=1.9e-01, ⟨B·n⟩=2.0e-01, Len=sum([3.1, 3.3, 3.4, 3.4, 3.5])=16.7, ϰ=[8.1, 14.7, 9.4, 9.9, 6.6], ∫ϰ²/L>=[7.4, 11.3, 10.4, 7.7, 6.6], C-C-Sep=0.01, ║∇J║=2.6e+00
Iteration 15/2000-----
currents: [100000.0, 99999.99999938573, 99999.99999943358, 99999.99999946872, 99999.99999949145]
J=2.8e-01, ⟨Jf⟩=2.0e-01, ⟨B·n⟩=2.0e-01, Len=sum([3.1, 3.2, 3.4, 3.4, 3.5])=16.6, ϰ=[8.2, 14.4, 9.4, 9.1, 6.4], ∫ϰ²/L>=[8.1, 11.3, 10.2, 7.5, 6.5], C-C-Sep=0.00, ║∇J║=2.9e+00
Iteration 16/2000-----
currents: [100000.0, 99999.99999938266, 99999.9999994308, 99999.99999946612, 99999.99999948897]
J=2.7e-01, ⟨Jf⟩=2.0e-01, ⟨B·n⟩=2.0e-01, Len=sum([3.1, 3.2, 3.4, 3.4, 3.5])=16.6, ϰ=[8.1, 14.4, 9.4, 9.2, 6.4], ∫ϰ²/L>=[8.0, 11.3, 10.2, 7.5, 6.5], C-C-Sep=0.01, ║∇J║=2.9e+00
Iteration 17/2000-----
currents: [100000.0, 99999.99999936852, 99999.99999941798, 99999.99999945406, 99999.9999994775]
J=4.0e+02, ⟨Jf⟩=2.0e-01, ⟨B·n⟩=2.0e-01, Len=sum([3.1, 3.2, 3.4, 3.4, 3.5])=16.6, ϰ=[7.7, 14.4, 9.4, 9.5, 6.5], ∫ϰ²/L>=[7.6, 11.2, 10.3, 7.6, 6.5], C-C-Sep=0.01, ║∇J║=2.7e+00
Iteration 18/2000-----
currents: [100000.0, 99999.99999938266, 99999.9999994308, 99999.99999946612, 99999.99999948897]
J=2.7e-01, ⟨Jf⟩=2.0e-01, ⟨B·n⟩=2.0e-01, Len=sum([3.1, 3.2, 3.4, 3.4, 3.5])=16.6, ϰ=[8.1, 14.4, 9.4, 9.2, 6.4], ∫ϰ²/L>=[8.0, 11.3, 10.2, 7.5, 6.5], C-C-Sep=0.01, ║∇J║=2.9e+00
Iteration 19/2000-----
currents: [100000.0, 99999.99999938204, 99999.99999943023, 99999.99999946558, 99999.99999948847]
J=2.7e-01, ⟨Jf⟩=2.0e-01, ⟨B·n⟩=2.0e-01, Len=sum([3.1, 3.2, 3.4, 3.4, 3.5])=16.6, ϰ=[8.1, 14.4, 9.4, 9.2, 6.4], ∫ϰ²/L>=[8.0, 11.3, 10.2, 7.5, 6.5], C-C-Sep=0.01, ║∇J║=2.9e+00
Iteration 20/2000-----
currents: [100000.0, 99999.99999937529, 99999.99999942411, 99999.99999945982, 99999.99999948299]
J=4.0e+02, ⟨Jf⟩=2.0e-01, ⟨B·n⟩=2.0e-01, Len=sum([3.1, 3.2, 3.4, 3.4, 3.5])=16.6, ϰ=[7.9, 14.4, 9.4, 9.3, 6.5], ∫ϰ²/L>=[7.8, 11.2, 10.3, 7.5, 6.5], C-C-Sep=0.01, ║∇J║=2.8e+00
Iteration 21/2000-----
currents: [100000.0, 99999.99999938204, 99999.99999943023, 99999.99999946558, 99999.99999948847]
J=2.7e-01, ⟨Jf⟩=2.0e-01, ⟨B·n⟩=2.0e-01, Len=sum([3.1, 3.2, 3.4, 3.4, 3.5])=16.6, ϰ=[8.1, 14.4, 9.4, 9.2, 6.4], ∫ϰ²/L>=[8.0, 11.3, 10.2, 7.5, 6.5], C-C-Sep=0.01, ║∇J║=2.9e+00
Iteration 22/2000-----
currents: [100000.0, 99999.99999937759, 99999.99999942619, 99999.99999946178, 99999.99999948485]
J=4.0e+02, ⟨Jf⟩=2.0e-01, ⟨B·n⟩=2.0e-01, Len=sum([3.1, 3.2, 3.4, 3.4, 3.5])=16.6, ϰ=[7.9, 14.4, 9.4, 9.3, 6.5], ∫ϰ²/L>=[7.9, 11.2, 10.3, 7.5, 6.5], C-C-Sep=0.01, ║∇J║=2.8e+00
Iteration 23/2000-----
currents: [100000.0, 99999.99999938204, 99999.99999943023, 99999.99999946558, 99999.99999948847]
J=2.7e-01, ⟨Jf⟩=2.0e-01, ⟨B·n⟩=2.0e-01, Len=sum([3.1, 3.2, 3.4, 3.4, 3.5])=16.6, ϰ=[8.1, 14.4, 9.4, 9.2, 6.4], ∫ϰ²/L>=[8.0, 11.3, 10.2, 7.5, 6.5], C-C-Sep=0.01, ║∇J║=2.9e+00
Iteration 24/2000-----
currents: [100000.0, 99999.9999993791, 99999.99999942757, 99999.99999946308, 99999.99999948607]
J=4.0e+02, ⟨Jf⟩=2.0e-01, ⟨B·n⟩=2.0e-01, Len=sum([3.1, 3.2, 3.4, 3.4, 3.5])=16.6, ϰ=[8.0, 14.4, 9.4, 9.2, 6.4], ∫ϰ²/L>=[7.9, 11.2, 10.3, 7.5, 6.5], C-C-Sep=0.01, ║∇J║=2.8e+00
Iteration 25/2000-----
currents: [100000.0, 99999.99999938204, 99999.99999943023, 99999.99999946558, 99999.99999948847]
J=2.7e-01, ⟨Jf⟩=2.0e-01, ⟨B·n⟩=2.0e-01, Len=sum([3.1, 3.2, 3.4, 3.4, 3.5])=16.6, ϰ=[8.1, 14.4, 9.4, 9.2, 6.4], ∫ϰ²/L>=[8.0, 11.3, 10.2, 7.5, 6.5], C-C-Sep=0.01, ║∇J║=2.9e+00
Iteration 26/2000-----
currents: [100000.0, 99999.99999845546, 99999.99999871339, 99999.99999880622, 99999.9999988585]
J=2.2e+04, ⟨Jf⟩=2.2e-01, ⟨B·n⟩=1.8e-01, Len=sum([29.1, 25.7, 12.9, 6.9, 5.6])=80.2, ϰ=[921.8, 14094.7, 349.2, 215.6, 111.8], ∫ϰ²/L>=[189.6, 8075.6, 200.2, 286.4, 115.0], C-C-Sep=0.01, ║∇J║=3.2e+03
Iteration 27/2000-----
currents: [100000.0, 99999.99999938569, 99999.99999943355, 99999.9999994687, 99999.99999949143]
J=2.7e-01, ⟨Jf⟩=2.0e-01, ⟨B·n⟩=2.0e-01, Len=sum([3.1, 3.2, 3.4, 3.4, 3.5])=16.6, ϰ=[8.1, 14.4, 9.4, 9.1, 6.4], ∫ϰ²/L>=[8.0, 11.2, 10.2, 7.5, 6.5], C-C-Sep=0.00, ║∇J║=2.9e+00
Iteration 28/2000-----
currents: [100000.0, 99999.9999993806, 99999.99999942961, 99999.99999946507, 99999.99999948796]
J=4.0e+02, ⟨Jf⟩=2.0e-01, ⟨B·n⟩=2.0e-01, Len=sum([3.1, 3.2, 3.4, 3.4, 3.5])=16.5, ϰ=[7.4, 11.1, 8.2, 8.2, 5.8], ∫ϰ²/L>=[7.2, 11.0, 9.4, 7.2, 6.3], C-C-Sep=0.01, ║∇J║=1.5e+00
Iteration 29/2000-----
currents: [100000.0, 99999.99999938569, 99999.99999943355, 99999.9999994687, 99999.99999949143]
J=2.7e-01, ⟨Jf⟩=2.0e-01, ⟨B·n⟩=2.0e-01, Len=sum([3.1, 3.2, 3.4, 3.4, 3.5])=16.6, ϰ=[8.1, 14.4, 9.4, 9.1, 6.4], ∫ϰ²/L>=[8.0, 11.2, 10.2, 7.5, 6.5], C-C-Sep=0.00, ║∇J║=2.9e+00
Iteration 30/2000-----
currents: [100000.0, 99999.99999938233, 99999.99999943095, 99999.99999946631, 99999.99999948914]
J=4.0e+02, ⟨Jf⟩=2.0e-01, ⟨B·n⟩=2.0e-01, Len=sum([3.1, 3.2, 3.4, 3.4, 3.5])=16.6, ϰ=[7.4, 12.2, 8.5, 8.5, 6.0], ∫ϰ²/L>=[6.5, 10.4, 9.6, 7.3, 6.4], C-C-Sep=0.01, ║∇J║=1.8e+00
Iteration 31/2000-----
currents: [100000.0, 99999.99999938569, 99999.99999943355, 99999.9999994687, 99999.99999949143]
J=2.7e-01, ⟨Jf⟩=2.0e-01, ⟨B·n⟩=2.0e-01, Len=sum([3.1, 3.2, 3.4, 3.4, 3.5])=16.6, ϰ=[8.1, 14.4, 9.4, 9.1, 6.4], ∫ϰ²/L>=[8.0, 11.2, 10.2, 7.5, 6.5], C-C-Sep=0.00, ║∇J║=2.9e+00
Iteration 32/2000-----
currents: [100000.0, 99999.99999938346, 99999.99999943184, 99999.99999946712, 99999.99999948991]
J=4.0e+02, ⟨Jf⟩=2.0e-01, ⟨B·n⟩=2.0e-01, Len=sum([3.1, 3.2, 3.4, 3.4, 3.5])=16.6, ϰ=[7.3, 12.9, 8.8, 8.7, 6.1], ∫ϰ²/L>=[6.6, 10.4, 9.8, 7.3, 6.4], C-C-Sep=0.01, ║∇J║=2.2e+00
Iteration 33/2000-----
currents: [100000.0, 99999.99999938569, 99999.99999943355, 99999.9999994687, 99999.99999949143]
J=2.7e-01, ⟨Jf⟩=2.0e-01, ⟨B·n⟩=2.0e-01, Len=sum([3.1, 3.2, 3.4, 3.4, 3.5])=16.6, ϰ=[8.1, 14.4, 9.4, 9.1, 6.4], ∫ϰ²/L>=[8.0, 11.2, 10.2, 7.5, 6.5], C-C-Sep=0.00, ║∇J║=2.9e+00
Iteration 34/2000-----
currents: [100000.0, 99999.99999938544, 99999.99999943336, 99999.99999946852, 99999.99999949127]
J=4.0e+02, ⟨Jf⟩=2.0e-01, ⟨B·n⟩=2.0e-01, Len=sum([3.1, 3.2, 3.4, 3.4, 3.5])=16.6, ϰ=[7.9, 14.2, 9.3, 9.0, 6.3], ∫ϰ²/L>=[7.8, 11.1, 10.2, 7.4, 6.5], C-C-Sep=0.00, ║∇J║=2.8e+00
Iteration 35/2000-----
currents: [100000.0, 99999.99999938569, 99999.99999943355, 99999.9999994687, 99999.99999949143]
J=2.7e-01, ⟨Jf⟩=2.0e-01, ⟨B·n⟩=2.0e-01, Len=sum([3.1, 3.2, 3.4, 3.4, 3.5])=16.6, ϰ=[8.1, 14.4, 9.4, 9.1, 6.4], ∫ϰ²/L>=[8.0, 11.2, 10.2, 7.5, 6.5], C-C-Sep=0.00, ║∇J║=2.9e+00
Iteration 36/2000-----
currents: [100000.0, 99999.99999938553, 99999.99999943342, 99999.99999946858, 99999.99999949132]
J=4.0e+02, ⟨Jf⟩=2.0e-01, ⟨B·n⟩=2.0e-01, Len=sum([3.1, 3.2, 3.4, 3.4, 3.5])=16.6, ϰ=[8.0, 14.3, 9.4, 9.1, 6.4], ∫ϰ²/L>=[7.9, 11.1, 10.2, 7.5, 6.5], C-C-Sep=0.00, ║∇J║=2.8e+00
Iteration 37/2000-----
currents: [100000.0, 99999.99999938569, 99999.99999943355, 99999.9999994687, 99999.99999949143]
J=2.7e-01, ⟨Jf⟩=2.0e-01, ⟨B·n⟩=2.0e-01, Len=sum([3.1, 3.2, 3.4, 3.4, 3.5])=16.6, ϰ=[8.1, 14.4, 9.4, 9.1, 6.4], ∫ϰ²/L>=[8.0, 11.2, 10.2, 7.5, 6.5], C-C-Sep=0.00, ║∇J║=2.9e+00
Iteration 38/2000-----
currents: [100000.0, 99999.99999938569, 99999.99999943355, 99999.9999994687, 99999.99999949143]
J=2.7e-01, ⟨Jf⟩=2.0e-01, ⟨B·n⟩=2.0e-01, Len=sum([3.1, 3.2, 3.4, 3.4, 3.5])=16.6, ϰ=[8.1, 14.4, 9.4, 9.1, 6.4], ∫ϰ²/L>=[8.0, 11.2, 10.2, 7.5, 6.5], C-C-Sep=0.00, ║∇J║=2.9e+00
Iteration 39/2000-----
currents: [100000.0, 99999.9999993856, 99999.9999994335, 99999.99999946864, 99999.99999949137]
J=4.0e+02, ⟨Jf⟩=2.0e-01, ⟨B·n⟩=2.0e-01, Len=sum([3.1, 3.2, 3.4, 3.4, 3.5])=16.6, ϰ=[8.1, 14.3, 9.4, 9.1, 6.4], ∫ϰ²/L>=[8.0, 11.2, 10.2, 7.5, 6.5], C-C-Sep=0.00, ║∇J║=2.9e+00
Iteration 40/2000-----
currents: [100000.0, 99999.99999938569, 99999.99999943355, 99999.9999994687, 99999.99999949143]
J=2.7e-01, ⟨Jf⟩=2.0e-01, ⟨B·n⟩=2.0e-01, Len=sum([3.1, 3.2, 3.4, 3.4, 3.5])=16.6, ϰ=[8.1, 14.4, 9.4, 9.1, 6.4], ∫ϰ²/L>=[8.0, 11.2, 10.2, 7.5, 6.5], C-C-Sep=0.00, ║∇J║=2.9e+00
Iteration 41/2000-----
currents: [100000.0, 99999.99999938563, 99999.99999943351, 99999.99999946867, 99999.9999994914]
J=2.7e-01, ⟨Jf⟩=2.0e-01, ⟨B·n⟩=2.0e-01, Len=sum([3.1, 3.2, 3.4, 3.4, 3.5])=16.6, ϰ=[8.1, 14.4, 9.4, 9.1, 6.4], ∫ϰ²/L>=[8.0, 11.2, 10.2, 7.5, 6.5], C-C-Sep=0.00, ║∇J║=2.9e+00
Iteration 42/2000-----
currents: [100000.0, 99999.99999938562, 99999.9999994335, 99999.99999946865, 99999.99999949138]
J=4.0e+02, ⟨Jf⟩=2.0e-01, ⟨B·n⟩=2.0e-01, Len=sum([3.1, 3.2, 3.4, 3.4, 3.5])=16.6, ϰ=[8.1, 14.3, 9.4, 9.1, 6.4], ∫ϰ²/L>=[8.0, 11.2, 10.2, 7.5, 6.5], C-C-Sep=0.00, ║∇J║=2.9e+00
Iteration 43/2000-----
currents: [100000.0, 99999.99999938563, 99999.99999943351, 99999.99999946867, 99999.9999994914]
J=2.7e-01, ⟨Jf⟩=2.0e-01, ⟨B·n⟩=2.0e-01, Len=sum([3.1, 3.2, 3.4, 3.4, 3.5])=16.6, ϰ=[8.1, 14.4, 9.4, 9.1, 6.4], ∫ϰ²/L>=[8.0, 11.2, 10.2, 7.5, 6.5], C-C-Sep=0.00, ║∇J║=2.9e+00
Iteration 44/2000-----
currents: [100000.0, 99999.99999938562, 99999.9999994335, 99999.99999946865, 99999.99999949138]
J=4.0e+02, ⟨Jf⟩=2.0e-01, ⟨B·n⟩=2.0e-01, Len=sum([3.1, 3.2, 3.4, 3.4, 3.5])=16.6, ϰ=[8.1, 14.3, 9.4, 9.1, 6.4], ∫ϰ²/L>=[8.0, 11.2, 10.2, 7.5, 6.5], C-C-Sep=0.00, ║∇J║=2.9e+00
Iteration 45/2000-----
currents: [100000.0, 99999.99999938563, 99999.99999943351, 99999.99999946867, 99999.9999994914]
J=2.7e-01, ⟨Jf⟩=2.0e-01, ⟨B·n⟩=2.0e-01, Len=sum([3.1, 3.2, 3.4, 3.4, 3.5])=16.6, ϰ=[8.1, 14.4, 9.4, 9.1, 6.4], ∫ϰ²/L>=[8.0, 11.2, 10.2, 7.5, 6.5], C-C-Sep=0.00, ║∇J║=2.9e+00
Iteration 46/2000-----
currents: [100000.0, 99999.999999365, 99999.99999941766, 99999.99999945404, 99999.99999947744]
J=4.0e+02, ⟨Jf⟩=1.9e-01, ⟨B·n⟩=2.0e-01, Len=sum([3.1, 3.3, 3.4, 3.4, 3.4])=16.5, ϰ=[12.8, 22.3, 7.4, 7.4, 4.6], ∫ϰ²/L>=[15.8, 18.6, 9.2, 7.3, 6.2], C-C-Sep=0.05, ║∇J║=1.0e+00
Iteration 47/2000-----
currents: [100000.0, 99999.99999938563, 99999.99999943351, 99999.99999946867, 99999.9999994914]
J=2.7e-01, ⟨Jf⟩=2.0e-01, ⟨B·n⟩=2.0e-01, Len=sum([3.1, 3.2, 3.4, 3.4, 3.5])=16.6, ϰ=[8.1, 14.4, 9.4, 9.1, 6.4], ∫ϰ²/L>=[8.0, 11.2, 10.2, 7.5, 6.5], C-C-Sep=0.00, ║∇J║=2.9e+00
Iteration 48/2000-----
currents: [100000.0, 99999.99999937887, 99999.99999942831, 99999.99999946386, 99999.99999948683]
J=4.0e+02, ⟨Jf⟩=2.0e-01, ⟨B·n⟩=2.0e-01, Len=sum([3.1, 3.2, 3.4, 3.4, 3.4])=16.5, ϰ=[6.2, 5.8, 7.7, 8.1, 5.6], ∫ϰ²/L>=[6.4, 7.9, 9.2, 7.1, 6.3], C-C-Sep=0.02, ║∇J║=1.4e+00
Iteration 49/2000-----
currents: [100000.0, 99999.99999938563, 99999.99999943351, 99999.99999946867, 99999.9999994914]
J=2.7e-01, ⟨Jf⟩=2.0e-01, ⟨B·n⟩=2.0e-01, Len=sum([3.1, 3.2, 3.4, 3.4, 3.5])=16.6, ϰ=[8.1, 14.4, 9.4, 9.1, 6.4], ∫ϰ²/L>=[8.0, 11.2, 10.2, 7.5, 6.5], C-C-Sep=0.00, ║∇J║=2.9e+00
Iteration 50/2000-----
currents: [100000.0, 99999.99999938117, 99999.99999943007, 99999.9999994655, 99999.99999948837]
J=4.0e+02, ⟨Jf⟩=2.0e-01, ⟨B·n⟩=2.0e-01, Len=sum([3.1, 3.2, 3.4, 3.4, 3.5])=16.6, ϰ=[6.2, 8.8, 8.2, 8.4, 5.9], ∫ϰ²/L>=[6.5, 8.5, 9.5, 7.2, 6.4], C-C-Sep=0.01, ║∇J║=1.9e+00
Iteration 51/2000-----
currents: [100000.0, 99999.99999938563, 99999.99999943351, 99999.99999946867, 99999.9999994914]
J=2.7e-01, ⟨Jf⟩=2.0e-01, ⟨B·n⟩=2.0e-01, Len=sum([3.1, 3.2, 3.4, 3.4, 3.5])=16.6, ϰ=[8.1, 14.4, 9.4, 9.1, 6.4], ∫ϰ²/L>=[8.0, 11.2, 10.2, 7.5, 6.5], C-C-Sep=0.00, ║∇J║=2.9e+00
Iteration 52/2000-----
currents: [100000.0, 99999.99999938268, 99999.99999943124, 99999.99999946657, 99999.9999994894]
J=4.0e+02, ⟨Jf⟩=2.0e-01, ⟨B·n⟩=2.0e-01, Len=sum([3.1, 3.2, 3.4, 3.4, 3.5])=16.6, ϰ=[6.7, 10.7, 8.6, 8.6, 6.0], ∫ϰ²/L>=[6.9, 9.2, 9.7, 7.3, 6.4], C-C-Sep=0.01, ║∇J║=2.3e+00
Iteration 53/2000-----
currents: [100000.0, 99999.99999938563, 99999.99999943351, 99999.99999946867, 99999.9999994914]
J=2.7e-01, ⟨Jf⟩=2.0e-01, ⟨B·n⟩=2.0e-01, Len=sum([3.1, 3.2, 3.4, 3.4, 3.5])=16.6, ϰ=[8.1, 14.4, 9.4, 9.1, 6.4], ∫ϰ²/L>=[8.0, 11.2, 10.2, 7.5, 6.5], C-C-Sep=0.00, ║∇J║=2.9e+00
Iteration 54/2000-----
currents: [100000.0, 99999.99999938536, 99999.99999943329, 99999.99999946846, 99999.9999994912]
J=4.0e+02, ⟨Jf⟩=2.0e-01, ⟨B·n⟩=2.0e-01, Len=sum([3.1, 3.2, 3.4, 3.4, 3.5])=16.6, ϰ=[7.9, 14.0, 9.3, 9.0, 6.3], ∫ϰ²/L>=[7.9, 11.0, 10.2, 7.4, 6.5], C-C-Sep=0.00, ║∇J║=2.8e+00
Iteration 55/2000-----
currents: [100000.0, 99999.99999938563, 99999.99999943351, 99999.99999946867, 99999.9999994914]
J=2.7e-01, ⟨Jf⟩=2.0e-01, ⟨B·n⟩=2.0e-01, Len=sum([3.1, 3.2, 3.4, 3.4, 3.5])=16.6, ϰ=[8.1, 14.4, 9.4, 9.1, 6.4], ∫ϰ²/L>=[8.0, 11.2, 10.2, 7.5, 6.5], C-C-Sep=0.00, ║∇J║=2.9e+00
Iteration 56/2000-----
currents: [100000.0, 99999.99999938544, 99999.99999943336, 99999.99999946853, 99999.99999949127]
J=4.0e+02, ⟨Jf⟩=2.0e-01, ⟨B·n⟩=2.0e-01, Len=sum([3.1, 3.2, 3.4, 3.4, 3.5])=16.6, ϰ=[8.0, 14.1, 9.4, 9.0, 6.4], ∫ϰ²/L>=[7.9, 11.1, 10.2, 7.4, 6.5], C-C-Sep=0.00, ║∇J║=2.8e+00
Iteration 57/2000-----
currents: [100000.0, 99999.99999938563, 99999.99999943351, 99999.99999946867, 99999.9999994914]
J=2.7e-01, ⟨Jf⟩=2.0e-01, ⟨B·n⟩=2.0e-01, Len=sum([3.1, 3.2, 3.4, 3.4, 3.5])=16.6, ϰ=[8.1, 14.4, 9.4, 9.1, 6.4], ∫ϰ²/L>=[8.0, 11.2, 10.2, 7.5, 6.5], C-C-Sep=0.00, ║∇J║=2.9e+00
Iteration 58/2000-----
currents: [100000.0, 99999.99999938563, 99999.99999943351, 99999.99999946867, 99999.9999994914]
J=2.7e-01, ⟨Jf⟩=2.0e-01, ⟨B·n⟩=2.0e-01, Len=sum([3.1, 3.2, 3.4, 3.4, 3.5])=16.6, ϰ=[8.1, 14.4, 9.4, 9.1, 6.4], ∫ϰ²/L>=[8.0, 11.2, 10.2, 7.5, 6.5], C-C-Sep=0.00, ║∇J║=2.9e+00
Iteration 59/2000-----
currents: [100000.0, 99999.99999938553, 99999.99999943344, 99999.9999994686, 99999.99999949134]
J=4.0e+02, ⟨Jf⟩=2.0e-01, ⟨B·n⟩=2.0e-01, Len=sum([3.1, 3.2, 3.4, 3.4, 3.5])=16.6, ϰ=[8.0, 14.2, 9.4, 9.1, 6.4], ∫ϰ²/L>=[8.0, 11.1, 10.2, 7.5, 6.5], C-C-Sep=0.00, ║∇J║=2.8e+00
Iteration 60/2000-----
currents: [100000.0, 99999.99999938563, 99999.99999943351, 99999.99999946867, 99999.9999994914]
J=2.7e-01, ⟨Jf⟩=2.0e-01, ⟨B·n⟩=2.0e-01, Len=sum([3.1, 3.2, 3.4, 3.4, 3.5])=16.6, ϰ=[8.1, 14.4, 9.4, 9.1, 6.4], ∫ϰ²/L>=[8.0, 11.2, 10.2, 7.5, 6.5], C-C-Sep=0.00, ║∇J║=2.9e+00
Iteration 61/2000-----
currents: [100000.0, 99999.99999938557, 99999.99999943346, 99999.99999946862, 99999.99999949135]
J=4.0e+02, ⟨Jf⟩=2.0e-01, ⟨B·n⟩=2.0e-01, Len=sum([3.1, 3.2, 3.4, 3.4, 3.5])=16.6, ϰ=[8.1, 14.3, 9.4, 9.1, 6.4], ∫ϰ²/L>=[8.0, 11.2, 10.2, 7.5, 6.5], C-C-Sep=0.00, ║∇J║=2.9e+00
Iteration 62/2000-----
currents: [100000.0, 99999.99999938563, 99999.99999943351, 99999.99999946867, 99999.9999994914]
J=2.7e-01, ⟨Jf⟩=2.0e-01, ⟨B·n⟩=2.0e-01, Len=sum([3.1, 3.2, 3.4, 3.4, 3.5])=16.6, ϰ=[8.1, 14.4, 9.4, 9.1, 6.4], ∫ϰ²/L>=[8.0, 11.2, 10.2, 7.5, 6.5], C-C-Sep=0.00, ║∇J║=2.9e+00
Iteration 63/2000-----
currents: [100000.0, 99999.99999938563, 99999.99999943351, 99999.99999946867, 99999.9999994914]
J=2.7e-01, ⟨Jf⟩=2.0e-01, ⟨B·n⟩=2.0e-01, Len=sum([3.1, 3.2, 3.4, 3.4, 3.5])=16.6, ϰ=[8.1, 14.4, 9.4, 9.1, 6.4], ∫ϰ²/L>=[8.0, 11.2, 10.2, 7.5, 6.5], C-C-Sep=0.00, ║∇J║=2.9e+00
Iteration 64/2000-----
currents: [100000.0, 99999.9999993856, 99999.99999943348, 99999.99999946864, 99999.99999949138]
J=4.0e+02, ⟨Jf⟩=2.0e-01, ⟨B·n⟩=2.0e-01, Len=sum([3.1, 3.2, 3.4, 3.4, 3.5])=16.6, ϰ=[8.1, 14.3, 9.4, 9.1, 6.4], ∫ϰ²/L>=[8.0, 11.2, 10.2, 7.5, 6.5], C-C-Sep=0.00, ║∇J║=2.9e+00
Iteration 65/2000-----
currents: [100000.0, 99999.99999938563, 99999.99999943351, 99999.99999946867, 99999.9999994914]
J=2.7e-01, ⟨Jf⟩=2.0e-01, ⟨B·n⟩=2.0e-01, Len=sum([3.1, 3.2, 3.4, 3.4, 3.5])=16.6, ϰ=[8.1, 14.4, 9.4, 9.1, 6.4], ∫ϰ²/L>=[8.0, 11.2, 10.2, 7.5, 6.5], C-C-Sep=0.00, ║∇J║=2.9e+00
Iteration 66/2000-----
currents: [100000.0, 99999.99999845537, 99999.99999871358, 99999.9999988063, 99999.99999885862]
J=1.9e+04, ⟨Jf⟩=2.3e-01, ⟨B·n⟩=1.8e-01, Len=sum([28.5, 25.3, 12.8, 6.9, 5.6])=79.0, ϰ=[814.0, 11178.7, 342.7, 216.5, 111.6], ∫ϰ²/L>=[179.9, 5535.3, 197.8, 284.0, 114.7], C-C-Sep=0.01, ║∇J║=1.6e+03
Iteration 67/2000-----
currents: [100000.0, 99999.99999938556, 99999.99999943345, 99999.99999946862, 99999.99999949135]
J=4.0e+02, ⟨Jf⟩=2.0e-01, ⟨B·n⟩=2.0e-01, Len=sum([3.1, 3.2, 3.4, 3.4, 3.5])=16.6, ϰ=[8.0, 14.3, 9.4, 9.1, 6.4], ∫ϰ²/L>=[7.9, 11.2, 10.2, 7.5, 6.5], C-C-Sep=0.00, ║∇J║=2.8e+00
Iteration 68/2000-----
currents: [100000.0, 99999.99999938563, 99999.99999943351, 99999.99999946867, 99999.9999994914]
J=2.7e-01, ⟨Jf⟩=2.0e-01, ⟨B·n⟩=2.0e-01, Len=sum([3.1, 3.2, 3.4, 3.4, 3.5])=16.6, ϰ=[8.1, 14.4, 9.4, 9.1, 6.4], ∫ϰ²/L>=[8.0, 11.2, 10.2, 7.5, 6.5], C-C-Sep=0.00, ║∇J║=2.9e+00
Iteration 69/2000-----
currents: [100000.0, 99999.99999938563, 99999.99999943351, 99999.99999946867, 99999.9999994914]
J=2.7e-01, ⟨Jf⟩=2.0e-01, ⟨B·n⟩=2.0e-01, Len=sum([3.1, 3.2, 3.4, 3.4, 3.5])=16.6, ϰ=[8.1, 14.4, 9.4, 9.1, 6.4], ∫ϰ²/L>=[8.0, 11.2, 10.2, 7.5, 6.5], C-C-Sep=0.00, ║∇J║=2.9e+00
Iteration 70/2000-----
currents: [100000.0, 99999.9999993856, 99999.99999943348, 99999.99999946864, 99999.99999949137]
J=4.0e+02, ⟨Jf⟩=2.0e-01, ⟨B·n⟩=2.0e-01, Len=sum([3.1, 3.2, 3.4, 3.4, 3.5])=16.6, ϰ=[8.1, 14.3, 9.4, 9.1, 6.4], ∫ϰ²/L>=[8.0, 11.2, 10.2, 7.5, 6.5], C-C-Sep=0.00, ║∇J║=2.8e+00
Iteration 71/2000-----
currents: [100000.0, 99999.99999938563, 99999.99999943351, 99999.99999946867, 99999.9999994914]
J=2.7e-01, ⟨Jf⟩=2.0e-01, ⟨B·n⟩=2.0e-01, Len=sum([3.1, 3.2, 3.4, 3.4, 3.5])=16.6, ϰ=[8.1, 14.4, 9.4, 9.1, 6.4], ∫ϰ²/L>=[8.0, 11.2, 10.2, 7.5, 6.5], C-C-Sep=0.00, ║∇J║=2.9e+00
Iteration 72/2000-----
currents: [100000.0, 99999.99999938563, 99999.99999943351, 99999.99999946867, 99999.9999994914]
J=2.7e-01, ⟨Jf⟩=2.0e-01, ⟨B·n⟩=2.0e-01, Len=sum([3.1, 3.2, 3.4, 3.4, 3.5])=16.6, ϰ=[8.1, 14.4, 9.4, 9.1, 6.4], ∫ϰ²/L>=[8.0, 11.2, 10.2, 7.5, 6.5], C-C-Sep=0.00, ║∇J║=2.9e+00
Iteration 73/2000-----
currents: [100000.0, 99999.99999938562, 99999.9999994335, 99999.99999946865, 99999.99999949138]
J=4.0e+02, ⟨Jf⟩=2.0e-01, ⟨B·n⟩=2.0e-01, Len=sum([3.1, 3.2, 3.4, 3.4, 3.5])=16.6, ϰ=[8.1, 14.3, 9.4, 9.1, 6.4], ∫ϰ²/L>=[8.0, 11.2, 10.2, 7.5, 6.5], C-C-Sep=0.00, ║∇J║=2.9e+00
Iteration 74/2000-----
currents: [100000.0, 99999.99999938563, 99999.99999943351, 99999.99999946867, 99999.9999994914]
J=2.7e-01, ⟨Jf⟩=2.0e-01, ⟨B·n⟩=2.0e-01, Len=sum([3.1, 3.2, 3.4, 3.4, 3.5])=16.6, ϰ=[8.1, 14.4, 9.4, 9.1, 6.4], ∫ϰ²/L>=[8.0, 11.2, 10.2, 7.5, 6.5], C-C-Sep=0.00, ║∇J║=2.9e+00
Iteration 75/2000-----
currents: [100000.0, 99999.99999938562, 99999.9999994335, 99999.99999946865, 99999.99999949138]
J=4.0e+02, ⟨Jf⟩=2.0e-01, ⟨B·n⟩=2.0e-01, Len=sum([3.1, 3.2, 3.4, 3.4, 3.5])=16.6, ϰ=[8.1, 14.3, 9.4, 9.1, 6.4], ∫ϰ²/L>=[8.0, 11.2, 10.2, 7.5, 6.5], C-C-Sep=0.00, ║∇J║=2.9e+00
Iteration 76/2000-----
currents: [100000.0, 99999.99999938563, 99999.99999943351, 99999.99999946867, 99999.9999994914]
J=2.7e-01, ⟨Jf⟩=2.0e-01, ⟨B·n⟩=2.0e-01, Len=sum([3.1, 3.2, 3.4, 3.4, 3.5])=16.6, ϰ=[8.1, 14.4, 9.4, 9.1, 6.4], ∫ϰ²/L>=[8.0, 11.2, 10.2, 7.5, 6.5], C-C-Sep=0.00, ║∇J║=2.9e+00
Iteration 77/2000-----
currents: [100000.0, 99999.99999938563, 99999.99999943351, 99999.99999946867, 99999.9999994914]
J=2.7e-01, ⟨Jf⟩=2.0e-01, ⟨B·n⟩=2.0e-01, Len=sum([3.1, 3.2, 3.4, 3.4, 3.5])=16.6, ϰ=[8.1, 14.4, 9.4, 9.1, 6.4], ∫ϰ²/L>=[8.0, 11.2, 10.2, 7.5, 6.5], C-C-Sep=0.00, ║∇J║=2.9e+00
Iteration 78/2000-----
currents: [100000.0, 99999.99999938563, 99999.99999943351, 99999.99999946867, 99999.9999994914]
J=4.0e+02, ⟨Jf⟩=2.0e-01, ⟨B·n⟩=2.0e-01, Len=sum([3.1, 3.2, 3.4, 3.4, 3.5])=16.6, ϰ=[8.1, 14.3, 9.4, 9.1, 6.4], ∫ϰ²/L>=[8.0, 11.2, 10.2, 7.5, 6.5], C-C-Sep=0.00, ║∇J║=2.9e+00
Iteration 79/2000-----
currents: [100000.0, 99999.99999938563, 99999.99999943351, 99999.99999946867, 99999.9999994914]
J=2.7e-01, ⟨Jf⟩=2.0e-01, ⟨B·n⟩=2.0e-01, Len=sum([3.1, 3.2, 3.4, 3.4, 3.5])=16.6, ϰ=[8.1, 14.4, 9.4, 9.1, 6.4], ∫ϰ²/L>=[8.0, 11.2, 10.2, 7.5, 6.5], C-C-Sep=0.00, ║∇J║=2.9e+00
Iteration 80/2000-----
currents: [100000.0, 99999.99999938563, 99999.99999943351, 99999.99999946867, 99999.9999994914]
J=2.7e-01, ⟨Jf⟩=2.0e-01, ⟨B·n⟩=2.0e-01, Len=sum([3.1, 3.2, 3.4, 3.4, 3.5])=16.6, ϰ=[8.1, 14.4, 9.4, 9.1, 6.4], ∫ϰ²/L>=[8.0, 11.2, 10.2, 7.5, 6.5], C-C-Sep=0.00, ║∇J║=2.9e+00
Iteration 81/2000-----
currents: [100000.0, 99999.99999938563, 99999.99999943351, 99999.99999946867, 99999.9999994914]
J=4.0e+02, ⟨Jf⟩=2.0e-01, ⟨B·n⟩=2.0e-01, Len=sum([3.1, 3.2, 3.4, 3.4, 3.5])=16.6, ϰ=[8.1, 14.4, 9.4, 9.1, 6.4], ∫ϰ²/L>=[8.0, 11.2, 10.2, 7.5, 6.5], C-C-Sep=0.00, ║∇J║=2.9e+00
Iteration 82/2000-----
currents: [100000.0, 99999.99999938563, 99999.99999943351, 99999.99999946867, 99999.9999994914]
J=2.7e-01, ⟨Jf⟩=2.0e-01, ⟨B·n⟩=2.0e-01, Len=sum([3.1, 3.2, 3.4, 3.4, 3.5])=16.6, ϰ=[8.1, 14.4, 9.4, 9.1, 6.4], ∫ϰ²/L>=[8.0, 11.2, 10.2, 7.5, 6.5], C-C-Sep=0.00, ║∇J║=2.9e+00
Iteration 83/2000-----
currents: [100000.0, 99999.99999938563, 99999.99999943351, 99999.99999946867, 99999.9999994914]
J=2.7e-01, ⟨Jf⟩=2.0e-01, ⟨B·n⟩=2.0e-01, Len=sum([3.1, 3.2, 3.4, 3.4, 3.5])=16.6, ϰ=[8.1, 14.4, 9.4, 9.1, 6.4], ∫ϰ²/L>=[8.0, 11.2, 10.2, 7.5, 6.5], C-C-Sep=0.00, ║∇J║=2.9e+00
Iteration 84/2000-----
currents: [100000.0, 99999.99999938563, 99999.99999943351, 99999.99999946867, 99999.9999994914]
J=2.7e-01, ⟨Jf⟩=2.0e-01, ⟨B·n⟩=2.0e-01, Len=sum([3.1, 3.2, 3.4, 3.4, 3.5])=16.6, ϰ=[8.1, 14.4, 9.4, 9.1, 6.4], ∫ϰ²/L>=[8.0, 11.2, 10.2, 7.5, 6.5], C-C-Sep=0.00, ║∇J║=2.9e+00
Iteration 85/2000-----
currents: [100000.0, 99999.99999938563, 99999.99999943351, 99999.99999946867, 99999.9999994914]
J=2.7e-01, ⟨Jf⟩=2.0e-01, ⟨B·n⟩=2.0e-01, Len=sum([3.1, 3.2, 3.4, 3.4, 3.5])=16.6, ϰ=[8.1, 14.4, 9.4, 9.1, 6.4], ∫ϰ²/L>=[8.0, 11.2, 10.2, 7.5, 6.5], C-C-Sep=0.00, ║∇J║=2.9e+00
--------------------------------JF.x shape after opt: (499,)
Final arclength variation max(|ℓ|)/min(|ℓ|) - 1=[6.21e-01, 7.82e-01, 1.28e+00, 1.14e+00, 1.16e+00]

################################################################################
### Evaluate the obtained coils ################################################
################################################################################

Finished 100/1000 Out-of-Sample Evaluations
Finished 200/1000 Out-of-Sample Evaluations
Finished 300/1000 Out-of-Sample Evaluations
Finished 400/1000 Out-of-Sample Evaluations
Finished 500/1000 Out-of-Sample Evaluations
Finished 600/1000 Out-of-Sample Evaluations
Finished 700/1000 Out-of-Sample Evaluations
Finished 800/1000 Out-of-Sample Evaluations
Finished 900/1000 Out-of-Sample Evaluations
Finished 1000/1000 Out-of-Sample Evaluations
Flux Objective for exact coils     : 2.016e-01
Out-of-sample flux value                  : 2.015e-01
Objective Gradient (||∇J||)              : 2.859e+00
Mean Flux Objective across perturbed coils: 2.017e-01
Quality Number: 1.000
<B_N>/<|B|> = 2.77e-01

Total time taken: 200.33 seconds
