Number of coils: 40
Coils: Order: 16, no. 5. Iterations: Optimization Iters: 1500, Aug Lag Iters: 30Length Thresh:15.6, CS/CC Thresh:0.1,0.1, Curvature/MSC Thresh:16, 16.

Number of coils: 40
Coils: Order: 16, no. 5. Iterations: Optimization Iters: 1500, Aug Lag Iters: 30Length Thresh:15.6, CS/CC Thresh:0.1,0.1, Curvature/MSC Thresh:16, 16.

Number of coils: 40
Coils: Order: 16, no. 5. Iterations: Optimization Iters: 1500, Aug Lag Iters: 30Length Thresh:15.6, CS/CC Thresh:0.1,0.1, Curvature/MSC Thresh:16, 16.

Starting N_SAMPLE LOOP
Number of coils: 40
Coils: Order: 16, no. 5. Iterations: Optimization Iters: 1500, Aug Lag Iters: 30Length Thresh:15.6, CS/CC Thresh:0.1,0.1, Curvature/MSC Thresh:16, 16.

Taylor test passed
Taylor test passed
Taylor test passed
Taylor test passed
Iter 1: Jf = 0.00e+00, c0 = 1.37e-02, c1 = 6.56e-04, c2 = 4.21e-04, c3 = 0.00e+00, c4 = 0.00e+00, c5 = 0.00e+00, c6 = 0.00e+00, 
Iter 1: Jf = 0.00e+00, c0 = 1.37e-02, c1 = 6.56e-04, c2 = 4.21e-04, c3 = 0.00e+00, c4 = 0.00e+00, c5 = 0.00e+00, c6 = 0.00e+00, 
Iter 1: Jf = 0.00e+00, c0 = 1.37e-02, c1 = 6.56e-04, c2 = 4.21e-04, c3 = 0.00e+00, c4 = 0.00e+00, c5 = 0.00e+00, c6 = 0.00e+00, 
Iter 1: Jf = 0.00e+00, c0 = 1.37e-02, c1 = 6.56e-04, c2 = 4.21e-04, c3 = 0.00e+00, c4 = 0.00e+00, c5 = 0.00e+00, c6 = 0.00e+00, 
Iter 2: Jf = 0.00e+00, c0 = 1.78e-03, c1 = 0.00e+00, c2 = 5.16e-04, c3 = 0.00e+00, c4 = 0.00e+00, c5 = 1.43e-05, c6 = 0.00e+00, 
Iter 2: Jf = 0.00e+00, c0 = 1.78e-03, c1 = 0.00e+00, c2 = 5.16e-04, c3 = 0.00e+00, c4 = 0.00e+00, c5 = 1.43e-05, c6 = 0.00e+00, 
Iter 2: Jf = 0.00e+00, c0 = 1.78e-03, c1 = 0.00e+00, c2 = 5.16e-04, c3 = 0.00e+00, c4 = 0.00e+00, c5 = 1.43e-05, c6 = 0.00e+00, 
Iter 2: Jf = 0.00e+00, c0 = 1.78e-03, c1 = 0.00e+00, c2 = 5.16e-04, c3 = 0.00e+00, c4 = 0.00e+00, c5 = 1.43e-05, c6 = 0.00e+00, 
Iter 3: Jf = 0.00e+00, c0 = 1.60e-04, c1 = 0.00e+00, c2 = 1.56e-04, c3 = 0.00e+00, c4 = 0.00e+00, c5 = 0.00e+00, c6 = 0.00e+00, 
Iter 3: Jf = 0.00e+00, c0 = 1.60e-04, c1 = 0.00e+00, c2 = 1.56e-04, c3 = 0.00e+00, c4 = 0.00e+00, c5 = 0.00e+00, c6 = 0.00e+00, 
Iter 3: Jf = 0.00e+00, c0 = 1.60e-04, c1 = 0.00e+00, c2 = 1.56e-04, c3 = 0.00e+00, c4 = 0.00e+00, c5 = 0.00e+00, c6 = 0.00e+00, 
Iter 3: Jf = 0.00e+00, c0 = 1.60e-04, c1 = 0.00e+00, c2 = 1.56e-04, c3 = 0.00e+00, c4 = 0.00e+00, c5 = 0.00e+00, c6 = 0.00e+00, 
Iter 4: Jf = 0.00e+00, c0 = 2.90e-05, c1 = 0.00e+00, c2 = 4.08e-06, c3 = 0.00e+00, c4 = 0.00e+00, c5 = 0.00e+00, c6 = 0.00e+00, 
Iter 4: Jf = 0.00e+00, c0 = 2.90e-05, c1 = 0.00e+00, c2 = 4.08e-06, c3 = 0.00e+00, c4 = 0.00e+00, c5 = 0.00e+00, c6 = 0.00e+00, 
Iter 4: Jf = 0.00e+00, c0 = 2.90e-05, c1 = 0.00e+00, c2 = 4.08e-06, c3 = 0.00e+00, c4 = 0.00e+00, c5 = 0.00e+00, c6 = 0.00e+00, 
Iter 4: Jf = 0.00e+00, c0 = 2.90e-05, c1 = 0.00e+00, c2 = 4.08e-06, c3 = 0.00e+00, c4 = 0.00e+00, c5 = 0.00e+00, c6 = 0.00e+00, 
Iter 5: Jf = 0.00e+00, c0 = 1.39e-05, c1 = 7.78e-12, c2 = 1.34e-06, c3 = 0.00e+00, c4 = 0.00e+00, c5 = 3.88e-06, c6 = 0.00e+00, 
Iter 5: Jf = 0.00e+00, c0 = 1.39e-05, c1 = 7.78e-12, c2 = 1.34e-06, c3 = 0.00e+00, c4 = 0.00e+00, c5 = 3.88e-06, c6 = 0.00e+00, 
Iter 5: Jf = 0.00e+00, c0 = 1.39e-05, c1 = 7.78e-12, c2 = 1.34e-06, c3 = 0.00e+00, c4 = 0.00e+00, c5 = 3.88e-06, c6 = 0.00e+00, 
Iter 5: Jf = 0.00e+00, c0 = 1.39e-05, c1 = 7.78e-12, c2 = 1.34e-06, c3 = 0.00e+00, c4 = 0.00e+00, c5 = 3.88e-06, c6 = 0.00e+00, 
Iter 6: Jf = 0.00e+00, c0 = 1.39e-05, c1 = 7.78e-12, c2 = 1.34e-06, c3 = 0.00e+00, c4 = 0.00e+00, c5 = 3.88e-06, c6 = 0.00e+00, 
Iter 6: Jf = 0.00e+00, c0 = 1.39e-05, c1 = 7.78e-12, c2 = 1.34e-06, c3 = 0.00e+00, c4 = 0.00e+00, c5 = 3.88e-06, c6 = 0.00e+00, 
Iter 6: Jf = 0.00e+00, c0 = 1.39e-05, c1 = 7.78e-12, c2 = 1.34e-06, c3 = 0.00e+00, c4 = 0.00e+00, c5 = 3.88e-06, c6 = 0.00e+00, 
Iter 6: Jf = 0.00e+00, c0 = 1.39e-05, c1 = 7.78e-12, c2 = 1.34e-06, c3 = 0.00e+00, c4 = 0.00e+00, c5 = 3.88e-06, c6 = 0.00e+00, 
Iter 7: Jf = 0.00e+00, c0 = 1.39e-05, c1 = 7.78e-12, c2 = 1.34e-06, c3 = 0.00e+00, c4 = 0.00e+00, c5 = 3.88e-06, c6 = 0.00e+00, 
Iter 7: Jf = 0.00e+00, c0 = 1.39e-05, c1 = 7.78e-12, c2 = 1.34e-06, c3 = 0.00e+00, c4 = 0.00e+00, c5 = 3.88e-06, c6 = 0.00e+00, 
Iter 7: Jf = 0.00e+00, c0 = 1.39e-05, c1 = 7.78e-12, c2 = 1.34e-06, c3 = 0.00e+00, c4 = 0.00e+00, c5 = 3.88e-06, c6 = 0.00e+00, 
Iter 7: Jf = 0.00e+00, c0 = 1.39e-05, c1 = 7.78e-12, c2 = 1.34e-06, c3 = 0.00e+00, c4 = 0.00e+00, c5 = 3.88e-06, c6 = 0.00e+00, 
Iter 8: Jf = 0.00e+00, c0 = 1.10e-05, c1 = 0.00e+00, c2 = 1.19e-06, c3 = 0.00e+00, c4 = 0.00e+00, c5 = 3.14e-07, c6 = 0.00e+00, 
Iter 8: Jf = 0.00e+00, c0 = 1.10e-05, c1 = 0.00e+00, c2 = 1.19e-06, c3 = 0.00e+00, c4 = 0.00e+00, c5 = 3.14e-07, c6 = 0.00e+00, 
Iter 8: Jf = 0.00e+00, c0 = 1.10e-05, c1 = 0.00e+00, c2 = 1.19e-06, c3 = 0.00e+00, c4 = 0.00e+00, c5 = 3.14e-07, c6 = 0.00e+00, 
Iter 8: Jf = 0.00e+00, c0 = 1.10e-05, c1 = 0.00e+00, c2 = 1.19e-06, c3 = 0.00e+00, c4 = 0.00e+00, c5 = 3.14e-07, c6 = 0.00e+00, 
Iter 9: Jf = 0.00e+00, c0 = 1.10e-05, c1 = 0.00e+00, c2 = 1.19e-06, c3 = 0.00e+00, c4 = 0.00e+00, c5 = 3.14e-07, c6 = 0.00e+00, 
Iter 9: Jf = 0.00e+00, c0 = 1.10e-05, c1 = 0.00e+00, c2 = 1.19e-06, c3 = 0.00e+00, c4 = 0.00e+00, c5 = 3.14e-07, c6 = 0.00e+00, 
Iter 9: Jf = 0.00e+00, c0 = 1.10e-05, c1 = 0.00e+00, c2 = 1.19e-06, c3 = 0.00e+00, c4 = 0.00e+00, c5 = 3.14e-07, c6 = 0.00e+00, 
Iter 9: Jf = 0.00e+00, c0 = 1.10e-05, c1 = 0.00e+00, c2 = 1.19e-06, c3 = 0.00e+00, c4 = 0.00e+00, c5 = 3.14e-07, c6 = 0.00e+00, 
Iter 10: Jf = 0.00e+00, c0 = 1.10e-05, c1 = 0.00e+00, c2 = 1.19e-06, c3 = 0.00e+00, c4 = 0.00e+00, c5 = 3.14e-07, c6 = 0.00e+00, 
Iter 10: Jf = 0.00e+00, c0 = 1.10e-05, c1 = 0.00e+00, c2 = 1.19e-06, c3 = 0.00e+00, c4 = 0.00e+00, c5 = 3.14e-07, c6 = 0.00e+00, 
Iter 10: Jf = 0.00e+00, c0 = 1.10e-05, c1 = 0.00e+00, c2 = 1.19e-06, c3 = 0.00e+00, c4 = 0.00e+00, c5 = 3.14e-07, c6 = 0.00e+00, 
Iter 10: Jf = 0.00e+00, c0 = 1.10e-05, c1 = 0.00e+00, c2 = 1.19e-06, c3 = 0.00e+00, c4 = 0.00e+00, c5 = 3.14e-07, c6 = 0.00e+00, 
Iter 11: Jf = 0.00e+00, c0 = 1.10e-05, c1 = 0.00e+00, c2 = 1.19e-06, c3 = 0.00e+00, c4 = 0.00e+00, c5 = 3.14e-07, c6 = 0.00e+00, 
Iter 11: Jf = 0.00e+00, c0 = 1.10e-05, c1 = 0.00e+00, c2 = 1.19e-06, c3 = 0.00e+00, c4 = 0.00e+00, c5 = 3.14e-07, c6 = 0.00e+00, 
Iter 11: Jf = 0.00e+00, c0 = 1.10e-05, c1 = 0.00e+00, c2 = 1.19e-06, c3 = 0.00e+00, c4 = 0.00e+00, c5 = 3.14e-07, c6 = 0.00e+00, 
Iter 11: Jf = 0.00e+00, c0 = 1.10e-05, c1 = 0.00e+00, c2 = 1.19e-06, c3 = 0.00e+00, c4 = 0.00e+00, c5 = 3.14e-07, c6 = 0.00e+00, 
Iter 12: Jf = 0.00e+00, c0 = 1.10e-05, c1 = 0.00e+00, c2 = 1.19e-06, c3 = 0.00e+00, c4 = 0.00e+00, c5 = 3.14e-07, c6 = 0.00e+00, 
Iter 12: Jf = 0.00e+00, c0 = 1.10e-05, c1 = 0.00e+00, c2 = 1.19e-06, c3 = 0.00e+00, c4 = 0.00e+00, c5 = 3.14e-07, c6 = 0.00e+00, 
Iter 12: Jf = 0.00e+00, c0 = 1.10e-05, c1 = 0.00e+00, c2 = 1.19e-06, c3 = 0.00e+00, c4 = 0.00e+00, c5 = 3.14e-07, c6 = 0.00e+00, 
Iter 12: Jf = 0.00e+00, c0 = 1.10e-05, c1 = 0.00e+00, c2 = 1.19e-06, c3 = 0.00e+00, c4 = 0.00e+00, c5 = 3.14e-07, c6 = 0.00e+00, 
Iter 13: Jf = 0.00e+00, c0 = 1.10e-05, c1 = 0.00e+00, c2 = 1.19e-06, c3 = 0.00e+00, c4 = 0.00e+00, c5 = 3.14e-07, c6 = 0.00e+00, 
Iter 13: Jf = 0.00e+00, c0 = 1.10e-05, c1 = 0.00e+00, c2 = 1.19e-06, c3 = 0.00e+00, c4 = 0.00e+00, c5 = 3.14e-07, c6 = 0.00e+00, 
Iter 13: Jf = 0.00e+00, c0 = 1.10e-05, c1 = 0.00e+00, c2 = 1.19e-06, c3 = 0.00e+00, c4 = 0.00e+00, c5 = 3.14e-07, c6 = 0.00e+00, 
Iter 13: Jf = 0.00e+00, c0 = 1.10e-05, c1 = 0.00e+00, c2 = 1.19e-06, c3 = 0.00e+00, c4 = 0.00e+00, c5 = 3.14e-07, c6 = 0.00e+00, 
Iter 14: Jf = 0.00e+00, c0 = 1.10e-05, c1 = 0.00e+00, c2 = 1.19e-06, c3 = 0.00e+00, c4 = 0.00e+00, c5 = 3.14e-07, c6 = 0.00e+00, 
Iter 14: Jf = 0.00e+00, c0 = 1.10e-05, c1 = 0.00e+00, c2 = 1.19e-06, c3 = 0.00e+00, c4 = 0.00e+00, c5 = 3.14e-07, c6 = 0.00e+00, 
Iter 14: Jf = 0.00e+00, c0 = 1.10e-05, c1 = 0.00e+00, c2 = 1.19e-06, c3 = 0.00e+00, c4 = 0.00e+00, c5 = 3.14e-07, c6 = 0.00e+00, 
Iter 14: Jf = 0.00e+00, c0 = 1.10e-05, c1 = 0.00e+00, c2 = 1.19e-06, c3 = 0.00e+00, c4 = 0.00e+00, c5 = 3.14e-07, c6 = 0.00e+00, 
Iter 15: Jf = 0.00e+00, c0 = 1.10e-05, c1 = 0.00e+00, c2 = 1.19e-06, c3 = 0.00e+00, c4 = 0.00e+00, c5 = 3.14e-07, c6 = 0.00e+00, 
Iter 15: Jf = 0.00e+00, c0 = 1.10e-05, c1 = 0.00e+00, c2 = 1.19e-06, c3 = 0.00e+00, c4 = 0.00e+00, c5 = 3.14e-07, c6 = 0.00e+00, 
Iter 15: Jf = 0.00e+00, c0 = 1.10e-05, c1 = 0.00e+00, c2 = 1.19e-06, c3 = 0.00e+00, c4 = 0.00e+00, c5 = 3.14e-07, c6 = 0.00e+00, 
Iter 15: Jf = 0.00e+00, c0 = 1.10e-05, c1 = 0.00e+00, c2 = 1.19e-06, c3 = 0.00e+00, c4 = 0.00e+00, c5 = 3.14e-07, c6 = 0.00e+00, 
Iter 16: Jf = 0.00e+00, c0 = 1.10e-05, c1 = 0.00e+00, c2 = 1.19e-06, c3 = 0.00e+00, c4 = 0.00e+00, c5 = 3.14e-07, c6 = 0.00e+00, 
Iter 16: Jf = 0.00e+00, c0 = 1.10e-05, c1 = 0.00e+00, c2 = 1.19e-06, c3 = 0.00e+00, c4 = 0.00e+00, c5 = 3.14e-07, c6 = 0.00e+00, 
Iter 16: Jf = 0.00e+00, c0 = 1.10e-05, c1 = 0.00e+00, c2 = 1.19e-06, c3 = 0.00e+00, c4 = 0.00e+00, c5 = 3.14e-07, c6 = 0.00e+00, 
Iter 16: Jf = 0.00e+00, c0 = 1.10e-05, c1 = 0.00e+00, c2 = 1.19e-06, c3 = 0.00e+00, c4 = 0.00e+00, c5 = 3.14e-07, c6 = 0.00e+00, 
Iter 17: Jf = 0.00e+00, c0 = 1.10e-05, c1 = 0.00e+00, c2 = 1.19e-06, c3 = 0.00e+00, c4 = 0.00e+00, c5 = 3.14e-07, c6 = 0.00e+00, 
Iter 17: Jf = 0.00e+00, c0 = 1.10e-05, c1 = 0.00e+00, c2 = 1.19e-06, c3 = 0.00e+00, c4 = 0.00e+00, c5 = 3.14e-07, c6 = 0.00e+00, 
Iter 17: Jf = 0.00e+00, c0 = 1.10e-05, c1 = 0.00e+00, c2 = 1.19e-06, c3 = 0.00e+00, c4 = 0.00e+00, c5 = 3.14e-07, c6 = 0.00e+00, 
Iter 17: Jf = 0.00e+00, c0 = 1.10e-05, c1 = 0.00e+00, c2 = 1.19e-06, c3 = 0.00e+00, c4 = 0.00e+00, c5 = 3.14e-07, c6 = 0.00e+00, 
Iter 18: Jf = 0.00e+00, c0 = 1.10e-05, c1 = 0.00e+00, c2 = 1.19e-06, c3 = 0.00e+00, c4 = 0.00e+00, c5 = 3.14e-07, c6 = 0.00e+00, 
Iter 18: Jf = 0.00e+00, c0 = 1.10e-05, c1 = 0.00e+00, c2 = 1.19e-06, c3 = 0.00e+00, c4 = 0.00e+00, c5 = 3.14e-07, c6 = 0.00e+00, 
Iter 18: Jf = 0.00e+00, c0 = 1.10e-05, c1 = 0.00e+00, c2 = 1.19e-06, c3 = 0.00e+00, c4 = 0.00e+00, c5 = 3.14e-07, c6 = 0.00e+00, 
Iter 18: Jf = 0.00e+00, c0 = 1.10e-05, c1 = 0.00e+00, c2 = 1.19e-06, c3 = 0.00e+00, c4 = 0.00e+00, c5 = 3.14e-07, c6 = 0.00e+00, 
Iter 19: Jf = 0.00e+00, c0 = 1.10e-05, c1 = 0.00e+00, c2 = 1.19e-06, c3 = 0.00e+00, c4 = 0.00e+00, c5 = 3.14e-07, c6 = 0.00e+00, 
Iter 19: Jf = 0.00e+00, c0 = 1.10e-05, c1 = 0.00e+00, c2 = 1.19e-06, c3 = 0.00e+00, c4 = 0.00e+00, c5 = 3.14e-07, c6 = 0.00e+00, 
Iter 19: Jf = 0.00e+00, c0 = 1.10e-05, c1 = 0.00e+00, c2 = 1.19e-06, c3 = 0.00e+00, c4 = 0.00e+00, c5 = 3.14e-07, c6 = 0.00e+00, 
Iter 19: Jf = 0.00e+00, c0 = 1.10e-05, c1 = 0.00e+00, c2 = 1.19e-06, c3 = 0.00e+00, c4 = 0.00e+00, c5 = 3.14e-07, c6 = 0.00e+00, 
Iter 20: Jf = 0.00e+00, c0 = 1.10e-05, c1 = 0.00e+00, c2 = 1.19e-06, c3 = 0.00e+00, c4 = 0.00e+00, c5 = 3.14e-07, c6 = 0.00e+00, 
Iter 20: Jf = 0.00e+00, c0 = 1.10e-05, c1 = 0.00e+00, c2 = 1.19e-06, c3 = 0.00e+00, c4 = 0.00e+00, c5 = 3.14e-07, c6 = 0.00e+00, 
Iter 20: Jf = 0.00e+00, c0 = 1.10e-05, c1 = 0.00e+00, c2 = 1.19e-06, c3 = 0.00e+00, c4 = 0.00e+00, c5 = 3.14e-07, c6 = 0.00e+00, 
Iter 20: Jf = 0.00e+00, c0 = 1.10e-05, c1 = 0.00e+00, c2 = 1.19e-06, c3 = 0.00e+00, c4 = 0.00e+00, c5 = 3.14e-07, c6 = 0.00e+00, 
Iter 21: Jf = 0.00e+00, c0 = 1.10e-05, c1 = 0.00e+00, c2 = 1.19e-06, c3 = 0.00e+00, c4 = 0.00e+00, c5 = 3.14e-07, c6 = 0.00e+00, 
Iter 21: Jf = 0.00e+00, c0 = 1.10e-05, c1 = 0.00e+00, c2 = 1.19e-06, c3 = 0.00e+00, c4 = 0.00e+00, c5 = 3.14e-07, c6 = 0.00e+00, 
Iter 21: Jf = 0.00e+00, c0 = 1.10e-05, c1 = 0.00e+00, c2 = 1.19e-06, c3 = 0.00e+00, c4 = 0.00e+00, c5 = 3.14e-07, c6 = 0.00e+00, 
Iter 21: Jf = 0.00e+00, c0 = 1.10e-05, c1 = 0.00e+00, c2 = 1.19e-06, c3 = 0.00e+00, c4 = 0.00e+00, c5 = 3.14e-07, c6 = 0.00e+00, 
Iter 22: Jf = 0.00e+00, c0 = 1.10e-05, c1 = 0.00e+00, c2 = 1.19e-06, c3 = 0.00e+00, c4 = 0.00e+00, c5 = 3.14e-07, c6 = 0.00e+00, 
Iter 22: Jf = 0.00e+00, c0 = 1.10e-05, c1 = 0.00e+00, c2 = 1.19e-06, c3 = 0.00e+00, c4 = 0.00e+00, c5 = 3.14e-07, c6 = 0.00e+00, 
Iter 22: Jf = 0.00e+00, c0 = 1.10e-05, c1 = 0.00e+00, c2 = 1.19e-06, c3 = 0.00e+00, c4 = 0.00e+00, c5 = 3.14e-07, c6 = 0.00e+00, 
Iter 22: Jf = 0.00e+00, c0 = 1.10e-05, c1 = 0.00e+00, c2 = 1.19e-06, c3 = 0.00e+00, c4 = 0.00e+00, c5 = 3.14e-07, c6 = 0.00e+00, 
Iter 23: Jf = 0.00e+00, c0 = 1.10e-05, c1 = 0.00e+00, c2 = 1.19e-06, c3 = 0.00e+00, c4 = 0.00e+00, c5 = 3.14e-07, c6 = 0.00e+00, 
Iter 23: Jf = 0.00e+00, c0 = 1.10e-05, c1 = 0.00e+00, c2 = 1.19e-06, c3 = 0.00e+00, c4 = 0.00e+00, c5 = 3.14e-07, c6 = 0.00e+00, 
Iter 23: Jf = 0.00e+00, c0 = 1.10e-05, c1 = 0.00e+00, c2 = 1.19e-06, c3 = 0.00e+00, c4 = 0.00e+00, c5 = 3.14e-07, c6 = 0.00e+00, 
Iter 23: Jf = 0.00e+00, c0 = 1.10e-05, c1 = 0.00e+00, c2 = 1.19e-06, c3 = 0.00e+00, c4 = 0.00e+00, c5 = 3.14e-07, c6 = 0.00e+00, 
Iter 24: Jf = 0.00e+00, c0 = 1.10e-05, c1 = 0.00e+00, c2 = 1.19e-06, c3 = 0.00e+00, c4 = 0.00e+00, c5 = 3.14e-07, c6 = 0.00e+00, 
Iter 24: Jf = 0.00e+00, c0 = 1.10e-05, c1 = 0.00e+00, c2 = 1.19e-06, c3 = 0.00e+00, c4 = 0.00e+00, c5 = 3.14e-07, c6 = 0.00e+00, 
Iter 24: Jf = 0.00e+00, c0 = 1.10e-05, c1 = 0.00e+00, c2 = 1.19e-06, c3 = 0.00e+00, c4 = 0.00e+00, c5 = 3.14e-07, c6 = 0.00e+00, 
Iter 24: Jf = 0.00e+00, c0 = 1.10e-05, c1 = 0.00e+00, c2 = 1.19e-06, c3 = 0.00e+00, c4 = 0.00e+00, c5 = 3.14e-07, c6 = 0.00e+00, 
Iter 25: Jf = 0.00e+00, c0 = 1.10e-05, c1 = 0.00e+00, c2 = 1.19e-06, c3 = 0.00e+00, c4 = 0.00e+00, c5 = 3.14e-07, c6 = 0.00e+00, 
Iter 25: Jf = 0.00e+00, c0 = 1.10e-05, c1 = 0.00e+00, c2 = 1.19e-06, c3 = 0.00e+00, c4 = 0.00e+00, c5 = 3.14e-07, c6 = 0.00e+00, 
Iter 25: Jf = 0.00e+00, c0 = 1.10e-05, c1 = 0.00e+00, c2 = 1.19e-06, c3 = 0.00e+00, c4 = 0.00e+00, c5 = 3.14e-07, c6 = 0.00e+00, 
Iter 25: Jf = 0.00e+00, c0 = 1.10e-05, c1 = 0.00e+00, c2 = 1.19e-06, c3 = 0.00e+00, c4 = 0.00e+00, c5 = 3.14e-07, c6 = 0.00e+00, 
Iter 26: Jf = 0.00e+00, c0 = 1.10e-05, c1 = 0.00e+00, c2 = 1.19e-06, c3 = 0.00e+00, c4 = 0.00e+00, c5 = 3.14e-07, c6 = 0.00e+00, 
Iter 26: Jf = 0.00e+00, c0 = 1.10e-05, c1 = 0.00e+00, c2 = 1.19e-06, c3 = 0.00e+00, c4 = 0.00e+00, c5 = 3.14e-07, c6 = 0.00e+00, 
Iter 26: Jf = 0.00e+00, c0 = 1.10e-05, c1 = 0.00e+00, c2 = 1.19e-06, c3 = 0.00e+00, c4 = 0.00e+00, c5 = 3.14e-07, c6 = 0.00e+00, 
Iter 26: Jf = 0.00e+00, c0 = 1.10e-05, c1 = 0.00e+00, c2 = 1.19e-06, c3 = 0.00e+00, c4 = 0.00e+00, c5 = 3.14e-07, c6 = 0.00e+00, 
Iter 27: Jf = 0.00e+00, c0 = 1.10e-05, c1 = 0.00e+00, c2 = 1.19e-06, c3 = 0.00e+00, c4 = 0.00e+00, c5 = 3.14e-07, c6 = 0.00e+00, 
Iter 27: Jf = 0.00e+00, c0 = 1.10e-05, c1 = 0.00e+00, c2 = 1.19e-06, c3 = 0.00e+00, c4 = 0.00e+00, c5 = 3.14e-07, c6 = 0.00e+00, 
Iter 27: Jf = 0.00e+00, c0 = 1.10e-05, c1 = 0.00e+00, c2 = 1.19e-06, c3 = 0.00e+00, c4 = 0.00e+00, c5 = 3.14e-07, c6 = 0.00e+00, 
Iter 27: Jf = 0.00e+00, c0 = 1.10e-05, c1 = 0.00e+00, c2 = 1.19e-06, c3 = 0.00e+00, c4 = 0.00e+00, c5 = 3.14e-07, c6 = 0.00e+00, 
Iter 28: Jf = 0.00e+00, c0 = 1.10e-05, c1 = 0.00e+00, c2 = 1.19e-06, c3 = 0.00e+00, c4 = 0.00e+00, c5 = 3.14e-07, c6 = 0.00e+00, 
Iter 28: Jf = 0.00e+00, c0 = 1.10e-05, c1 = 0.00e+00, c2 = 1.19e-06, c3 = 0.00e+00, c4 = 0.00e+00, c5 = 3.14e-07, c6 = 0.00e+00, 
Iter 28: Jf = 0.00e+00, c0 = 1.10e-05, c1 = 0.00e+00, c2 = 1.19e-06, c3 = 0.00e+00, c4 = 0.00e+00, c5 = 3.14e-07, c6 = 0.00e+00, 
Iter 28: Jf = 0.00e+00, c0 = 1.10e-05, c1 = 0.00e+00, c2 = 1.19e-06, c3 = 0.00e+00, c4 = 0.00e+00, c5 = 3.14e-07, c6 = 0.00e+00, 
Iter 29: Jf = 0.00e+00, c0 = 1.10e-05, c1 = 0.00e+00, c2 = 1.19e-06, c3 = 0.00e+00, c4 = 0.00e+00, c5 = 3.14e-07, c6 = 0.00e+00, 
Time taken: 13730.577095031738 seconds
Final CS-Sep constraint: 0
Iter 29: Jf = 0.00e+00, c0 = 1.10e-05, c1 = 0.00e+00, c2 = 1.19e-06, c3 = 0.00e+00, c4 = 0.00e+00, c5 = 3.14e-07, c6 = 0.00e+00, 
Time taken: 13730.577038288116 seconds
Final CS-Sep constraint: 0
Iter 29: Jf = 0.00e+00, c0 = 1.10e-05, c1 = 0.00e+00, c2 = 1.19e-06, c3 = 0.00e+00, c4 = 0.00e+00, c5 = 3.14e-07, c6 = 0.00e+00, 
Time taken: 13730.577026605606 seconds
Final CS-Sep constraint: 0
Iter 29: Jf = 0.00e+00, c0 = 1.10e-05, c1 = 0.00e+00, c2 = 1.19e-06, c3 = 0.00e+00, c4 = 0.00e+00, c5 = 3.14e-07, c6 = 0.00e+00, 
Time taken: 13730.577893257141 seconds
Final CS-Sep constraint: 0
Final CS-sep minimum distance: 0.10734854548636523
Final CS-sep minimum distance: 0.10734854548636523
Final CS-sep minimum distance: 0.10734854548636523
Final CS-sep minimum distance: 0.10734854548636523
Final CC-Sep constraint: 1.1948259878174153e-06
Final CC-Sep constraint: Final CC-Sep constraint: 1.1948259878174153e-06
1.1948259878174153e-06
Final CC-Sep constraint: Final CC-sep minimum distance: 0.08892249425595745
1.1948259878174153e-06
Final Len constraint: ['3.6', '2.7', '2.8', '3.1', '3.4']
Final Max Curvatures: [np.float64(15.986980855439018), np.float64(7.789927326219969), np.float64(8.079873805919409), np.float64(7.882753318751607), np.float64(9.105495489047394)]
Final CC-sep minimum distance: 0.08892249425595745
Final CC-sep minimum distance: 0.08892249425595745
Final Len constraint: ['3.6', '2.7', '2.8', '3.1', '3.4']
Final MSC constraint: ['16.00', '16.00', '16.00', '16.00', '16.00']
Final Max Curvatures: [np.float64(15.986980855439018), np.float64(7.789927326219969), np.float64(8.079873805919409), np.float64(7.882753318751607), np.float64(9.105495489047394)]
Final Len constraint: ['3.6', '2.7', '2.8', '3.1', '3.4']
Final Max Curvatures: [np.float64(15.986980855439018), np.float64(7.789927326219969), np.float64(8.079873805919409), np.float64(7.882753318751607), np.float64(9.105495489047394)]
Final MSC constraint: ['16.00', '16.00', '16.00', '16.00', '16.00']
Final MSC constraint: ['16.00', '16.00', '16.00', '16.00', '16.00']
Final CC-sep minimum distance: 0.08892249425595745
Final Len constraint: ['3.6', '2.7', '2.8', '3.1', '3.4']
Final Max Curvatures: [np.float64(15.986980855439018), np.float64(7.789927326219969), np.float64(8.079873805919409), np.float64(7.882753318751607), np.float64(9.105495489047394)]
Final MSC constraint: ['16.00', '16.00', '16.00', '16.00', '16.00']
Final Link constraint: 0
Final Link constraint: 0
Final Link constraint: 0
Final Link constraint: 0
Final Lengths: Final Lengths: Final Lengths: [Array(3.62084168, dtype=float64), Array(2.68916124, dtype=float64), Array(2.80751991, dtype=float64), Array(3.08216782, dtype=float64), Array(3.38790453, dtype=float64)] 15.587595182567796
[Array(3.62084168, dtype=float64), Array(2.68916124, dtype=float64), Array(2.80751991, dtype=float64), Array(3.08216782, dtype=float64), Array(3.38790453, dtype=float64)][Array(3.62084168, dtype=float64), Array(2.68916124, dtype=float64), Array(2.80751991, dtype=float64), Array(3.08216782, dtype=float64), Array(3.38790453, dtype=float64)] 15.587595182567796
 15.587595182567796
Final Lengths: [Array(3.62084168, dtype=float64), Array(2.68916124, dtype=float64), Array(2.80751991, dtype=float64), Array(3.08216782, dtype=float64), Array(3.38790453, dtype=float64)] 15.587595182567796
--------------------------------------------------------------------------------------------------------------------------------------------
FINAL LAGRANGE MULTIPLIERS: [-8.45378588e+12 -7.46584265e-01 -9.18360384e+11 -0.00000000e+00
 -0.00000000e+00 -3.77493646e+09 -0.00000000e+00]
--------------------------------------------------------------------------------------------------------------------------------------------
--------------------------------------------------------------------------------------------------------------------------------------------
FINAL LAGRANGE MULTIPLIERS: [-8.45378588e+12 -7.46584265e-01 -9.18360384e+11 -0.00000000e+00
 -0.00000000e+00 -3.77493646e+09 -0.00000000e+00]
--------------------------------------------------------------------------------------------------------------------------------------------
--------------------------------------------------------------------------------------------------------------------------------------------
FINAL LAGRANGE MULTIPLIERS: [-8.45378588e+12 -7.46584265e-01 -9.18360384e+11 -0.00000000e+00
 -0.00000000e+00 -3.77493646e+09 -0.00000000e+00]
--------------------------------------------------------------------------------------------------------------------------------------------
Final LOW RES NORMALIZED SQUARED FLUX: 8.468350009953762e-07

################################################################################
### Out-of-sample evaluation (manufacturing errors only) #######################
################################################################################

Final LOW RES NORMALIZED SQUARED FLUX: 8.468350009953762e-07
--------------------------------------------------------------------------------------------------------------------------------------------
FINAL LAGRANGE MULTIPLIERS: Final LOW RES NORMALIZED SQUARED FLUX: 8.468350009953762e-07
[-8.45378588e+12 -7.46584265e-01 -9.18360384e+11 -0.00000000e+00
 -0.00000000e+00 -3.77493646e+09 -0.00000000e+00]
--------------------------------------------------------------------------------------------------------------------------------------------
Final LOW RES NORMALIZED SQUARED FLUX: 8.468350009953762e-07
sigma_OOS=0.0010  Finished 100/1000 Out-of-Sample Evaluations
sigma_OOS=0.0010  Finished 200/1000 Out-of-Sample Evaluations
sigma_OOS=0.0010  Finished 300/1000 Out-of-Sample Evaluations
sigma_OOS=0.0010  Finished 400/1000 Out-of-Sample Evaluations
sigma_OOS=0.0010  Finished 500/1000 Out-of-Sample Evaluations
sigma_OOS=0.0010  Finished 600/1000 Out-of-Sample Evaluations
sigma_OOS=0.0010  Finished 700/1000 Out-of-Sample Evaluations
sigma_OOS=0.0010  Finished 800/1000 Out-of-Sample Evaluations
sigma_OOS=0.0010  Finished 900/1000 Out-of-Sample Evaluations
sigma_OOS=0.0010  Finished 1000/1000 Out-of-Sample Evaluations
sigma_OOS = 0.0010 -> mean J_OOS = 1.3069e-06  Q = 0.6480
sigma_OOS=0.0015  Finished 100/1000 Out-of-Sample Evaluations
sigma_OOS=0.0015  Finished 200/1000 Out-of-Sample Evaluations
sigma_OOS=0.0015  Finished 300/1000 Out-of-Sample Evaluations
sigma_OOS=0.0015  Finished 400/1000 Out-of-Sample Evaluations
sigma_OOS=0.0015  Finished 500/1000 Out-of-Sample Evaluations
sigma_OOS=0.0015  Finished 600/1000 Out-of-Sample Evaluations
sigma_OOS=0.0015  Finished 700/1000 Out-of-Sample Evaluations
sigma_OOS=0.0015  Finished 800/1000 Out-of-Sample Evaluations
sigma_OOS=0.0015  Finished 900/1000 Out-of-Sample Evaluations
sigma_OOS=0.0015  Finished 1000/1000 Out-of-Sample Evaluations
sigma_OOS = 0.0015 -> mean J_OOS = 1.8834e-06  Q = 0.4496
sigma_OOS=0.0020  Finished 100/1000 Out-of-Sample Evaluations
sigma_OOS=0.0020  Finished 200/1000 Out-of-Sample Evaluations
sigma_OOS=0.0020  Finished 300/1000 Out-of-Sample Evaluations
sigma_OOS=0.0020  Finished 400/1000 Out-of-Sample Evaluations
sigma_OOS=0.0020  Finished 500/1000 Out-of-Sample Evaluations
sigma_OOS=0.0020  Finished 600/1000 Out-of-Sample Evaluations
sigma_OOS=0.0020  Finished 700/1000 Out-of-Sample Evaluations
sigma_OOS=0.0020  Finished 800/1000 Out-of-Sample Evaluations
sigma_OOS=0.0020  Finished 900/1000 Out-of-Sample Evaluations
sigma_OOS=0.0020  Finished 1000/1000 Out-of-Sample Evaluations
sigma_OOS = 0.0020 -> mean J_OOS = 2.6920e-06  Q = 0.3146
sigma_OOS=0.0025  Finished 100/1000 Out-of-Sample Evaluations
sigma_OOS=0.0025  Finished 200/1000 Out-of-Sample Evaluations
sigma_OOS=0.0025  Finished 300/1000 Out-of-Sample Evaluations
sigma_OOS=0.0025  Finished 400/1000 Out-of-Sample Evaluations
sigma_OOS=0.0025  Finished 500/1000 Out-of-Sample Evaluations
sigma_OOS=0.0025  Finished 600/1000 Out-of-Sample Evaluations
sigma_OOS=0.0025  Finished 700/1000 Out-of-Sample Evaluations
sigma_OOS=0.0025  Finished 800/1000 Out-of-Sample Evaluations
sigma_OOS=0.0025  Finished 900/1000 Out-of-Sample Evaluations
sigma_OOS=0.0025  Finished 1000/1000 Out-of-Sample Evaluations
sigma_OOS = 0.0025 -> mean J_OOS = 3.7320e-06  Q = 0.2269
sigma_OOS=0.0030  Finished 100/1000 Out-of-Sample Evaluations
sigma_OOS=0.0030  Finished 200/1000 Out-of-Sample Evaluations
sigma_OOS=0.0030  Finished 300/1000 Out-of-Sample Evaluations
sigma_OOS=0.0030  Finished 400/1000 Out-of-Sample Evaluations
sigma_OOS=0.0030  Finished 500/1000 Out-of-Sample Evaluations
sigma_OOS=0.0030  Finished 600/1000 Out-of-Sample Evaluations
sigma_OOS=0.0030  Finished 700/1000 Out-of-Sample Evaluations
sigma_OOS=0.0030  Finished 800/1000 Out-of-Sample Evaluations
sigma_OOS=0.0030  Finished 900/1000 Out-of-Sample Evaluations
sigma_OOS=0.0030  Finished 1000/1000 Out-of-Sample Evaluations
sigma_OOS = 0.0030 -> mean J_OOS = 5.0062e-06  Q = 0.1692
sigma_OOS=0.0035  Finished 100/1000 Out-of-Sample Evaluations
sigma_OOS=0.0035  Finished 200/1000 Out-of-Sample Evaluations
sigma_OOS=0.0035  Finished 300/1000 Out-of-Sample Evaluations
sigma_OOS=0.0035  Finished 400/1000 Out-of-Sample Evaluations
sigma_OOS=0.0035  Finished 500/1000 Out-of-Sample Evaluations
sigma_OOS=0.0035  Finished 600/1000 Out-of-Sample Evaluations
sigma_OOS=0.0035  Finished 700/1000 Out-of-Sample Evaluations
sigma_OOS=0.0035  Finished 800/1000 Out-of-Sample Evaluations
sigma_OOS=0.0035  Finished 900/1000 Out-of-Sample Evaluations
sigma_OOS=0.0035  Finished 1000/1000 Out-of-Sample Evaluations
sigma_OOS = 0.0035 -> mean J_OOS = 6.5130e-06  Q = 0.1300
sigma_OOS=0.0040  Finished 100/1000 Out-of-Sample Evaluations
sigma_OOS=0.0040  Finished 200/1000 Out-of-Sample Evaluations
sigma_OOS=0.0040  Finished 300/1000 Out-of-Sample Evaluations
sigma_OOS=0.0040  Finished 400/1000 Out-of-Sample Evaluations
sigma_OOS=0.0040  Finished 500/1000 Out-of-Sample Evaluations
sigma_OOS=0.0040  Finished 600/1000 Out-of-Sample Evaluations
sigma_OOS=0.0040  Finished 700/1000 Out-of-Sample Evaluations
sigma_OOS=0.0040  Finished 800/1000 Out-of-Sample Evaluations
sigma_OOS=0.0040  Finished 900/1000 Out-of-Sample Evaluations
sigma_OOS=0.0040  Finished 1000/1000 Out-of-Sample Evaluations
sigma_OOS = 0.0040 -> mean J_OOS = 8.2596e-06  Q = 0.1025
sigma_OOS=0.0045  Finished 100/1000 Out-of-Sample Evaluations
sigma_OOS=0.0045  Finished 200/1000 Out-of-Sample Evaluations
sigma_OOS=0.0045  Finished 300/1000 Out-of-Sample Evaluations
sigma_OOS=0.0045  Finished 400/1000 Out-of-Sample Evaluations
sigma_OOS=0.0045  Finished 500/1000 Out-of-Sample Evaluations
sigma_OOS=0.0045  Finished 600/1000 Out-of-Sample Evaluations
sigma_OOS=0.0045  Finished 700/1000 Out-of-Sample Evaluations
sigma_OOS=0.0045  Finished 800/1000 Out-of-Sample Evaluations
sigma_OOS=0.0045  Finished 900/1000 Out-of-Sample Evaluations
sigma_OOS=0.0045  Finished 1000/1000 Out-of-Sample Evaluations
sigma_OOS = 0.0045 -> mean J_OOS = 1.0239e-05  Q = 0.0827
sigma_OOS=0.0050  Finished 100/1000 Out-of-Sample Evaluations
sigma_OOS=0.0050  Finished 200/1000 Out-of-Sample Evaluations
sigma_OOS=0.0050  Finished 300/1000 Out-of-Sample Evaluations
sigma_OOS=0.0050  Finished 400/1000 Out-of-Sample Evaluations
sigma_OOS=0.0050  Finished 500/1000 Out-of-Sample Evaluations
sigma_OOS=0.0050  Finished 600/1000 Out-of-Sample Evaluations
sigma_OOS=0.0050  Finished 700/1000 Out-of-Sample Evaluations
sigma_OOS=0.0050  Finished 800/1000 Out-of-Sample Evaluations
sigma_OOS=0.0050  Finished 900/1000 Out-of-Sample Evaluations
sigma_OOS=0.0050  Finished 1000/1000 Out-of-Sample Evaluations
sigma_OOS = 0.0050 -> mean J_OOS = 1.2459e-05  Q = 0.0680
Flux Objective for exact coils    : 8.468e-07
<B> : 1.884e-01
High Res B_N: 1.152e-03
Mean Flux Objective across perturbed coils: 1.100e-05
Out-of-sample flux value                  : 1.307e-06
<B_N>/<|B|> = 6.11e-03, Max BdotN/|B| = 3.58e-02
Quality Number: 0.648

Decoupled sigma_OOS scan, coil shape errors only (training sigma fixed at 5.0000e-03):
  sigma_OOS = 1.0000e-03  J_OOS = 1.3069e-06  Q = 0.6480
  sigma_OOS = 1.5000e-03  J_OOS = 1.8834e-06  Q = 0.4496
  sigma_OOS = 2.0000e-03  J_OOS = 2.6920e-06  Q = 0.3146
  sigma_OOS = 2.5000e-03  J_OOS = 3.7320e-06  Q = 0.2269
  sigma_OOS = 3.0000e-03  J_OOS = 5.0062e-06  Q = 0.1692
  sigma_OOS = 3.5000e-03  J_OOS = 6.5130e-06  Q = 0.1300
  sigma_OOS = 4.0000e-03  J_OOS = 8.2596e-06  Q = 0.1025
  sigma_OOS = 4.5000e-03  J_OOS = 1.0239e-05  Q = 0.0827
  sigma_OOS = 5.0000e-03  J_OOS = 1.2459e-05  Q = 0.0680

