Number of coils: 40
Coils: Order: 16, no. 5. Iterations: Optimization Iters: 1500, Aug Lag Iters: 30Length Thresh:16.2, CS/CC Thresh:0.1,0.1, Curvature/MSC Thresh:16, 16.

Number of coils: 40
Coils: Order: 16, no. 5. Iterations: Optimization Iters: 1500, Aug Lag Iters: 30Length Thresh:16.2, CS/CC Thresh:0.1,0.1, Curvature/MSC Thresh:16, 16.

Number of coils: 40
Coils: Order: 16, no. 5. Iterations: Optimization Iters: 1500, Aug Lag Iters: 30Length Thresh:16.2, CS/CC Thresh:0.1,0.1, Curvature/MSC Thresh:16, 16.

Number of coils: 40
Coils: Order: 16, no. 5. Iterations: Optimization Iters: 1500, Aug Lag Iters: 30Length Thresh:16.2, CS/CC Thresh:0.1,0.1, Curvature/MSC Thresh:16, 16.

Starting N_SAMPLE LOOP
Taylor test passed
Taylor test passed
Taylor test passed
Taylor test passed
Iter 1: Jf = 0.00e+00, c0 = 5.29e-02, c1 = 0.00e+00, c2 = 3.14e-04, c3 = 0.00e+00, c4 = 0.00e+00, c5 = 0.00e+00, c6 = 0.00e+00, 
Iter 1: Jf = 0.00e+00, c0 = 5.29e-02, c1 = 0.00e+00, c2 = 3.14e-04, c3 = 0.00e+00, c4 = 0.00e+00, c5 = 0.00e+00, c6 = 0.00e+00, 
Iter 1: Jf = 0.00e+00, c0 = 5.29e-02, c1 = 0.00e+00, c2 = 3.14e-04, c3 = 0.00e+00, c4 = 0.00e+00, c5 = 0.00e+00, c6 = 0.00e+00, 
Iter 1: Jf = 0.00e+00, c0 = 5.29e-02, c1 = 0.00e+00, c2 = 3.14e-04, c3 = 0.00e+00, c4 = 0.00e+00, c5 = 0.00e+00, c6 = 0.00e+00, 
Iter 2: Jf = 0.00e+00, c0 = 4.15e-03, c1 = 2.39e-03, c2 = 4.89e-04, c3 = 0.00e+00, c4 = 0.00e+00, c5 = 0.00e+00, c6 = 0.00e+00, 
Iter 2: Jf = 0.00e+00, c0 = 4.15e-03, c1 = 2.39e-03, c2 = 4.89e-04, c3 = 0.00e+00, c4 = 0.00e+00, c5 = 0.00e+00, c6 = 0.00e+00, 
Iter 2: Jf = 0.00e+00, c0 = 4.15e-03, c1 = 2.39e-03, c2 = 4.89e-04, c3 = 0.00e+00, c4 = 0.00e+00, c5 = 0.00e+00, c6 = 0.00e+00, 
Iter 2: Jf = 0.00e+00, c0 = 4.15e-03, c1 = 2.39e-03, c2 = 4.89e-04, c3 = 0.00e+00, c4 = 0.00e+00, c5 = 0.00e+00, c6 = 0.00e+00, 
Iter 3: Jf = 0.00e+00, c0 = 3.58e-04, c1 = 0.00e+00, c2 = 4.28e-04, c3 = 0.00e+00, c4 = 0.00e+00, c5 = 0.00e+00, c6 = 0.00e+00, 
Iter 3: Jf = 0.00e+00, c0 = 3.58e-04, c1 = 0.00e+00, c2 = 4.28e-04, c3 = 0.00e+00, c4 = 0.00e+00, c5 = 0.00e+00, c6 = 0.00e+00, 
Iter 3: Jf = 0.00e+00, c0 = 3.58e-04, c1 = 0.00e+00, c2 = 4.28e-04, c3 = 0.00e+00, c4 = 0.00e+00, c5 = 0.00e+00, c6 = 0.00e+00, 
Iter 3: Jf = 0.00e+00, c0 = 3.58e-04, c1 = 0.00e+00, c2 = 4.28e-04, c3 = 0.00e+00, c4 = 0.00e+00, c5 = 0.00e+00, c6 = 0.00e+00, 
Iter 4: Jf = 0.00e+00, c0 = 3.58e-04, c1 = 0.00e+00, c2 = 4.28e-04, c3 = 0.00e+00, c4 = 0.00e+00, c5 = 0.00e+00, c6 = 0.00e+00, 
Iter 4: Jf = 0.00e+00, c0 = 3.58e-04, c1 = 0.00e+00, c2 = 4.28e-04, c3 = 0.00e+00, c4 = 0.00e+00, c5 = 0.00e+00, c6 = 0.00e+00, 
Iter 4: Jf = 0.00e+00, c0 = 3.58e-04, c1 = 0.00e+00, c2 = 4.28e-04, c3 = 0.00e+00, c4 = 0.00e+00, c5 = 0.00e+00, c6 = 0.00e+00, 
Iter 4: Jf = 0.00e+00, c0 = 3.58e-04, c1 = 0.00e+00, c2 = 4.28e-04, c3 = 0.00e+00, c4 = 0.00e+00, c5 = 0.00e+00, c6 = 0.00e+00, 
Iter 5: Jf = 0.00e+00, c0 = 3.58e-04, c1 = 0.00e+00, c2 = 4.28e-04, c3 = 0.00e+00, c4 = 0.00e+00, c5 = 0.00e+00, c6 = 0.00e+00, 
Iter 5: Jf = 0.00e+00, c0 = 3.58e-04, c1 = 0.00e+00, c2 = 4.28e-04, c3 = 0.00e+00, c4 = 0.00e+00, c5 = 0.00e+00, c6 = 0.00e+00, 
Iter 5: Jf = 0.00e+00, c0 = 3.58e-04, c1 = 0.00e+00, c2 = 4.28e-04, c3 = 0.00e+00, c4 = 0.00e+00, c5 = 0.00e+00, c6 = 0.00e+00, 
Iter 5: Jf = 0.00e+00, c0 = 3.58e-04, c1 = 0.00e+00, c2 = 4.28e-04, c3 = 0.00e+00, c4 = 0.00e+00, c5 = 0.00e+00, c6 = 0.00e+00, 
Iter 6: Jf = 0.00e+00, c0 = 3.72e-05, c1 = 1.63e-06, c2 = 1.35e-06, c3 = 0.00e+00, c4 = 0.00e+00, c5 = 0.00e+00, c6 = 0.00e+00, 
Iter 6: Jf = 0.00e+00, c0 = 3.72e-05, c1 = 1.63e-06, c2 = 1.35e-06, c3 = 0.00e+00, c4 = 0.00e+00, c5 = 0.00e+00, c6 = 0.00e+00, 
Iter 6: Jf = 0.00e+00, c0 = 3.72e-05, c1 = 1.63e-06, c2 = 1.35e-06, c3 = 0.00e+00, c4 = 0.00e+00, c5 = 0.00e+00, c6 = 0.00e+00, 
Iter 6: Jf = 0.00e+00, c0 = 3.72e-05, c1 = 1.63e-06, c2 = 1.35e-06, c3 = 0.00e+00, c4 = 0.00e+00, c5 = 0.00e+00, c6 = 0.00e+00, 
Iter 7: Jf = 0.00e+00, c0 = 3.72e-05, c1 = 1.63e-06, c2 = 1.35e-06, c3 = 0.00e+00, c4 = 0.00e+00, c5 = 0.00e+00, c6 = 0.00e+00, 
Iter 7: Jf = 0.00e+00, c0 = 3.72e-05, c1 = 1.63e-06, c2 = 1.35e-06, c3 = 0.00e+00, c4 = 0.00e+00, c5 = 0.00e+00, c6 = 0.00e+00, 
Iter 7: Jf = 0.00e+00, c0 = 3.72e-05, c1 = 1.63e-06, c2 = 1.35e-06, c3 = 0.00e+00, c4 = 0.00e+00, c5 = 0.00e+00, c6 = 0.00e+00, 
Iter 7: Jf = 0.00e+00, c0 = 3.72e-05, c1 = 1.63e-06, c2 = 1.35e-06, c3 = 0.00e+00, c4 = 0.00e+00, c5 = 0.00e+00, c6 = 0.00e+00, 
Iter 8: Jf = 0.00e+00, c0 = 7.55e-06, c1 = 2.93e-08, c2 = 1.12e-06, c3 = 0.00e+00, c4 = 0.00e+00, c5 = 5.33e-05, c6 = 0.00e+00, 
Iter 8: Jf = 0.00e+00, c0 = 7.55e-06, c1 = 2.93e-08, c2 = 1.12e-06, c3 = 0.00e+00, c4 = 0.00e+00, c5 = 5.33e-05, c6 = 0.00e+00, 
Iter 8: Jf = 0.00e+00, c0 = 7.55e-06, c1 = 2.93e-08, c2 = 1.12e-06, c3 = 0.00e+00, c4 = 0.00e+00, c5 = 5.33e-05, c6 = 0.00e+00, 
Iter 8: Jf = 0.00e+00, c0 = 7.55e-06, c1 = 2.93e-08, c2 = 1.12e-06, c3 = 0.00e+00, c4 = 0.00e+00, c5 = 5.33e-05, c6 = 0.00e+00, 
Iter 9: Jf = 0.00e+00, c0 = 7.55e-06, c1 = 2.93e-08, c2 = 1.12e-06, c3 = 0.00e+00, c4 = 0.00e+00, c5 = 5.33e-05, c6 = 0.00e+00, 
Iter 9: Jf = 0.00e+00, c0 = 7.55e-06, c1 = 2.93e-08, c2 = 1.12e-06, c3 = 0.00e+00, c4 = 0.00e+00, c5 = 5.33e-05, c6 = 0.00e+00, 
Iter 9: Jf = 0.00e+00, c0 = 7.55e-06, c1 = 2.93e-08, c2 = 1.12e-06, c3 = 0.00e+00, c4 = 0.00e+00, c5 = 5.33e-05, c6 = 0.00e+00, 
Iter 9: Jf = 0.00e+00, c0 = 7.55e-06, c1 = 2.93e-08, c2 = 1.12e-06, c3 = 0.00e+00, c4 = 0.00e+00, c5 = 5.33e-05, c6 = 0.00e+00, 
Iter 10: Jf = 0.00e+00, c0 = 7.55e-06, c1 = 2.93e-08, c2 = 1.12e-06, c3 = 0.00e+00, c4 = 0.00e+00, c5 = 5.33e-05, c6 = 0.00e+00, 
Iter 10: Jf = 0.00e+00, c0 = 7.55e-06, c1 = 2.93e-08, c2 = 1.12e-06, c3 = 0.00e+00, c4 = 0.00e+00, c5 = 5.33e-05, c6 = 0.00e+00, 
Iter 10: Jf = 0.00e+00, c0 = 7.55e-06, c1 = 2.93e-08, c2 = 1.12e-06, c3 = 0.00e+00, c4 = 0.00e+00, c5 = 5.33e-05, c6 = 0.00e+00, 
Iter 10: Jf = 0.00e+00, c0 = 7.55e-06, c1 = 2.93e-08, c2 = 1.12e-06, c3 = 0.00e+00, c4 = 0.00e+00, c5 = 5.33e-05, c6 = 0.00e+00, 
Iter 11: Jf = 0.00e+00, c0 = 7.55e-06, c1 = 2.93e-08, c2 = 1.12e-06, c3 = 0.00e+00, c4 = 0.00e+00, c5 = 5.33e-05, c6 = 0.00e+00, 
Iter 11: Jf = 0.00e+00, c0 = 7.55e-06, c1 = 2.93e-08, c2 = 1.12e-06, c3 = 0.00e+00, c4 = 0.00e+00, c5 = 5.33e-05, c6 = 0.00e+00, 
Iter 11: Jf = 0.00e+00, c0 = 7.55e-06, c1 = 2.93e-08, c2 = 1.12e-06, c3 = 0.00e+00, c4 = 0.00e+00, c5 = 5.33e-05, c6 = 0.00e+00, 
Iter 11: Jf = 0.00e+00, c0 = 7.55e-06, c1 = 2.93e-08, c2 = 1.12e-06, c3 = 0.00e+00, c4 = 0.00e+00, c5 = 5.33e-05, c6 = 0.00e+00, 
Iter 12: Jf = 0.00e+00, c0 = 7.55e-06, c1 = 2.93e-08, c2 = 1.12e-06, c3 = 0.00e+00, c4 = 0.00e+00, c5 = 5.33e-05, c6 = 0.00e+00, 
Iter 12: Jf = 0.00e+00, c0 = 7.55e-06, c1 = 2.93e-08, c2 = 1.12e-06, c3 = 0.00e+00, c4 = 0.00e+00, c5 = 5.33e-05, c6 = 0.00e+00, 
Iter 12: Jf = 0.00e+00, c0 = 7.55e-06, c1 = 2.93e-08, c2 = 1.12e-06, c3 = 0.00e+00, c4 = 0.00e+00, c5 = 5.33e-05, c6 = 0.00e+00, 
Iter 12: Jf = 0.00e+00, c0 = 7.55e-06, c1 = 2.93e-08, c2 = 1.12e-06, c3 = 0.00e+00, c4 = 0.00e+00, c5 = 5.33e-05, c6 = 0.00e+00, 
Iter 13: Jf = 0.00e+00, c0 = 7.55e-06, c1 = 2.93e-08, c2 = 1.12e-06, c3 = 0.00e+00, c4 = 0.00e+00, c5 = 5.33e-05, c6 = 0.00e+00, 
Iter 13: Jf = 0.00e+00, c0 = 7.55e-06, c1 = 2.93e-08, c2 = 1.12e-06, c3 = 0.00e+00, c4 = 0.00e+00, c5 = 5.33e-05, c6 = 0.00e+00, 
Iter 13: Jf = 0.00e+00, c0 = 7.55e-06, c1 = 2.93e-08, c2 = 1.12e-06, c3 = 0.00e+00, c4 = 0.00e+00, c5 = 5.33e-05, c6 = 0.00e+00, 
Iter 13: Jf = 0.00e+00, c0 = 7.55e-06, c1 = 2.93e-08, c2 = 1.12e-06, c3 = 0.00e+00, c4 = 0.00e+00, c5 = 5.33e-05, c6 = 0.00e+00, 
Iter 14: Jf = 0.00e+00, c0 = 7.55e-06, c1 = 2.93e-08, c2 = 1.12e-06, c3 = 0.00e+00, c4 = 0.00e+00, c5 = 5.33e-05, c6 = 0.00e+00, 
Iter 14: Jf = 0.00e+00, c0 = 7.55e-06, c1 = 2.93e-08, c2 = 1.12e-06, c3 = 0.00e+00, c4 = 0.00e+00, c5 = 5.33e-05, c6 = 0.00e+00, 
Iter 14: Jf = 0.00e+00, c0 = 7.55e-06, c1 = 2.93e-08, c2 = 1.12e-06, c3 = 0.00e+00, c4 = 0.00e+00, c5 = 5.33e-05, c6 = 0.00e+00, 
Iter 14: Jf = 0.00e+00, c0 = 7.55e-06, c1 = 2.93e-08, c2 = 1.12e-06, c3 = 0.00e+00, c4 = 0.00e+00, c5 = 5.33e-05, c6 = 0.00e+00, 
Iter 15: Jf = 0.00e+00, c0 = 7.55e-06, c1 = 2.93e-08, c2 = 1.12e-06, c3 = 0.00e+00, c4 = 0.00e+00, c5 = 5.33e-05, c6 = 0.00e+00, 
Iter 15: Jf = 0.00e+00, c0 = 7.55e-06, c1 = 2.93e-08, c2 = 1.12e-06, c3 = 0.00e+00, c4 = 0.00e+00, c5 = 5.33e-05, c6 = 0.00e+00, 
Iter 15: Jf = 0.00e+00, c0 = 7.55e-06, c1 = 2.93e-08, c2 = 1.12e-06, c3 = 0.00e+00, c4 = 0.00e+00, c5 = 5.33e-05, c6 = 0.00e+00, 
Iter 15: Jf = 0.00e+00, c0 = 7.55e-06, c1 = 2.93e-08, c2 = 1.12e-06, c3 = 0.00e+00, c4 = 0.00e+00, c5 = 5.33e-05, c6 = 0.00e+00, 
Iter 16: Jf = 0.00e+00, c0 = 7.55e-06, c1 = 2.93e-08, c2 = 1.12e-06, c3 = 0.00e+00, c4 = 0.00e+00, c5 = 5.33e-05, c6 = 0.00e+00, 
Iter 16: Jf = 0.00e+00, c0 = 7.55e-06, c1 = 2.93e-08, c2 = 1.12e-06, c3 = 0.00e+00, c4 = 0.00e+00, c5 = 5.33e-05, c6 = 0.00e+00, 
Iter 16: Jf = 0.00e+00, c0 = 7.55e-06, c1 = 2.93e-08, c2 = 1.12e-06, c3 = 0.00e+00, c4 = 0.00e+00, c5 = 5.33e-05, c6 = 0.00e+00, 
Iter 16: Jf = 0.00e+00, c0 = 7.55e-06, c1 = 2.93e-08, c2 = 1.12e-06, c3 = 0.00e+00, c4 = 0.00e+00, c5 = 5.33e-05, c6 = 0.00e+00, 
Iter 17: Jf = 0.00e+00, c0 = 7.55e-06, c1 = 2.93e-08, c2 = 1.12e-06, c3 = 0.00e+00, c4 = 0.00e+00, c5 = 5.33e-05, c6 = 0.00e+00, 
Iter 17: Jf = 0.00e+00, c0 = 7.55e-06, c1 = 2.93e-08, c2 = 1.12e-06, c3 = 0.00e+00, c4 = 0.00e+00, c5 = 5.33e-05, c6 = 0.00e+00, 
Iter 17: Jf = 0.00e+00, c0 = 7.55e-06, c1 = 2.93e-08, c2 = 1.12e-06, c3 = 0.00e+00, c4 = 0.00e+00, c5 = 5.33e-05, c6 = 0.00e+00, 
Iter 17: Jf = 0.00e+00, c0 = 7.55e-06, c1 = 2.93e-08, c2 = 1.12e-06, c3 = 0.00e+00, c4 = 0.00e+00, c5 = 5.33e-05, c6 = 0.00e+00, 
Iter 18: Jf = 0.00e+00, c0 = 7.55e-06, c1 = 2.93e-08, c2 = 1.12e-06, c3 = 0.00e+00, c4 = 0.00e+00, c5 = 5.33e-05, c6 = 0.00e+00, 
Iter 18: Jf = 0.00e+00, c0 = 7.55e-06, c1 = 2.93e-08, c2 = 1.12e-06, c3 = 0.00e+00, c4 = 0.00e+00, c5 = 5.33e-05, c6 = 0.00e+00, 
Iter 18: Jf = 0.00e+00, c0 = 7.55e-06, c1 = 2.93e-08, c2 = 1.12e-06, c3 = 0.00e+00, c4 = 0.00e+00, c5 = 5.33e-05, c6 = 0.00e+00, 
Iter 18: Jf = 0.00e+00, c0 = 7.55e-06, c1 = 2.93e-08, c2 = 1.12e-06, c3 = 0.00e+00, c4 = 0.00e+00, c5 = 5.33e-05, c6 = 0.00e+00, 
Iter 19: Jf = 0.00e+00, c0 = 7.55e-06, c1 = 2.93e-08, c2 = 1.12e-06, c3 = 0.00e+00, c4 = 0.00e+00, c5 = 5.33e-05, c6 = 0.00e+00, 
Iter 19: Jf = 0.00e+00, c0 = 7.55e-06, c1 = 2.93e-08, c2 = 1.12e-06, c3 = 0.00e+00, c4 = 0.00e+00, c5 = 5.33e-05, c6 = 0.00e+00, 
Iter 19: Jf = 0.00e+00, c0 = 7.55e-06, c1 = 2.93e-08, c2 = 1.12e-06, c3 = 0.00e+00, c4 = 0.00e+00, c5 = 5.33e-05, c6 = 0.00e+00, 
Iter 19: Jf = 0.00e+00, c0 = 7.55e-06, c1 = 2.93e-08, c2 = 1.12e-06, c3 = 0.00e+00, c4 = 0.00e+00, c5 = 5.33e-05, c6 = 0.00e+00, 
Iter 20: Jf = 0.00e+00, c0 = 7.55e-06, c1 = 2.93e-08, c2 = 1.12e-06, c3 = 0.00e+00, c4 = 0.00e+00, c5 = 5.33e-05, c6 = 0.00e+00, 
Iter 20: Jf = 0.00e+00, c0 = 7.55e-06, c1 = 2.93e-08, c2 = 1.12e-06, c3 = 0.00e+00, c4 = 0.00e+00, c5 = 5.33e-05, c6 = 0.00e+00, 
Iter 20: Jf = 0.00e+00, c0 = 7.55e-06, c1 = 2.93e-08, c2 = 1.12e-06, c3 = 0.00e+00, c4 = 0.00e+00, c5 = 5.33e-05, c6 = 0.00e+00, 
Iter 20: Jf = 0.00e+00, c0 = 7.55e-06, c1 = 2.93e-08, c2 = 1.12e-06, c3 = 0.00e+00, c4 = 0.00e+00, c5 = 5.33e-05, c6 = 0.00e+00, 
Iter 21: Jf = 0.00e+00, c0 = 7.55e-06, c1 = 2.93e-08, c2 = 1.12e-06, c3 = 0.00e+00, c4 = 0.00e+00, c5 = 5.33e-05, c6 = 0.00e+00, 
Iter 21: Jf = 0.00e+00, c0 = 7.55e-06, c1 = 2.93e-08, c2 = 1.12e-06, c3 = 0.00e+00, c4 = 0.00e+00, c5 = 5.33e-05, c6 = 0.00e+00, 
Iter 21: Jf = 0.00e+00, c0 = 7.55e-06, c1 = 2.93e-08, c2 = 1.12e-06, c3 = 0.00e+00, c4 = 0.00e+00, c5 = 5.33e-05, c6 = 0.00e+00, 
Iter 21: Jf = 0.00e+00, c0 = 7.55e-06, c1 = 2.93e-08, c2 = 1.12e-06, c3 = 0.00e+00, c4 = 0.00e+00, c5 = 5.33e-05, c6 = 0.00e+00, 
Iter 22: Jf = 0.00e+00, c0 = 7.55e-06, c1 = 2.93e-08, c2 = 1.12e-06, c3 = 0.00e+00, c4 = 0.00e+00, c5 = 5.33e-05, c6 = 0.00e+00, 
Iter 22: Jf = 0.00e+00, c0 = 7.55e-06, c1 = 2.93e-08, c2 = 1.12e-06, c3 = 0.00e+00, c4 = 0.00e+00, c5 = 5.33e-05, c6 = 0.00e+00, 
Iter 22: Jf = 0.00e+00, c0 = 7.55e-06, c1 = 2.93e-08, c2 = 1.12e-06, c3 = 0.00e+00, c4 = 0.00e+00, c5 = 5.33e-05, c6 = 0.00e+00, 
Iter 22: Jf = 0.00e+00, c0 = 7.55e-06, c1 = 2.93e-08, c2 = 1.12e-06, c3 = 0.00e+00, c4 = 0.00e+00, c5 = 5.33e-05, c6 = 0.00e+00, 
Iter 23: Jf = 0.00e+00, c0 = 7.55e-06, c1 = 2.93e-08, c2 = 1.12e-06, c3 = 0.00e+00, c4 = 0.00e+00, c5 = 5.33e-05, c6 = 0.00e+00, 
Iter 23: Jf = 0.00e+00, c0 = 7.55e-06, c1 = 2.93e-08, c2 = 1.12e-06, c3 = 0.00e+00, c4 = 0.00e+00, c5 = 5.33e-05, c6 = 0.00e+00, 
Iter 23: Jf = 0.00e+00, c0 = 7.55e-06, c1 = 2.93e-08, c2 = 1.12e-06, c3 = 0.00e+00, c4 = 0.00e+00, c5 = 5.33e-05, c6 = 0.00e+00, 
Iter 23: Jf = 0.00e+00, c0 = 7.55e-06, c1 = 2.93e-08, c2 = 1.12e-06, c3 = 0.00e+00, c4 = 0.00e+00, c5 = 5.33e-05, c6 = 0.00e+00, 
Iter 24: Jf = 0.00e+00, c0 = 7.55e-06, c1 = 2.93e-08, c2 = 1.12e-06, c3 = 0.00e+00, c4 = 0.00e+00, c5 = 5.33e-05, c6 = 0.00e+00, 
Iter 24: Jf = 0.00e+00, c0 = 7.55e-06, c1 = 2.93e-08, c2 = 1.12e-06, c3 = 0.00e+00, c4 = 0.00e+00, c5 = 5.33e-05, c6 = 0.00e+00, 
Iter 24: Jf = 0.00e+00, c0 = 7.55e-06, c1 = 2.93e-08, c2 = 1.12e-06, c3 = 0.00e+00, c4 = 0.00e+00, c5 = 5.33e-05, c6 = 0.00e+00, 
Iter 24: Jf = 0.00e+00, c0 = 7.55e-06, c1 = 2.93e-08, c2 = 1.12e-06, c3 = 0.00e+00, c4 = 0.00e+00, c5 = 5.33e-05, c6 = 0.00e+00, 
Iter 25: Jf = 0.00e+00, c0 = 7.55e-06, c1 = 2.93e-08, c2 = 1.12e-06, c3 = 0.00e+00, c4 = 0.00e+00, c5 = 5.33e-05, c6 = 0.00e+00, 
Iter 25: Jf = 0.00e+00, c0 = 7.55e-06, c1 = 2.93e-08, c2 = 1.12e-06, c3 = 0.00e+00, c4 = 0.00e+00, c5 = 5.33e-05, c6 = 0.00e+00, 
Iter 25: Jf = 0.00e+00, c0 = 7.55e-06, c1 = 2.93e-08, c2 = 1.12e-06, c3 = 0.00e+00, c4 = 0.00e+00, c5 = 5.33e-05, c6 = 0.00e+00, 
Iter 25: Jf = 0.00e+00, c0 = 7.55e-06, c1 = 2.93e-08, c2 = 1.12e-06, c3 = 0.00e+00, c4 = 0.00e+00, c5 = 5.33e-05, c6 = 0.00e+00, 
Iter 26: Jf = 0.00e+00, c0 = 7.55e-06, c1 = 2.93e-08, c2 = 1.12e-06, c3 = 0.00e+00, c4 = 0.00e+00, c5 = 5.33e-05, c6 = 0.00e+00, 
Iter 26: Jf = 0.00e+00, c0 = 7.55e-06, c1 = 2.93e-08, c2 = 1.12e-06, c3 = 0.00e+00, c4 = 0.00e+00, c5 = 5.33e-05, c6 = 0.00e+00, 
Iter 26: Jf = 0.00e+00, c0 = 7.55e-06, c1 = 2.93e-08, c2 = 1.12e-06, c3 = 0.00e+00, c4 = 0.00e+00, c5 = 5.33e-05, c6 = 0.00e+00, 
Iter 26: Jf = 0.00e+00, c0 = 7.55e-06, c1 = 2.93e-08, c2 = 1.12e-06, c3 = 0.00e+00, c4 = 0.00e+00, c5 = 5.33e-05, c6 = 0.00e+00, 
Iter 27: Jf = 0.00e+00, c0 = 7.55e-06, c1 = 2.93e-08, c2 = 1.12e-06, c3 = 0.00e+00, c4 = 0.00e+00, c5 = 5.33e-05, c6 = 0.00e+00, 
Iter 27: Jf = 0.00e+00, c0 = 7.55e-06, c1 = 2.93e-08, c2 = 1.12e-06, c3 = 0.00e+00, c4 = 0.00e+00, c5 = 5.33e-05, c6 = 0.00e+00, 
Iter 27: Jf = 0.00e+00, c0 = 7.55e-06, c1 = 2.93e-08, c2 = 1.12e-06, c3 = 0.00e+00, c4 = 0.00e+00, c5 = 5.33e-05, c6 = 0.00e+00, 
Iter 27: Jf = 0.00e+00, c0 = 7.55e-06, c1 = 2.93e-08, c2 = 1.12e-06, c3 = 0.00e+00, c4 = 0.00e+00, c5 = 5.33e-05, c6 = 0.00e+00, 
Iter 28: Jf = 0.00e+00, c0 = 7.55e-06, c1 = 2.93e-08, c2 = 1.12e-06, c3 = 0.00e+00, c4 = 0.00e+00, c5 = 5.33e-05, c6 = 0.00e+00, 
Iter 28: Jf = 0.00e+00, c0 = 7.55e-06, c1 = 2.93e-08, c2 = 1.12e-06, c3 = 0.00e+00, c4 = 0.00e+00, c5 = 5.33e-05, c6 = 0.00e+00, 
Iter 28: Jf = 0.00e+00, c0 = 7.55e-06, c1 = 2.93e-08, c2 = 1.12e-06, c3 = 0.00e+00, c4 = 0.00e+00, c5 = 5.33e-05, c6 = 0.00e+00, 
Iter 28: Jf = 0.00e+00, c0 = 7.55e-06, c1 = 2.93e-08, c2 = 1.12e-06, c3 = 0.00e+00, c4 = 0.00e+00, c5 = 5.33e-05, c6 = 0.00e+00, 
Iter 29: Jf = 0.00e+00, c0 = 7.55e-06, c1 = 2.93e-08, c2 = 1.12e-06, c3 = 0.00e+00, c4 = 0.00e+00, c5 = 5.33e-05, c6 = 0.00e+00, 
Iter 29: Jf = 0.00e+00, c0 = 7.55e-06, c1 = 2.93e-08, c2 = 1.12e-06, c3 = 0.00e+00, c4 = 0.00e+00, c5 = 5.33e-05, c6 = 0.00e+00, 
Time taken: 2122.362643480301 seconds
Final CS-Sep constraint: 0
Iter 29: Jf = 0.00e+00, c0 = 7.55e-06, c1 = 2.93e-08, c2 = 1.12e-06, c3 = 0.00e+00, c4 = 0.00e+00, c5 = 5.33e-05, c6 = 0.00e+00, Time taken: 2122.362671136856 seconds
Final CS-Sep constraint: 0

Time taken: 2122.3629298210144 seconds
Final CS-Sep constraint: 0
Iter 29: Jf = 0.00e+00, c0 = 7.55e-06, c1 = 2.93e-08, c2 = 1.12e-06, c3 = 0.00e+00, c4 = 0.00e+00, c5 = 5.33e-05, c6 = 0.00e+00, 
Time taken: 2122.3629660606384 seconds
Final CS-Sep constraint: 0
Final CS-sep minimum distance: 0.10628115454624944
Final CS-sep minimum distance: 0.10628115454624944
Final CS-sep minimum distance: 0.10628115454624944
Final CS-sep minimum distance: 0.10628115454624944
Final CC-Sep constraint: Final CC-Sep constraint: 1.11621138959531e-06
1.11621138959531e-06
Final CC-Sep constraint: Final CC-Sep constraint: 1.11621138959531e-06
1.11621138959531e-06
Final CC-sep minimum distance: 0.08877585325048026
Final CC-sep minimum distance: 0.08877585325048026
Final Len constraint: ['4.0', '2.6', '2.9', '3.5', '3.2']
Final Max Curvatures: [np.float64(12.849623720101157), np.float64(8.691007097300519), np.float64(9.139348294067853), np.float64(9.929449894784812), np.float64(7.274253117239072)]
Final Len constraint: ['4.0', '2.6', '2.9', '3.5', '3.2']
Final Max Curvatures: [np.float64(12.849623720101157), np.float64(8.691007097300519), np.float64(9.139348294067853), np.float64(9.929449894784812), np.float64(7.274253117239072)]
Final MSC constraint: ['16.00', '16.00', '16.00', '16.00', '16.01']
Final CC-sep minimum distance: 0.08877585325048026
Final CC-sep minimum distance: 0.08877585325048026
Final MSC constraint: ['16.00', '16.00', '16.00', '16.00', '16.01']
Final Len constraint: ['4.0', '2.6', '2.9', '3.5', '3.2']
Final Max Curvatures: [np.float64(12.849623720101157), np.float64(8.691007097300519), np.float64(9.139348294067853), np.float64(9.929449894784812), np.float64(7.274253117239072)]
Final Len constraint: ['4.0', '2.6', '2.9', '3.5', '3.2']
Final Max Curvatures: [np.float64(12.849623720101157), np.float64(8.691007097300519), np.float64(9.139348294067853), np.float64(9.929449894784812), np.float64(7.274253117239072)]
Final MSC constraint: ['16.00', '16.00', '16.00', '16.00', '16.01']
Final MSC constraint: ['16.00', '16.00', '16.00', '16.00', '16.01']
Final Link constraint: 0
Final Link constraint: 0
Final Link constraint: 0
Final Link constraint: 0
Final Lengths: Final Lengths: [Array(3.95390343, dtype=float64), Array(2.61629726, dtype=float64), Array(2.94281159, dtype=float64), Array(3.46118014, dtype=float64), Array(3.22604954, dtype=float64)] 16.20024195234689
[Array(3.95390343, dtype=float64), Array(2.61629726, dtype=float64), Array(2.94281159, dtype=float64), Array(3.46118014, dtype=float64), Array(3.22604954, dtype=float64)] 16.20024195234689
Final Lengths: Final Lengths: [Array(3.95390343, dtype=float64), Array(2.61629726, dtype=float64), Array(2.94281159, dtype=float64), Array(3.46118014, dtype=float64), Array(3.22604954, dtype=float64)] 16.20024195234689
[Array(3.95390343, dtype=float64), Array(2.61629726, dtype=float64), Array(2.94281159, dtype=float64), Array(3.46118014, dtype=float64), Array(3.22604954, dtype=float64)] 16.20024195234689
--------------------------------------------------------------------------------------------------------------------------------------------
FINAL LAGRANGE MULTIPLIERS: [-2.32212807e+13 -3.51526597e+08 -3.43174431e+12 -0.00000000e+00
 -0.00000000e+00 -1.00072854e+10 -0.00000000e+00]
--------------------------------------------------------------------------------------------------------------------------------------------
--------------------------------------------------------------------------------------------------------------------------------------------
FINAL LAGRANGE MULTIPLIERS: [-2.32212807e+13 -3.51526597e+08 -3.43174431e+12 -0.00000000e+00
 -0.00000000e+00 -1.00072854e+10 -0.00000000e+00]
--------------------------------------------------------------------------------------------------------------------------------------------
--------------------------------------------------------------------------------------------------------------------------------------------
FINAL LAGRANGE MULTIPLIERS: [-2.32212807e+13 -3.51526597e+08 -3.43174431e+12 -0.00000000e+00
 -0.00000000e+00 -1.00072854e+10 -0.00000000e+00]
--------------------------------------------------------------------------------------------------------------------------------------------
--------------------------------------------------------------------------------------------------------------------------------------------
FINAL LAGRANGE MULTIPLIERS: [-2.32212807e+13 -3.51526597e+08 -3.43174431e+12 -0.00000000e+00
 -0.00000000e+00 -1.00072854e+10 -0.00000000e+00]
--------------------------------------------------------------------------------------------------------------------------------------------
Final LOW RES NORMALIZED SQUARED FLUX: 1.1153687612673401e-06
Final LOW RES NORMALIZED SQUARED FLUX: 1.1153687612673401e-06
Final LOW RES NORMALIZED SQUARED FLUX: 1.1153687612673401e-06
Final LOW RES NORMALIZED SQUARED FLUX: 1.1153687612673401e-06
Finished 100/1000 Out-of-Sample Evaluations
Finished 200/1000 Out-of-Sample Evaluations
Finished 300/1000 Out-of-Sample Evaluations
Finished 400/1000 Out-of-Sample Evaluations
Finished 500/1000 Out-of-Sample Evaluations
Finished 600/1000 Out-of-Sample Evaluations
Finished 700/1000 Out-of-Sample Evaluations
Finished 800/1000 Out-of-Sample Evaluations
Finished 900/1000 Out-of-Sample Evaluations
Finished 1000/1000 Out-of-Sample Evaluations
Flux Objective for exact coils    : 1.115e-06
<B> : 1.601e-01
High Res B_N: 1.602e-03
Out-of-sample flux value                  : 1.205e-05
<B_N>/<|B|> = 1.00e-02, Max BdotN/|B| = 1.17e-01
Quality Number: 0.093

