SLURM job ID: 5912371
Running initial guess perturbation scan
6
output_stage_two_optimization_QH5_pert_init__curves

################################################################################
### Perform a Taylor test ######################################################
################################################################################

err -0.0424570834602247
err -0.00040014950080236034
err -2.2716984307002974e-06
err 1.7957963871495508e-07
err 1.5710720280281976e-08

################################################################################
### Run the optimisation #######################################################
################################################################################

Finished 100/1000 Out-of-Sample Evaluations
Finished 100/1000 Out-of-Sample Evaluations
Finished 200/1000 Out-of-Sample Evaluations
Finished 200/1000 Out-of-Sample Evaluations
Finished 300/1000 Out-of-Sample Evaluations
Finished 300/1000 Out-of-Sample Evaluations
Finished 400/1000 Out-of-Sample Evaluations
Finished 400/1000 Out-of-Sample Evaluations
Finished 500/1000 Out-of-Sample Evaluations
Finished 500/1000 Out-of-Sample Evaluations
Finished 600/1000 Out-of-Sample Evaluations
Finished 600/1000 Out-of-Sample Evaluations
Finished 700/1000 Out-of-Sample Evaluations
Finished 700/1000 Out-of-Sample Evaluations
Finished 800/1000 Out-of-Sample Evaluations
Finished 800/1000 Out-of-Sample Evaluations
Finished 900/1000 Out-of-Sample Evaluations
Finished 900/1000 Out-of-Sample Evaluations
Finished 1000/1000 Out-of-Sample Evaluations
Finished 1000/1000 Out-of-Sample Evaluations
Flux Objective for exact coils    : 3.807e-06
Out-of-sample flux value                  : 2.203e-04
Objective Gradient (||∇J||)              : 1.260e-04
Quality Number: 0.017
<B_N>/<|B|> = 1.28e-03

Took 399.56710028648376s
