SLURM job ID: 5912370
Running initial guess perturbation scan
5
output_stage_two_optimization_QH5_pert_init__curves

################################################################################
### Perform a Taylor test ######################################################
################################################################################

err -0.04590983547141403
err -0.0004991037419357358
err -4.576879697681946e-06
err -4.917926088587876e-08
err -2.21682694423464e-09

################################################################################
### Run the optimisation #######################################################
################################################################################

Finished 100/1000 Out-of-Sample Evaluations
Finished 100/1000 Out-of-Sample Evaluations
Finished 200/1000 Out-of-Sample Evaluations
Finished 200/1000 Out-of-Sample Evaluations
Finished 300/1000 Out-of-Sample Evaluations
Finished 300/1000 Out-of-Sample Evaluations
Finished 400/1000 Out-of-Sample Evaluations
Finished 400/1000 Out-of-Sample Evaluations
Finished 500/1000 Out-of-Sample Evaluations
Finished 500/1000 Out-of-Sample Evaluations
Finished 600/1000 Out-of-Sample Evaluations
Finished 600/1000 Out-of-Sample Evaluations
Finished 700/1000 Out-of-Sample Evaluations
Finished 700/1000 Out-of-Sample Evaluations
Finished 800/1000 Out-of-Sample Evaluations
Finished 800/1000 Out-of-Sample Evaluations
Finished 900/1000 Out-of-Sample Evaluations
Finished 900/1000 Out-of-Sample Evaluations
Finished 1000/1000 Out-of-Sample Evaluations
Finished 1000/1000 Out-of-Sample Evaluations
Flux Objective for exact coils    : 4.769e-06
Out-of-sample flux value                  : 2.129e-04
Objective Gradient (||∇J||)              : 6.305e-05
Quality Number: 0.022
<B_N>/<|B|> = 1.37e-03

Took 398.57287073135376s
