SLURM job ID: 5912366
Running initial guess perturbation scan
1
output_stage_two_optimization_QH5_pert_init__curves

################################################################################
### Perform a Taylor test ######################################################
################################################################################

err -0.04443823603753416
err -0.0004361873742511069
err -3.77342960011795e-06
err -4.852588131321056e-08
err 1.1010878875339358e-09

################################################################################
### Run the optimisation #######################################################
################################################################################

Finished 100/1000 Out-of-Sample Evaluations
Finished 100/1000 Out-of-Sample Evaluations
Finished 200/1000 Out-of-Sample Evaluations
Finished 200/1000 Out-of-Sample Evaluations
Finished 300/1000 Out-of-Sample Evaluations
Finished 300/1000 Out-of-Sample Evaluations
Finished 400/1000 Out-of-Sample Evaluations
Finished 400/1000 Out-of-Sample Evaluations
Finished 500/1000 Out-of-Sample Evaluations
Finished 500/1000 Out-of-Sample Evaluations
Finished 600/1000 Out-of-Sample Evaluations
Finished 600/1000 Out-of-Sample Evaluations
Finished 700/1000 Out-of-Sample Evaluations
Finished 700/1000 Out-of-Sample Evaluations
Finished 800/1000 Out-of-Sample Evaluations
Finished 800/1000 Out-of-Sample Evaluations
Finished 900/1000 Out-of-Sample Evaluations
Finished 900/1000 Out-of-Sample Evaluations
Finished 1000/1000 Out-of-Sample Evaluations
Finished 1000/1000 Out-of-Sample Evaluations
Flux Objective for exact coils    : 4.516e-06
Out-of-sample flux value                  : 1.993e-04
Objective Gradient (||∇J||)              : 7.683e-05
Quality Number: 0.023
<B_N>/<|B|> = 1.43e-03

Took 419.3282468318939s
