SLURM job ID: 5912365
Running initial guess perturbation scan
0
output_stage_two_optimization_QH5_pert_init__curves

################################################################################
### Perform a Taylor test ######################################################
################################################################################

err -0.0439198181271383
err -0.00043921608729124983
err -2.6809231634672415e-06
err -4.8101425065283365e-08
err -6.94901913789181e-10

################################################################################
### Run the optimisation #######################################################
################################################################################

Finished 100/1000 Out-of-Sample Evaluations
Finished 100/1000 Out-of-Sample Evaluations
Finished 200/1000 Out-of-Sample Evaluations
Finished 200/1000 Out-of-Sample Evaluations
Finished 300/1000 Out-of-Sample Evaluations
Finished 300/1000 Out-of-Sample Evaluations
Finished 400/1000 Out-of-Sample Evaluations
Finished 400/1000 Out-of-Sample Evaluations
Finished 500/1000 Out-of-Sample Evaluations
Finished 500/1000 Out-of-Sample Evaluations
Finished 600/1000 Out-of-Sample Evaluations
Finished 600/1000 Out-of-Sample Evaluations
Finished 700/1000 Out-of-Sample Evaluations
Finished 700/1000 Out-of-Sample Evaluations
Finished 800/1000 Out-of-Sample Evaluations
Finished 800/1000 Out-of-Sample Evaluations
Finished 900/1000 Out-of-Sample Evaluations
Finished 900/1000 Out-of-Sample Evaluations
Finished 1000/1000 Out-of-Sample Evaluations
Finished 1000/1000 Out-of-Sample Evaluations
Flux Objective for exact coils    : 4.827e-06
Out-of-sample flux value                  : 2.201e-04
Objective Gradient (||∇J||)              : 5.080e-05
Quality Number: 0.022
<B_N>/<|B|> = 1.40e-03

Took 419.293790102005s
