SLURM job ID: 5912367
Running initial guess perturbation scan
2
output_stage_two_optimization_QH5_pert_init__curves

################################################################################
### Perform a Taylor test ######################################################
################################################################################

err -0.04713736237033439
err -0.0005217275941307165
err -5.030985853693437e-06
err -4.824940802450328e-08
err -2.3226220946526155e-10

################################################################################
### Run the optimisation #######################################################
################################################################################

Finished 100/1000 Out-of-Sample Evaluations
Finished 100/1000 Out-of-Sample Evaluations
Finished 200/1000 Out-of-Sample Evaluations
Finished 200/1000 Out-of-Sample Evaluations
Finished 300/1000 Out-of-Sample Evaluations
Finished 300/1000 Out-of-Sample Evaluations
Finished 400/1000 Out-of-Sample Evaluations
Finished 400/1000 Out-of-Sample Evaluations
Finished 500/1000 Out-of-Sample Evaluations
Finished 500/1000 Out-of-Sample Evaluations
Finished 600/1000 Out-of-Sample Evaluations
Finished 600/1000 Out-of-Sample Evaluations
Finished 700/1000 Out-of-Sample Evaluations
Finished 700/1000 Out-of-Sample Evaluations
Finished 800/1000 Out-of-Sample Evaluations
Finished 800/1000 Out-of-Sample Evaluations
Finished 900/1000 Out-of-Sample Evaluations
Finished 900/1000 Out-of-Sample Evaluations
Finished 1000/1000 Out-of-Sample Evaluations
Finished 1000/1000 Out-of-Sample Evaluations
Flux Objective for exact coils    : 4.200e-06
Out-of-sample flux value                  : 2.177e-04
Objective Gradient (||∇J||)              : 1.386e-04
Quality Number: 0.019
<B_N>/<|B|> = 1.34e-03

Took 433.3110628128052s
