No protocol specified

SLURM job ID: 6744704
Running normal mode
output_stage_two_optimization_QA_normal__curves

################################################################################
### Perform a Taylor test ######################################################
################################################################################

err -0.16334795294453353
err -0.0030960990437638586
err -3.102063459232973e-05
err -3.1022190723206666e-07
err -3.5748383836464726e-09

################################################################################
### Run the optimisation #######################################################
################################################################################

Finished 100/1000 Out-of-Sample Evaluations
Finished 100/1000 Out-of-Sample Evaluations
Finished 200/1000 Out-of-Sample Evaluations
Finished 200/1000 Out-of-Sample Evaluations
Finished 300/1000 Out-of-Sample Evaluations
Finished 300/1000 Out-of-Sample Evaluations
Finished 400/1000 Out-of-Sample Evaluations
Finished 400/1000 Out-of-Sample Evaluations
Finished 500/1000 Out-of-Sample Evaluations
Finished 500/1000 Out-of-Sample Evaluations
Finished 600/1000 Out-of-Sample Evaluations
Finished 600/1000 Out-of-Sample Evaluations
Finished 700/1000 Out-of-Sample Evaluations
Finished 700/1000 Out-of-Sample Evaluations
Finished 800/1000 Out-of-Sample Evaluations
Finished 800/1000 Out-of-Sample Evaluations
Finished 900/1000 Out-of-Sample Evaluations
Finished 900/1000 Out-of-Sample Evaluations
Finished 1000/1000 Out-of-Sample Evaluations
Finished 1000/1000 Out-of-Sample Evaluations
Flux Objective for exact coils    : 5.673e-06
Out-of-sample flux value                  : 6.920e-05
Objective Gradient (||∇J||)              : 5.714e-04
Quality Number: 0.082
<B_N>/<|B|> = 3.30e-03

Took 194.04777002334595s
