SLURM job ID: 6728960
Running initial guess perturbation scan
5
output_stage_two_optimization_NCSX_4coil_pert_init__curves

################################################################################
### Perform a Taylor test ######################################################
################################################################################

err -0.17229223088565915
err -0.0018557820923827961
err -1.959431222497976e-05
err -1.880273128307408e-07
err -2.953134625727216e-09

################################################################################
### Run the optimisation #######################################################
################################################################################

Finished 100/1000 Out-of-Sample Evaluations
Finished 100/1000 Out-of-Sample Evaluations
Finished 200/1000 Out-of-Sample Evaluations
Finished 200/1000 Out-of-Sample Evaluations
Finished 300/1000 Out-of-Sample Evaluations
Finished 300/1000 Out-of-Sample Evaluations
Finished 400/1000 Out-of-Sample Evaluations
Finished 400/1000 Out-of-Sample Evaluations
Finished 500/1000 Out-of-Sample Evaluations
Finished 500/1000 Out-of-Sample Evaluations
Finished 600/1000 Out-of-Sample Evaluations
Finished 600/1000 Out-of-Sample Evaluations
Finished 700/1000 Out-of-Sample Evaluations
Finished 700/1000 Out-of-Sample Evaluations
Finished 800/1000 Out-of-Sample Evaluations
Finished 800/1000 Out-of-Sample Evaluations
Finished 900/1000 Out-of-Sample Evaluations
Finished 900/1000 Out-of-Sample Evaluations
Finished 1000/1000 Out-of-Sample Evaluations
Finished 1000/1000 Out-of-Sample Evaluations
Flux Objective for exact coils    : 6.644e-05
Out-of-sample flux value                  : 1.460e-04
Objective Gradient (||∇J||)              : 2.043e-04
Quality Number: 0.455
<B_N>/<|B|> = 6.08e-03

Took 338.24835681915283s
