SLURM job ID: 6728955
Running initial guess perturbation scan
0
output_stage_two_optimization_NCSX_4coil_pert_init__curves

################################################################################
### Perform a Taylor test ######################################################
################################################################################

err -0.1731146048804837
err -0.0018543633924810177
err -1.7936929638473487e-05
err -1.8471049956225727e-07
err -1.3016558941814083e-09

################################################################################
### Run the optimisation #######################################################
################################################################################

Finished 100/1000 Out-of-Sample Evaluations
Finished 100/1000 Out-of-Sample Evaluations
Finished 200/1000 Out-of-Sample Evaluations
Finished 200/1000 Out-of-Sample Evaluations
Finished 300/1000 Out-of-Sample Evaluations
Finished 300/1000 Out-of-Sample Evaluations
Finished 400/1000 Out-of-Sample Evaluations
Finished 400/1000 Out-of-Sample Evaluations
Finished 500/1000 Out-of-Sample Evaluations
Finished 500/1000 Out-of-Sample Evaluations
Finished 600/1000 Out-of-Sample Evaluations
Finished 600/1000 Out-of-Sample Evaluations
Finished 700/1000 Out-of-Sample Evaluations
Finished 700/1000 Out-of-Sample Evaluations
Finished 800/1000 Out-of-Sample Evaluations
Finished 800/1000 Out-of-Sample Evaluations
Finished 900/1000 Out-of-Sample Evaluations
Finished 900/1000 Out-of-Sample Evaluations
Finished 1000/1000 Out-of-Sample Evaluations
Finished 1000/1000 Out-of-Sample Evaluations
Flux Objective for exact coils    : 6.650e-05
Out-of-sample flux value                  : 1.461e-04
Objective Gradient (||∇J||)              : 3.813e-05
Quality Number: 0.455
<B_N>/<|B|> = 6.08e-03

Took 421.01001811027527s
