SLURM job ID: 6728954
Running initial guess perturbation scan
8
output_stage_two_optimization_NCSX_4coil_pert_init__curves

################################################################################
### Perform a Taylor test ######################################################
################################################################################

err -0.17211381023451922
err -0.0018347596551775425
err -1.8564902531048588e-05
err -1.8806081625299953e-07
err 1.343231748052176e-09

################################################################################
### Run the optimisation #######################################################
################################################################################

Finished 100/1000 Out-of-Sample Evaluations
Finished 100/1000 Out-of-Sample Evaluations
Finished 200/1000 Out-of-Sample Evaluations
Finished 200/1000 Out-of-Sample Evaluations
Finished 300/1000 Out-of-Sample Evaluations
Finished 300/1000 Out-of-Sample Evaluations
Finished 400/1000 Out-of-Sample Evaluations
Finished 400/1000 Out-of-Sample Evaluations
Finished 500/1000 Out-of-Sample Evaluations
Finished 500/1000 Out-of-Sample Evaluations
Finished 600/1000 Out-of-Sample Evaluations
Finished 600/1000 Out-of-Sample Evaluations
Finished 700/1000 Out-of-Sample Evaluations
Finished 700/1000 Out-of-Sample Evaluations
Finished 800/1000 Out-of-Sample Evaluations
Finished 800/1000 Out-of-Sample Evaluations
Finished 900/1000 Out-of-Sample Evaluations
Finished 900/1000 Out-of-Sample Evaluations
Finished 1000/1000 Out-of-Sample Evaluations
Finished 1000/1000 Out-of-Sample Evaluations
Flux Objective for exact coils    : 8.660e-05
Out-of-sample flux value                  : 1.728e-04
Objective Gradient (||∇J||)              : 4.913e-05
Quality Number: 0.501
<B_N>/<|B|> = 6.88e-03

Took 382.51765394210815s
