SLURM job ID: 6728956
Running initial guess perturbation scan
1
output_stage_two_optimization_NCSX_4coil_pert_init__curves

################################################################################
### Perform a Taylor test ######################################################
################################################################################

err -0.17211453793524112
err -0.0018868706965928794
err -1.885991220329508e-05
err -1.88089781971712e-07
err -1.4335359566075567e-09

################################################################################
### Run the optimisation #######################################################
################################################################################

Finished 100/1000 Out-of-Sample Evaluations
Finished 100/1000 Out-of-Sample Evaluations
Finished 200/1000 Out-of-Sample Evaluations
Finished 200/1000 Out-of-Sample Evaluations
Finished 300/1000 Out-of-Sample Evaluations
Finished 300/1000 Out-of-Sample Evaluations
Finished 400/1000 Out-of-Sample Evaluations
Finished 400/1000 Out-of-Sample Evaluations
Finished 500/1000 Out-of-Sample Evaluations
Finished 500/1000 Out-of-Sample Evaluations
Finished 600/1000 Out-of-Sample Evaluations
Finished 600/1000 Out-of-Sample Evaluations
Finished 700/1000 Out-of-Sample Evaluations
Finished 700/1000 Out-of-Sample Evaluations
Finished 800/1000 Out-of-Sample Evaluations
Finished 800/1000 Out-of-Sample Evaluations
Finished 900/1000 Out-of-Sample Evaluations
Finished 900/1000 Out-of-Sample Evaluations
Finished 1000/1000 Out-of-Sample Evaluations
Finished 1000/1000 Out-of-Sample Evaluations
Flux Objective for exact coils    : 9.686e-05
Out-of-sample flux value                  : 1.972e-04
Objective Gradient (||∇J||)              : 9.150e-05
Quality Number: 0.491
<B_N>/<|B|> = 7.37e-03

Took 427.55135011672974s
