SLURM job ID: 6728959
Running initial guess perturbation scan
4
output_stage_two_optimization_NCSX_4coil_pert_init__curves

################################################################################
### Perform a Taylor test ######################################################
################################################################################

err -0.1723121769011109
err -0.001832684828976694
err -1.865028584147055e-05
err -1.8786536037929125e-07
err -5.42980549411709e-10

################################################################################
### Run the optimisation #######################################################
################################################################################

Finished 100/1000 Out-of-Sample Evaluations
Finished 100/1000 Out-of-Sample Evaluations
Finished 200/1000 Out-of-Sample Evaluations
Finished 200/1000 Out-of-Sample Evaluations
Finished 300/1000 Out-of-Sample Evaluations
Finished 300/1000 Out-of-Sample Evaluations
Finished 400/1000 Out-of-Sample Evaluations
Finished 400/1000 Out-of-Sample Evaluations
Finished 500/1000 Out-of-Sample Evaluations
Finished 500/1000 Out-of-Sample Evaluations
Finished 600/1000 Out-of-Sample Evaluations
Finished 600/1000 Out-of-Sample Evaluations
Finished 700/1000 Out-of-Sample Evaluations
Finished 700/1000 Out-of-Sample Evaluations
Finished 800/1000 Out-of-Sample Evaluations
Finished 800/1000 Out-of-Sample Evaluations
Finished 900/1000 Out-of-Sample Evaluations
Finished 900/1000 Out-of-Sample Evaluations
Finished 1000/1000 Out-of-Sample Evaluations
Finished 1000/1000 Out-of-Sample Evaluations
Flux Objective for exact coils    : 8.679e-05
Out-of-sample flux value                  : 1.730e-04
Objective Gradient (||∇J||)              : 1.371e-04
Quality Number: 0.502
<B_N>/<|B|> = 6.90e-03

Took 424.38865900039673s
