Number of coils: 40
Coils: Order: 16, no. 5. Iterations: Optimization Iters: 1500, Aug Lag Iters: 30Length Thresh:16.2, CS/CC Thresh:0.1,0.1, Curvature/MSC Thresh:16, 16.

Taylor test passed
Iter 1: Jf = 0.00e+00, c0 = 6.86e-02, c1 = 0.00e+00, c2 = 2.99e-04, c3 = 0.00e+00, c4 = 0.00e+00, c5 = 0.00e+00, c6 = 0.00e+00, 
Iter 2: Jf = 0.00e+00, c0 = 1.03e-03, c1 = 3.24e-03, c2 = 6.65e-04, c3 = 0.00e+00, c4 = 0.00e+00, c5 = 0.00e+00, c6 = 0.00e+00, 
Iter 3: Jf = 0.00e+00, c0 = 9.63e-04, c1 = 0.00e+00, c2 = 5.94e-04, c3 = 0.00e+00, c4 = 0.00e+00, c5 = 3.14e-06, c6 = 0.00e+00, 
Iter 4: Jf = 0.00e+00, c0 = 5.23e-04, c1 = 0.00e+00, c2 = 2.10e-04, c3 = 0.00e+00, c4 = 0.00e+00, c5 = 0.00e+00, c6 = 0.00e+00, 
Iter 5: Jf = 0.00e+00, c0 = 2.21e-07, c1 = 1.92e-09, c2 = 3.29e-08, c3 = 0.00e+00, c4 = 0.00e+00, c5 = 1.06e-05, c6 = 0.00e+00, 
Iter 6: Jf = 0.00e+00, c0 = 1.11e-08, c1 = 0.00e+00, c2 = 8.34e-10, c3 = 5.36e-07, c4 = 0.00e+00, c5 = 3.01e-10, c6 = 0.00e+00, 
Iter 7: Jf = 0.00e+00, c0 = 1.11e-08, c1 = 0.00e+00, c2 = 8.34e-10, c3 = 5.36e-07, c4 = 0.00e+00, c5 = 3.01e-10, c6 = 0.00e+00, 
Iter 8: Jf = 0.00e+00, c0 = 1.11e-08, c1 = 0.00e+00, c2 = 8.34e-10, c3 = 5.36e-07, c4 = 0.00e+00, c5 = 3.01e-10, c6 = 0.00e+00, 
Iter 9: Jf = 0.00e+00, c0 = 1.11e-08, c1 = 0.00e+00, c2 = 8.34e-10, c3 = 5.36e-07, c4 = 0.00e+00, c5 = 3.01e-10, c6 = 0.00e+00, 
Iter 10: Jf = 0.00e+00, c0 = 1.11e-08, c1 = 0.00e+00, c2 = 8.34e-10, c3 = 5.36e-07, c4 = 0.00e+00, c5 = 3.01e-10, c6 = 0.00e+00, 
Iter 11: Jf = 0.00e+00, c0 = 1.11e-08, c1 = 0.00e+00, c2 = 8.34e-10, c3 = 5.36e-07, c4 = 0.00e+00, c5 = 3.01e-10, c6 = 0.00e+00, 
Iter 12: Jf = 0.00e+00, c0 = 1.11e-08, c1 = 0.00e+00, c2 = 8.34e-10, c3 = 5.36e-07, c4 = 0.00e+00, c5 = 3.01e-10, c6 = 0.00e+00, 
Iter 13: Jf = 0.00e+00, c0 = 1.11e-08, c1 = 0.00e+00, c2 = 8.34e-10, c3 = 5.36e-07, c4 = 0.00e+00, c5 = 3.01e-10, c6 = 0.00e+00, 
Iter 14: Jf = 0.00e+00, c0 = 1.11e-08, c1 = 0.00e+00, c2 = 8.34e-10, c3 = 5.36e-07, c4 = 0.00e+00, c5 = 3.01e-10, c6 = 0.00e+00, 
Iter 15: Jf = 0.00e+00, c0 = 1.11e-08, c1 = 0.00e+00, c2 = 8.34e-10, c3 = 5.36e-07, c4 = 0.00e+00, c5 = 3.01e-10, c6 = 0.00e+00, 
Iter 16: Jf = 0.00e+00, c0 = 1.11e-08, c1 = 0.00e+00, c2 = 8.34e-10, c3 = 5.36e-07, c4 = 0.00e+00, c5 = 3.01e-10, c6 = 0.00e+00, 
Iter 17: Jf = 0.00e+00, c0 = 1.11e-08, c1 = 0.00e+00, c2 = 8.34e-10, c3 = 5.36e-07, c4 = 0.00e+00, c5 = 3.01e-10, c6 = 0.00e+00, 
Iter 18: Jf = 0.00e+00, c0 = 1.11e-08, c1 = 0.00e+00, c2 = 8.34e-10, c3 = 5.36e-07, c4 = 0.00e+00, c5 = 3.01e-10, c6 = 0.00e+00, 
Iter 19: Jf = 0.00e+00, c0 = 1.11e-08, c1 = 0.00e+00, c2 = 8.34e-10, c3 = 5.36e-07, c4 = 0.00e+00, c5 = 3.01e-10, c6 = 0.00e+00, 
Iter 20: Jf = 0.00e+00, c0 = 1.11e-08, c1 = 0.00e+00, c2 = 8.34e-10, c3 = 5.36e-07, c4 = 0.00e+00, c5 = 3.01e-10, c6 = 0.00e+00, 
Iter 21: Jf = 0.00e+00, c0 = 1.11e-08, c1 = 0.00e+00, c2 = 8.34e-10, c3 = 5.36e-07, c4 = 0.00e+00, c5 = 3.01e-10, c6 = 0.00e+00, 
Iter 22: Jf = 0.00e+00, c0 = 1.11e-08, c1 = 0.00e+00, c2 = 8.34e-10, c3 = 5.36e-07, c4 = 0.00e+00, c5 = 3.01e-10, c6 = 0.00e+00, 
Iter 23: Jf = 0.00e+00, c0 = 1.11e-08, c1 = 0.00e+00, c2 = 8.34e-10, c3 = 5.36e-07, c4 = 0.00e+00, c5 = 3.01e-10, c6 = 0.00e+00, 
Iter 24: Jf = 0.00e+00, c0 = 1.11e-08, c1 = 0.00e+00, c2 = 8.34e-10, c3 = 5.36e-07, c4 = 0.00e+00, c5 = 3.01e-10, c6 = 0.00e+00, 
Iter 25: Jf = 0.00e+00, c0 = 1.11e-08, c1 = 0.00e+00, c2 = 8.34e-10, c3 = 5.36e-07, c4 = 0.00e+00, c5 = 3.01e-10, c6 = 0.00e+00, 
Iter 26: Jf = 0.00e+00, c0 = 1.11e-08, c1 = 0.00e+00, c2 = 8.34e-10, c3 = 5.36e-07, c4 = 0.00e+00, c5 = 3.01e-10, c6 = 0.00e+00, 
Iter 27: Jf = 0.00e+00, c0 = 1.11e-08, c1 = 0.00e+00, c2 = 8.34e-10, c3 = 5.36e-07, c4 = 0.00e+00, c5 = 3.01e-10, c6 = 0.00e+00, 
Iter 28: Jf = 0.00e+00, c0 = 1.11e-08, c1 = 0.00e+00, c2 = 8.34e-10, c3 = 5.36e-07, c4 = 0.00e+00, c5 = 3.01e-10, c6 = 0.00e+00, 
Iter 29: Jf = 0.00e+00, c0 = 1.11e-08, c1 = 0.00e+00, c2 = 8.34e-10, c3 = 5.36e-07, c4 = 0.00e+00, c5 = 3.01e-10, c6 = 0.00e+00, 
Time taken: 1524.1777231693268 seconds
Final CS-Sep constraint: 5.362852596434296e-07
Final CS-sep minimum distance: 0.08785436720823159
Final CC-Sep constraint: 8.338776608506203e-10
Final CC-sep minimum distance: 0.09933592642308084
Final Len constraint: ['3.2', '2.9', '3.0', '3.5', '3.6']
Final Max Curvatures: [np.float64(15.738259995617613), np.float64(8.911552047697327), np.float64(11.111131542403806), np.float64(11.138985955388296), np.float64(9.149559091977462)]
Final MSC constraint: ['16.00', '15.98', '16.00', '16.00', '16.00']
Final Link constraint: 0
Final Lengths: [Array(3.16414888, dtype=float64), Array(2.94622971, dtype=float64), Array(3.0209776, dtype=float64), Array(3.47391705, dtype=float64), Array(3.58712326, dtype=float64)] 16.19239650680228
--------------------------------------------------------------------------------------------------------------------------------------------
FINAL LAGRANGE MULTIPLIERS: [-8.56128923e+09 -1.29731237e-01 -6.40930326e+08 -4.02535683e+08
 -0.00000000e+00 -3.61087259e+06 -0.00000000e+00]
--------------------------------------------------------------------------------------------------------------------------------------------
Final LOW RES NORMALIZED SQUARED FLUX: 1.1138602048455023e-08
Finished 100/1000 Out-of-Sample Evaluations
Finished 200/1000 Out-of-Sample Evaluations
Finished 300/1000 Out-of-Sample Evaluations
Finished 400/1000 Out-of-Sample Evaluations
Finished 500/1000 Out-of-Sample Evaluations
Finished 600/1000 Out-of-Sample Evaluations
Finished 700/1000 Out-of-Sample Evaluations
Finished 800/1000 Out-of-Sample Evaluations
Finished 900/1000 Out-of-Sample Evaluations
Finished 1000/1000 Out-of-Sample Evaluations
Flux Objective for exact coils    : 1.114e-08
<B> : 2.644e-01
High Res B_N: 2.464e-03
Out-of-sample flux value                  : 3.531e-05
<B_N>/<|B|> = 9.32e-03, Max BdotN/|B| = 6.49e-02
Quality Number: 0.000

