Number of coils: 40
Coils: Order: 16, no. 5. Iterations: Optimization Iters: 1500, Aug Lag Iters: 30Length Thresh:16.2, CS/CC Thresh:0.1,0.1, Curvature/MSC Thresh:16, 16.

Number of coils: 40
Coils: Order: 16, no. 5. Iterations: Optimization Iters: 1500, Aug Lag Iters: 30Length Thresh:16.2, CS/CC Thresh:0.1,0.1, Curvature/MSC Thresh:16, 16.

Number of coils: 40
Coils: Order: 16, no. 5. Iterations: Optimization Iters: 1500, Aug Lag Iters: 30Length Thresh:16.2, CS/CC Thresh:0.1,0.1, Curvature/MSC Thresh:16, 16.

Number of coils: 40
Coils: Order: 16, no. 5. Iterations: Optimization Iters: 1500, Aug Lag Iters: 30Length Thresh:16.2, CS/CC Thresh:0.1,0.1, Curvature/MSC Thresh:16, 16.

Starting N_SAMPLE LOOP
Taylor test passed
Taylor test passed
Taylor test passed
Taylor test passed
Iter 1: Jf = 0.00e+00, c0 = 6.85e-02, c1 = 0.00e+00, c2 = 3.03e-04, c3 = 0.00e+00, c4 = 0.00e+00, c5 = 0.00e+00, c6 = 0.00e+00, 
Iter 1: Jf = 0.00e+00, c0 = 6.85e-02, c1 = 0.00e+00, c2 = 3.03e-04, c3 = 0.00e+00, c4 = 0.00e+00, c5 = 0.00e+00, c6 = 0.00e+00, 
Iter 1: Jf = 0.00e+00, c0 = 6.85e-02, c1 = 0.00e+00, c2 = 3.03e-04, c3 = 0.00e+00, c4 = 0.00e+00, c5 = 0.00e+00, c6 = 0.00e+00, 
Iter 1: Jf = 0.00e+00, c0 = 6.85e-02, c1 = 0.00e+00, c2 = 3.03e-04, c3 = 0.00e+00, c4 = 0.00e+00, c5 = 0.00e+00, c6 = 0.00e+00, 
Iter 2: Jf = 0.00e+00, c0 = 7.43e-04, c1 = 0.00e+00, c2 = 5.51e-04, c3 = 0.00e+00, c4 = 1.96e-04, c5 = 5.61e-04, c6 = 0.00e+00, 
Iter 2: Jf = 0.00e+00, c0 = 7.43e-04, c1 = 0.00e+00, c2 = 5.51e-04, c3 = 0.00e+00, c4 = 1.96e-04, c5 = 5.61e-04, c6 = 0.00e+00, 
Iter 2: Jf = 0.00e+00, c0 = 7.43e-04, c1 = 0.00e+00, c2 = 5.51e-04, c3 = 0.00e+00, c4 = 1.96e-04, c5 = 5.61e-04, c6 = 0.00e+00, 
Iter 2: Jf = 0.00e+00, c0 = 7.43e-04, c1 = 0.00e+00, c2 = 5.51e-04, c3 = 0.00e+00, c4 = 1.96e-04, c5 = 5.61e-04, c6 = 0.00e+00, 
Iter 3: Jf = 0.00e+00, c0 = 5.29e-04, c1 = 0.00e+00, c2 = 5.01e-04, c3 = 0.00e+00, c4 = 0.00e+00, c5 = 0.00e+00, c6 = 0.00e+00, 
Iter 3: Jf = 0.00e+00, c0 = 5.29e-04, c1 = 0.00e+00, c2 = 5.01e-04, c3 = 0.00e+00, c4 = 0.00e+00, c5 = 0.00e+00, c6 = 0.00e+00, 
Iter 3: Jf = 0.00e+00, c0 = 5.29e-04, c1 = 0.00e+00, c2 = 5.01e-04, c3 = 0.00e+00, c4 = 0.00e+00, c5 = 0.00e+00, c6 = 0.00e+00, 
Iter 3: Jf = 0.00e+00, c0 = 5.29e-04, c1 = 0.00e+00, c2 = 5.01e-04, c3 = 0.00e+00, c4 = 0.00e+00, c5 = 0.00e+00, c6 = 0.00e+00, 
Iter 4: Jf = 0.00e+00, c0 = 5.29e-04, c1 = 0.00e+00, c2 = 5.01e-04, c3 = 0.00e+00, c4 = 0.00e+00, c5 = 0.00e+00, c6 = 0.00e+00, 
Iter 4: Jf = 0.00e+00, c0 = 5.29e-04, c1 = 0.00e+00, c2 = 5.01e-04, c3 = 0.00e+00, c4 = 0.00e+00, c5 = 0.00e+00, c6 = 0.00e+00, 
Iter 4: Jf = 0.00e+00, c0 = 5.29e-04, c1 = 0.00e+00, c2 = 5.01e-04, c3 = 0.00e+00, c4 = 0.00e+00, c5 = 0.00e+00, c6 = 0.00e+00, 
Iter 4: Jf = 0.00e+00, c0 = 5.29e-04, c1 = 0.00e+00, c2 = 5.01e-04, c3 = 0.00e+00, c4 = 0.00e+00, c5 = 0.00e+00, c6 = 0.00e+00, 
Iter 5: Jf = 0.00e+00, c0 = 5.29e-04, c1 = 0.00e+00, c2 = 5.01e-04, c3 = 0.00e+00, c4 = 0.00e+00, c5 = 0.00e+00, c6 = 0.00e+00, 
Iter 5: Jf = 0.00e+00, c0 = 5.29e-04, c1 = 0.00e+00, c2 = 5.01e-04, c3 = 0.00e+00, c4 = 0.00e+00, c5 = 0.00e+00, c6 = 0.00e+00, 
Iter 5: Jf = 0.00e+00, c0 = 5.29e-04, c1 = 0.00e+00, c2 = 5.01e-04, c3 = 0.00e+00, c4 = 0.00e+00, c5 = 0.00e+00, c6 = 0.00e+00, 
Iter 5: Jf = 0.00e+00, c0 = 5.29e-04, c1 = 0.00e+00, c2 = 5.01e-04, c3 = 0.00e+00, c4 = 0.00e+00, c5 = 0.00e+00, c6 = 0.00e+00, 
Iter 6: Jf = 0.00e+00, c0 = 3.60e-04, c1 = 0.00e+00, c2 = 5.75e-05, c3 = 0.00e+00, c4 = 0.00e+00, c5 = 0.00e+00, c6 = 0.00e+00, 
Iter 6: Jf = 0.00e+00, c0 = 3.60e-04, c1 = 0.00e+00, c2 = 5.75e-05, c3 = 0.00e+00, c4 = 0.00e+00, c5 = 0.00e+00, c6 = 0.00e+00, 
Iter 6: Jf = 0.00e+00, c0 = 3.60e-04, c1 = 0.00e+00, c2 = 5.75e-05, c3 = 0.00e+00, c4 = 0.00e+00, c5 = 0.00e+00, c6 = 0.00e+00, 
Iter 6: Jf = 0.00e+00, c0 = 3.60e-04, c1 = 0.00e+00, c2 = 5.75e-05, c3 = 0.00e+00, c4 = 0.00e+00, c5 = 0.00e+00, c6 = 0.00e+00, 
Iter 7: Jf = 0.00e+00, c0 = 1.01e-04, c1 = 2.08e-03, c2 = 1.87e-05, c3 = 0.00e+00, c4 = 0.00e+00, c5 = 0.00e+00, c6 = 0.00e+00, 
Iter 7: Jf = 0.00e+00, c0 = 1.01e-04, c1 = 2.08e-03, c2 = 1.87e-05, c3 = 0.00e+00, c4 = 0.00e+00, c5 = 0.00e+00, c6 = 0.00e+00, 
Iter 7: Jf = 0.00e+00, c0 = 1.01e-04, c1 = 2.08e-03, c2 = 1.87e-05, c3 = 0.00e+00, c4 = 0.00e+00, c5 = 0.00e+00, c6 = 0.00e+00, 
Iter 7: Jf = 0.00e+00, c0 = 1.01e-04, c1 = 2.08e-03, c2 = 1.87e-05, c3 = 0.00e+00, c4 = 0.00e+00, c5 = 0.00e+00, c6 = 0.00e+00, 
Iter 8: Jf = 0.00e+00, c0 = 4.54e-05, c1 = 0.00e+00, c2 = 1.19e-05, c3 = 0.00e+00, c4 = 0.00e+00, c5 = 0.00e+00, c6 = 0.00e+00, 
Iter 8: Jf = 0.00e+00, c0 = 4.54e-05, c1 = 0.00e+00, c2 = 1.19e-05, c3 = 0.00e+00, c4 = 0.00e+00, c5 = 0.00e+00, c6 = 0.00e+00, 
Iter 8: Jf = 0.00e+00, c0 = 4.54e-05, c1 = 0.00e+00, c2 = 1.19e-05, c3 = 0.00e+00, c4 = 0.00e+00, c5 = 0.00e+00, c6 = 0.00e+00, 
Iter 8: Jf = 0.00e+00, c0 = 4.54e-05, c1 = 0.00e+00, c2 = 1.19e-05, c3 = 0.00e+00, c4 = 0.00e+00, c5 = 0.00e+00, c6 = 0.00e+00, 
Iter 9: Jf = 0.00e+00, c0 = 1.78e-05, c1 = 6.94e-05, c2 = 1.11e-06, c3 = 0.00e+00, c4 = 0.00e+00, c5 = 0.00e+00, c6 = 0.00e+00, 
Iter 9: Jf = 0.00e+00, c0 = 1.78e-05, c1 = 6.94e-05, c2 = 1.11e-06, c3 = 0.00e+00, c4 = 0.00e+00, c5 = 0.00e+00, c6 = 0.00e+00, 
Iter 9: Jf = 0.00e+00, c0 = 1.78e-05, c1 = 6.94e-05, c2 = 1.11e-06, c3 = 0.00e+00, c4 = 0.00e+00, c5 = 0.00e+00, c6 = 0.00e+00, 
Iter 9: Jf = 0.00e+00, c0 = 1.78e-05, c1 = 6.94e-05, c2 = 1.11e-06, c3 = 0.00e+00, c4 = 0.00e+00, c5 = 0.00e+00, c6 = 0.00e+00, 
Iter 10: Jf = 0.00e+00, c0 = 8.70e-06, c1 = 6.50e-05, c2 = 3.21e-07, c3 = 0.00e+00, c4 = 0.00e+00, c5 = 5.75e-06, c6 = 0.00e+00, 
Iter 10: Jf = 0.00e+00, c0 = 8.70e-06, c1 = 6.50e-05, c2 = 3.21e-07, c3 = 0.00e+00, c4 = 0.00e+00, c5 = 5.75e-06, c6 = 0.00e+00, 
Iter 10: Jf = 0.00e+00, c0 = 8.70e-06, c1 = 6.50e-05, c2 = 3.21e-07, c3 = 0.00e+00, c4 = 0.00e+00, c5 = 5.75e-06, c6 = 0.00e+00, 
Iter 10: Jf = 0.00e+00, c0 = 8.70e-06, c1 = 6.50e-05, c2 = 3.21e-07, c3 = 0.00e+00, c4 = 0.00e+00, c5 = 5.75e-06, c6 = 0.00e+00, 
Iter 11: Jf = 0.00e+00, c0 = 8.70e-06, c1 = 6.50e-05, c2 = 3.21e-07, c3 = 0.00e+00, c4 = 0.00e+00, c5 = 5.75e-06, c6 = 0.00e+00, 
Iter 11: Jf = 0.00e+00, c0 = 8.70e-06, c1 = 6.50e-05, c2 = 3.21e-07, c3 = 0.00e+00, c4 = 0.00e+00, c5 = 5.75e-06, c6 = 0.00e+00, 
Iter 11: Jf = 0.00e+00, c0 = 8.70e-06, c1 = 6.50e-05, c2 = 3.21e-07, c3 = 0.00e+00, c4 = 0.00e+00, c5 = 5.75e-06, c6 = 0.00e+00, 
Iter 11: Jf = 0.00e+00, c0 = 8.70e-06, c1 = 6.50e-05, c2 = 3.21e-07, c3 = 0.00e+00, c4 = 0.00e+00, c5 = 5.75e-06, c6 = 0.00e+00, 
Iter 12: Jf = 0.00e+00, c0 = 8.70e-06, c1 = 6.50e-05, c2 = 3.21e-07, c3 = 0.00e+00, c4 = 0.00e+00, c5 = 5.75e-06, c6 = 0.00e+00, 
Iter 12: Jf = 0.00e+00, c0 = 8.70e-06, c1 = 6.50e-05, c2 = 3.21e-07, c3 = 0.00e+00, c4 = 0.00e+00, c5 = 5.75e-06, c6 = 0.00e+00, 
Iter 12: Jf = 0.00e+00, c0 = 8.70e-06, c1 = 6.50e-05, c2 = 3.21e-07, c3 = 0.00e+00, c4 = 0.00e+00, c5 = 5.75e-06, c6 = 0.00e+00, 
Iter 12: Jf = 0.00e+00, c0 = 8.70e-06, c1 = 6.50e-05, c2 = 3.21e-07, c3 = 0.00e+00, c4 = 0.00e+00, c5 = 5.75e-06, c6 = 0.00e+00, 
Iter 13: Jf = 0.00e+00, c0 = 8.70e-06, c1 = 6.50e-05, c2 = 3.21e-07, c3 = 0.00e+00, c4 = 0.00e+00, c5 = 5.75e-06, c6 = 0.00e+00, 
Iter 13: Jf = 0.00e+00, c0 = 8.70e-06, c1 = 6.50e-05, c2 = 3.21e-07, c3 = 0.00e+00, c4 = 0.00e+00, c5 = 5.75e-06, c6 = 0.00e+00, 
Iter 13: Jf = 0.00e+00, c0 = 8.70e-06, c1 = 6.50e-05, c2 = 3.21e-07, c3 = 0.00e+00, c4 = 0.00e+00, c5 = 5.75e-06, c6 = 0.00e+00, 
Iter 13: Jf = 0.00e+00, c0 = 8.70e-06, c1 = 6.50e-05, c2 = 3.21e-07, c3 = 0.00e+00, c4 = 0.00e+00, c5 = 5.75e-06, c6 = 0.00e+00, 
Iter 14: Jf = 0.00e+00, c0 = 5.63e-06, c1 = 2.21e-06, c2 = 6.74e-07, c3 = 4.87e-06, c4 = 4.47e-08, c5 = 1.06e-05, c6 = 0.00e+00, 
Iter 14: Jf = 0.00e+00, c0 = 5.63e-06, c1 = 2.21e-06, c2 = 6.74e-07, c3 = 4.87e-06, c4 = 4.47e-08, c5 = 1.06e-05, c6 = 0.00e+00, 
Iter 14: Jf = 0.00e+00, c0 = 5.63e-06, c1 = 2.21e-06, c2 = 6.74e-07, c3 = 4.87e-06, c4 = 4.47e-08, c5 = 1.06e-05, c6 = 0.00e+00, 
Iter 14: Jf = 0.00e+00, c0 = 5.63e-06, c1 = 2.21e-06, c2 = 6.74e-07, c3 = 4.87e-06, c4 = 4.47e-08, c5 = 1.06e-05, c6 = 0.00e+00, 
Iter 15: Jf = 0.00e+00, c0 = 5.63e-06, c1 = 2.21e-06, c2 = 6.74e-07, c3 = 4.87e-06, c4 = 4.47e-08, c5 = 1.06e-05, c6 = 0.00e+00, 
Iter 15: Jf = 0.00e+00, c0 = 5.63e-06, c1 = 2.21e-06, c2 = 6.74e-07, c3 = 4.87e-06, c4 = 4.47e-08, c5 = 1.06e-05, c6 = 0.00e+00, 
Iter 15: Jf = 0.00e+00, c0 = 5.63e-06, c1 = 2.21e-06, c2 = 6.74e-07, c3 = 4.87e-06, c4 = 4.47e-08, c5 = 1.06e-05, c6 = 0.00e+00, 
Iter 15: Jf = 0.00e+00, c0 = 5.63e-06, c1 = 2.21e-06, c2 = 6.74e-07, c3 = 4.87e-06, c4 = 4.47e-08, c5 = 1.06e-05, c6 = 0.00e+00, 
Iter 16: Jf = 0.00e+00, c0 = 5.63e-06, c1 = 2.21e-06, c2 = 6.74e-07, c3 = 4.87e-06, c4 = 4.47e-08, c5 = 1.06e-05, c6 = 0.00e+00, 
Iter 16: Jf = 0.00e+00, c0 = 5.63e-06, c1 = 2.21e-06, c2 = 6.74e-07, c3 = 4.87e-06, c4 = 4.47e-08, c5 = 1.06e-05, c6 = 0.00e+00, 
Iter 16: Jf = 0.00e+00, c0 = 5.63e-06, c1 = 2.21e-06, c2 = 6.74e-07, c3 = 4.87e-06, c4 = 4.47e-08, c5 = 1.06e-05, c6 = 0.00e+00, 
Iter 16: Jf = 0.00e+00, c0 = 5.63e-06, c1 = 2.21e-06, c2 = 6.74e-07, c3 = 4.87e-06, c4 = 4.47e-08, c5 = 1.06e-05, c6 = 0.00e+00, 
Iter 17: Jf = 0.00e+00, c0 = 5.63e-06, c1 = 2.21e-06, c2 = 6.74e-07, c3 = 4.87e-06, c4 = 4.47e-08, c5 = 1.06e-05, c6 = 0.00e+00, 
Iter 17: Jf = 0.00e+00, c0 = 5.63e-06, c1 = 2.21e-06, c2 = 6.74e-07, c3 = 4.87e-06, c4 = 4.47e-08, c5 = 1.06e-05, c6 = 0.00e+00, 
Iter 17: Jf = 0.00e+00, c0 = 5.63e-06, c1 = 2.21e-06, c2 = 6.74e-07, c3 = 4.87e-06, c4 = 4.47e-08, c5 = 1.06e-05, c6 = 0.00e+00, 
Iter 17: Jf = 0.00e+00, c0 = 5.63e-06, c1 = 2.21e-06, c2 = 6.74e-07, c3 = 4.87e-06, c4 = 4.47e-08, c5 = 1.06e-05, c6 = 0.00e+00, 
Iter 18: Jf = 0.00e+00, c0 = 5.63e-06, c1 = 2.21e-06, c2 = 6.74e-07, c3 = 4.87e-06, c4 = 4.47e-08, c5 = 1.06e-05, c6 = 0.00e+00, 
Iter 18: Jf = 0.00e+00, c0 = 5.63e-06, c1 = 2.21e-06, c2 = 6.74e-07, c3 = 4.87e-06, c4 = 4.47e-08, c5 = 1.06e-05, c6 = 0.00e+00, 
Iter 18: Jf = 0.00e+00, c0 = 5.63e-06, c1 = 2.21e-06, c2 = 6.74e-07, c3 = 4.87e-06, c4 = 4.47e-08, c5 = 1.06e-05, c6 = 0.00e+00, 
Iter 18: Jf = 0.00e+00, c0 = 5.63e-06, c1 = 2.21e-06, c2 = 6.74e-07, c3 = 4.87e-06, c4 = 4.47e-08, c5 = 1.06e-05, c6 = 0.00e+00, 
Iter 19: Jf = 0.00e+00, c0 = 4.80e-06, c1 = 1.15e-05, c2 = 3.48e-07, c3 = 4.92e-05, c4 = 2.14e-04, c5 = 1.25e-05, c6 = 0.00e+00, 
Iter 19: Jf = 0.00e+00, c0 = 4.80e-06, c1 = 1.15e-05, c2 = 3.48e-07, c3 = 4.92e-05, c4 = 2.14e-04, c5 = 1.25e-05, c6 = 0.00e+00, 
Iter 19: Jf = 0.00e+00, c0 = 4.80e-06, c1 = 1.15e-05, c2 = 3.48e-07, c3 = 4.92e-05, c4 = 2.14e-04, c5 = 1.25e-05, c6 = 0.00e+00, 
Iter 19: Jf = 0.00e+00, c0 = 4.80e-06, c1 = 1.15e-05, c2 = 3.48e-07, c3 = 4.92e-05, c4 = 2.14e-04, c5 = 1.25e-05, c6 = 0.00e+00, 
Iter 20: Jf = 0.00e+00, c0 = 4.80e-06, c1 = 1.15e-05, c2 = 3.48e-07, c3 = 4.92e-05, c4 = 2.14e-04, c5 = 1.25e-05, c6 = 0.00e+00, 
Iter 20: Jf = 0.00e+00, c0 = 4.80e-06, c1 = 1.15e-05, c2 = 3.48e-07, c3 = 4.92e-05, c4 = 2.14e-04, c5 = 1.25e-05, c6 = 0.00e+00, 
Iter 20: Jf = 0.00e+00, c0 = 4.80e-06, c1 = 1.15e-05, c2 = 3.48e-07, c3 = 4.92e-05, c4 = 2.14e-04, c5 = 1.25e-05, c6 = 0.00e+00, 
Iter 20: Jf = 0.00e+00, c0 = 4.80e-06, c1 = 1.15e-05, c2 = 3.48e-07, c3 = 4.92e-05, c4 = 2.14e-04, c5 = 1.25e-05, c6 = 0.00e+00, 
Iter 21: Jf = 0.00e+00, c0 = 4.14e-06, c1 = 5.33e-06, c2 = 3.51e-07, c3 = 2.51e-04, c4 = 0.00e+00, c5 = 2.80e-07, c6 = 0.00e+00, 
Iter 21: Jf = 0.00e+00, c0 = 4.14e-06, c1 = 5.33e-06, c2 = 3.51e-07, c3 = 2.51e-04, c4 = 0.00e+00, c5 = 2.80e-07, c6 = 0.00e+00, 
Iter 21: Jf = 0.00e+00, c0 = 4.14e-06, c1 = 5.33e-06, c2 = 3.51e-07, c3 = 2.51e-04, c4 = 0.00e+00, c5 = 2.80e-07, c6 = 0.00e+00, 
Iter 21: Jf = 0.00e+00, c0 = 4.14e-06, c1 = 5.33e-06, c2 = 3.51e-07, c3 = 2.51e-04, c4 = 0.00e+00, c5 = 2.80e-07, c6 = 0.00e+00, 
Iter 22: Jf = 0.00e+00, c0 = 4.14e-06, c1 = 5.33e-06, c2 = 3.51e-07, c3 = 2.51e-04, c4 = 0.00e+00, c5 = 2.80e-07, c6 = 0.00e+00, 
Iter 22: Jf = 0.00e+00, c0 = 4.14e-06, c1 = 5.33e-06, c2 = 3.51e-07, c3 = 2.51e-04, c4 = 0.00e+00, c5 = 2.80e-07, c6 = 0.00e+00, 
Iter 22: Jf = 0.00e+00, c0 = 4.14e-06, c1 = 5.33e-06, c2 = 3.51e-07, c3 = 2.51e-04, c4 = 0.00e+00, c5 = 2.80e-07, c6 = 0.00e+00, 
Iter 22: Jf = 0.00e+00, c0 = 4.14e-06, c1 = 5.33e-06, c2 = 3.51e-07, c3 = 2.51e-04, c4 = 0.00e+00, c5 = 2.80e-07, c6 = 0.00e+00, 
Iter 23: Jf = 0.00e+00, c0 = 4.14e-06, c1 = 5.33e-06, c2 = 3.51e-07, c3 = 2.51e-04, c4 = 0.00e+00, c5 = 2.80e-07, c6 = 0.00e+00, 
Iter 23: Jf = 0.00e+00, c0 = 4.14e-06, c1 = 5.33e-06, c2 = 3.51e-07, c3 = 2.51e-04, c4 = 0.00e+00, c5 = 2.80e-07, c6 = 0.00e+00, 
Iter 23: Jf = 0.00e+00, c0 = 4.14e-06, c1 = 5.33e-06, c2 = 3.51e-07, c3 = 2.51e-04, c4 = 0.00e+00, c5 = 2.80e-07, c6 = 0.00e+00, 
Iter 23: Jf = 0.00e+00, c0 = 4.14e-06, c1 = 5.33e-06, c2 = 3.51e-07, c3 = 2.51e-04, c4 = 0.00e+00, c5 = 2.80e-07, c6 = 0.00e+00, 
Iter 24: Jf = 0.00e+00, c0 = 4.14e-06, c1 = 5.33e-06, c2 = 3.51e-07, c3 = 2.51e-04, c4 = 0.00e+00, c5 = 2.80e-07, c6 = 0.00e+00, 
Iter 24: Jf = 0.00e+00, c0 = 4.14e-06, c1 = 5.33e-06, c2 = 3.51e-07, c3 = 2.51e-04, c4 = 0.00e+00, c5 = 2.80e-07, c6 = 0.00e+00, 
Iter 24: Jf = 0.00e+00, c0 = 4.14e-06, c1 = 5.33e-06, c2 = 3.51e-07, c3 = 2.51e-04, c4 = 0.00e+00, c5 = 2.80e-07, c6 = 0.00e+00, 
Iter 24: Jf = 0.00e+00, c0 = 4.14e-06, c1 = 5.33e-06, c2 = 3.51e-07, c3 = 2.51e-04, c4 = 0.00e+00, c5 = 2.80e-07, c6 = 0.00e+00, 
Iter 25: Jf = 0.00e+00, c0 = 4.14e-06, c1 = 5.33e-06, c2 = 3.51e-07, c3 = 2.51e-04, c4 = 0.00e+00, c5 = 2.80e-07, c6 = 0.00e+00, 
Iter 25: Jf = 0.00e+00, c0 = 4.14e-06, c1 = 5.33e-06, c2 = 3.51e-07, c3 = 2.51e-04, c4 = 0.00e+00, c5 = 2.80e-07, c6 = 0.00e+00, 
Iter 25: Jf = 0.00e+00, c0 = 4.14e-06, c1 = 5.33e-06, c2 = 3.51e-07, c3 = 2.51e-04, c4 = 0.00e+00, c5 = 2.80e-07, c6 = 0.00e+00, 
Iter 25: Jf = 0.00e+00, c0 = 4.14e-06, c1 = 5.33e-06, c2 = 3.51e-07, c3 = 2.51e-04, c4 = 0.00e+00, c5 = 2.80e-07, c6 = 0.00e+00, 
Iter 26: Jf = 0.00e+00, c0 = 4.14e-06, c1 = 5.33e-06, c2 = 3.51e-07, c3 = 2.51e-04, c4 = 0.00e+00, c5 = 2.80e-07, c6 = 0.00e+00, 
Iter 26: Jf = 0.00e+00, c0 = 4.14e-06, c1 = 5.33e-06, c2 = 3.51e-07, c3 = 2.51e-04, c4 = 0.00e+00, c5 = 2.80e-07, c6 = 0.00e+00, 
Iter 26: Jf = 0.00e+00, c0 = 4.14e-06, c1 = 5.33e-06, c2 = 3.51e-07, c3 = 2.51e-04, c4 = 0.00e+00, c5 = 2.80e-07, c6 = 0.00e+00, 
Iter 26: Jf = 0.00e+00, c0 = 4.14e-06, c1 = 5.33e-06, c2 = 3.51e-07, c3 = 2.51e-04, c4 = 0.00e+00, c5 = 2.80e-07, c6 = 0.00e+00, 
Iter 27: Jf = 0.00e+00, c0 = 4.14e-06, c1 = 5.33e-06, c2 = 3.51e-07, c3 = 2.51e-04, c4 = 0.00e+00, c5 = 2.80e-07, c6 = 0.00e+00, 
Iter 27: Jf = 0.00e+00, c0 = 4.14e-06, c1 = 5.33e-06, c2 = 3.51e-07, c3 = 2.51e-04, c4 = 0.00e+00, c5 = 2.80e-07, c6 = 0.00e+00, 
Iter 27: Jf = 0.00e+00, c0 = 4.14e-06, c1 = 5.33e-06, c2 = 3.51e-07, c3 = 2.51e-04, c4 = 0.00e+00, c5 = 2.80e-07, c6 = 0.00e+00, 
Iter 27: Jf = 0.00e+00, c0 = 4.14e-06, c1 = 5.33e-06, c2 = 3.51e-07, c3 = 2.51e-04, c4 = 0.00e+00, c5 = 2.80e-07, c6 = 0.00e+00, 
Iter 28: Jf = 0.00e+00, c0 = 4.14e-06, c1 = 5.33e-06, c2 = 3.51e-07, c3 = 2.51e-04, c4 = 0.00e+00, c5 = 2.80e-07, c6 = 0.00e+00, 
Iter 28: Jf = 0.00e+00, c0 = 4.14e-06, c1 = 5.33e-06, c2 = 3.51e-07, c3 = 2.51e-04, c4 = 0.00e+00, c5 = 2.80e-07, c6 = 0.00e+00, 
Iter 28: Jf = 0.00e+00, c0 = 4.14e-06, c1 = 5.33e-06, c2 = 3.51e-07, c3 = 2.51e-04, c4 = 0.00e+00, c5 = 2.80e-07, c6 = 0.00e+00, 
Iter 28: Jf = 0.00e+00, c0 = 4.14e-06, c1 = 5.33e-06, c2 = 3.51e-07, c3 = 2.51e-04, c4 = 0.00e+00, c5 = 2.80e-07, c6 = 0.00e+00, 
Iter 29: Jf = 0.00e+00, c0 = 4.14e-06, c1 = 5.33e-06, c2 = 3.51e-07, c3 = 2.51e-04, c4 = 0.00e+00, c5 = 2.80e-07, c6 = 0.00e+00, 
Iter 29: Jf = 0.00e+00, c0 = 4.14e-06, c1 = 5.33e-06, c2 = 3.51e-07, c3 = 2.51e-04, c4 = 0.00e+00, c5 = 2.80e-07, c6 = 0.00e+00, 
Iter 29: Jf = 0.00e+00, c0 = 4.14e-06, c1 = 5.33e-06, c2 = 3.51e-07, c3 = 2.51e-04, c4 = 0.00e+00, c5 = 2.80e-07, c6 = 0.00e+00, 
Iter 29: Jf = 0.00e+00, c0 = 4.14e-06, c1 = 5.33e-06, c2 = 3.51e-07, c3 = 2.51e-04, c4 = 0.00e+00, c5 = 2.80e-07, c6 = 0.00e+00, 
Time taken: 25423.75471663475 seconds
Time taken: 25423.754874944687 seconds
Time taken: 25423.755026340485 seconds
Time taken: 25423.75465655327 seconds
Final CS-Sep constraint: Final CS-Sep constraint: Final CS-Sep constraint: 0.0002511822295811778
Final CS-Sep constraint: 0.0002511822295811778
0.0002511822295811778
0.0002511822295811778
Final CS-sep minimum distance: 0.006818110071231171
Final CS-sep minimum distance: 0.006818110071231171
Final CS-sep minimum distance: 0.006818110071231171
Final CS-sep minimum distance: 0.006818110071231171
Final CC-Sep constraint: 3.507276901916304e-07
Final CC-Sep constraint: 3.507276901916304e-07
Final CC-Sep constraint: 3.507276901916304e-07
Final CC-Sep constraint: Final CC-sep minimum distance: 0.09307363811607952
Final CC-sep minimum distance: 0.09307363811607952
3.507276901916304e-07
Final Len constraint: ['6.2', '2.2', '1.8', '3.2', '2.9']
Final Max Curvatures: [np.float64(15.091908234801455), np.float64(15.538295457217938), np.float64(5.577504952069383), np.float64(10.053074900588667), np.float64(6.156347941726084)]
Final Len constraint: ['6.2', '2.2', '1.8', '3.2', '2.9']
Final Max Curvatures: [np.float64(15.091908234801455), np.float64(15.538295457217938), np.float64(5.577504952069383), np.float64(10.053074900588667), np.float64(6.156347941726084)]
Final CC-sep minimum distance: 0.09307363811607952
Final MSC constraint: ['16.00', '16.00', '16.00', '16.00', '16.00']
Final MSC constraint: ['16.00', '16.00', '16.00', '16.00', '16.00']
Final Len constraint: ['6.2', '2.2', '1.8', '3.2', '2.9']
Final Max Curvatures: [np.float64(15.091908234801455), np.float64(15.538295457217938), np.float64(5.577504952069383), np.float64(10.053074900588667), np.float64(6.156347941726084)]
Final MSC constraint: ['16.00', '16.00', '16.00', '16.00', '16.00']
Final CC-sep minimum distance: 0.09307363811607952
Final Len constraint: ['6.2', '2.2', '1.8', '3.2', '2.9']
Final Max Curvatures: [np.float64(15.091908234801455), np.float64(15.538295457217938), np.float64(5.577504952069383), np.float64(10.053074900588667), np.float64(6.156347941726084)]
Final MSC constraint: ['16.00', '16.00', '16.00', '16.00', '16.00']
Final Link constraint: 0
Final Link constraint: 0
Final Link constraint: 0
Final Link constraint: 0
Final Lengths: Final Lengths: [Array(6.19526888, dtype=float64), Array(2.1590104, dtype=float64), Array(1.78856352, dtype=float64), Array(3.1567809, dtype=float64), Array(2.90364233, dtype=float64)] 16.203266033209804
Final Lengths: [Array(6.19526888, dtype=float64), Array(2.1590104, dtype=float64), Array(1.78856352, dtype=float64), Array(3.1567809, dtype=float64), Array(2.90364233, dtype=float64)] 16.203266033209804
Final Lengths: [Array(6.19526888, dtype=float64), Array(2.1590104, dtype=float64), Array(1.78856352, dtype=float64), Array(3.1567809, dtype=float64), Array(2.90364233, dtype=float64)] 16.203266033209804
[Array(6.19526888, dtype=float64), Array(2.1590104, dtype=float64), Array(1.78856352, dtype=float64), Array(3.1567809, dtype=float64), Array(2.90364233, dtype=float64)] 16.203266033209804
--------------------------------------------------------------------------------------------------------------------------------------------
FINAL LAGRANGE MULTIPLIERS: [-3.18109034e+12 -2.50211169e+08 -2.69574534e+11 -2.87681611e+06
 -1.40321792e+02 -3.28654472e+06 -0.00000000e+00]
--------------------------------------------------------------------------------------------------------------------------------------------
--------------------------------------------------------------------------------------------------------------------------------------------
FINAL LAGRANGE MULTIPLIERS: [-3.18109034e+12 -2.50211169e+08 -2.69574534e+11 -2.87681611e+06
 -1.40321792e+02 -3.28654472e+06 -0.00000000e+00]
--------------------------------------------------------------------------------------------------------------------------------------------
--------------------------------------------------------------------------------------------------------------------------------------------
FINAL LAGRANGE MULTIPLIERS: [-3.18109034e+12 -2.50211169e+08 -2.69574534e+11 -2.87681611e+06
 -1.40321792e+02 -3.28654472e+06 -0.00000000e+00]
--------------------------------------------------------------------------------------------------------------------------------------------
--------------------------------------------------------------------------------------------------------------------------------------------
FINAL LAGRANGE MULTIPLIERS: [-3.18109034e+12 -2.50211169e+08 -2.69574534e+11 -2.87681611e+06
 -1.40321792e+02 -3.28654472e+06 -0.00000000e+00]
--------------------------------------------------------------------------------------------------------------------------------------------
Final LOW RES NORMALIZED SQUARED FLUX: 5.124551240512327e-07
Final LOW RES NORMALIZED SQUARED FLUX: 5.124551240512327e-07
Final LOW RES NORMALIZED SQUARED FLUX: 5.124551240512327e-07
Final LOW RES NORMALIZED SQUARED FLUX: 5.124551240512327e-07
Finished 100/1000 Out-of-Sample Evaluations
Finished 200/1000 Out-of-Sample Evaluations
Finished 300/1000 Out-of-Sample Evaluations
Finished 400/1000 Out-of-Sample Evaluations
Finished 500/1000 Out-of-Sample Evaluations
Finished 600/1000 Out-of-Sample Evaluations
Finished 700/1000 Out-of-Sample Evaluations
Finished 800/1000 Out-of-Sample Evaluations
Finished 900/1000 Out-of-Sample Evaluations
Finished 1000/1000 Out-of-Sample Evaluations
Flux Objective for exact coils    : 5.125e-07
<B> : 9.181e-02
High Res B_N: 8.250e-04
Out-of-sample flux value                  : 5.018e-06
<B_N>/<|B|> = 8.99e-03, Max BdotN/|B| = 1.06e-01
Quality Number: 0.102

