Number of coils: 40
Coils: Order: 16, no. 5. Iterations: Optimization Iters: 1500, Aug Lag Iters: 30Length Thresh:15.6, CS/CC Thresh:0.1,0.1, Curvature/MSC Thresh:16, 16.

Number of coils: 40
Coils: Order: 16, no. 5. Iterations: Optimization Iters: 1500, Aug Lag Iters: 30Length Thresh:15.6, CS/CC Thresh:0.1,0.1, Curvature/MSC Thresh:16, 16.

Number of coils: 40
Coils: Order: 16, no. 5. Iterations: Optimization Iters: 1500, Aug Lag Iters: 30Length Thresh:15.6, CS/CC Thresh:0.1,0.1, Curvature/MSC Thresh:16, 16.

Starting N_SAMPLE LOOP
Number of coils: 40
Coils: Order: 16, no. 5. Iterations: Optimization Iters: 1500, Aug Lag Iters: 30Length Thresh:15.6, CS/CC Thresh:0.1,0.1, Curvature/MSC Thresh:16, 16.

Taylor test passed
Taylor test passed
Taylor test passed
Taylor test passed
Iter 1: Jf = 0.00e+00, c0 = 1.37e-02, c1 = 6.56e-04, c2 = 4.21e-04, c3 = 0.00e+00, c4 = 0.00e+00, c5 = 0.00e+00, c6 = 0.00e+00, 
Iter 1: Jf = 0.00e+00, c0 = 1.37e-02, c1 = 6.56e-04, c2 = 4.21e-04, c3 = 0.00e+00, c4 = 0.00e+00, c5 = 0.00e+00, c6 = 0.00e+00, 
Iter 1: Jf = 0.00e+00, c0 = 1.37e-02, c1 = 6.56e-04, c2 = 4.21e-04, c3 = 0.00e+00, c4 = 0.00e+00, c5 = 0.00e+00, c6 = 0.00e+00, 
Iter 1: Jf = 0.00e+00, c0 = 1.37e-02, c1 = 6.56e-04, c2 = 4.21e-04, c3 = 0.00e+00, c4 = 0.00e+00, c5 = 0.00e+00, c6 = 0.00e+00, 
Iter 2: Jf = 0.00e+00, c0 = 1.78e-03, c1 = 0.00e+00, c2 = 5.16e-04, c3 = 0.00e+00, c4 = 0.00e+00, c5 = 1.43e-05, c6 = 0.00e+00, 
Iter 2: Jf = 0.00e+00, c0 = 1.78e-03, c1 = 0.00e+00, c2 = 5.16e-04, c3 = 0.00e+00, c4 = 0.00e+00, c5 = 1.43e-05, c6 = 0.00e+00, 
Iter 2: Jf = 0.00e+00, c0 = 1.78e-03, c1 = 0.00e+00, c2 = 5.16e-04, c3 = 0.00e+00, c4 = 0.00e+00, c5 = 1.43e-05, c6 = 0.00e+00, 
Iter 2: Jf = 0.00e+00, c0 = 1.78e-03, c1 = 0.00e+00, c2 = 5.16e-04, c3 = 0.00e+00, c4 = 0.00e+00, c5 = 1.43e-05, c6 = 0.00e+00, 
Iter 3: Jf = 0.00e+00, c0 = 1.60e-04, c1 = 0.00e+00, c2 = 1.56e-04, c3 = 0.00e+00, c4 = 0.00e+00, c5 = 0.00e+00, c6 = 0.00e+00, 
Iter 3: Jf = 0.00e+00, c0 = 1.60e-04, c1 = 0.00e+00, c2 = 1.56e-04, c3 = 0.00e+00, c4 = 0.00e+00, c5 = 0.00e+00, c6 = 0.00e+00, 
Iter 3: Jf = 0.00e+00, c0 = 1.60e-04, c1 = 0.00e+00, c2 = 1.56e-04, c3 = 0.00e+00, c4 = 0.00e+00, c5 = 0.00e+00, c6 = 0.00e+00, 
Iter 3: Jf = 0.00e+00, c0 = 1.60e-04, c1 = 0.00e+00, c2 = 1.56e-04, c3 = 0.00e+00, c4 = 0.00e+00, c5 = 0.00e+00, c6 = 0.00e+00, 
Iter 4: Jf = 0.00e+00, c0 = 2.90e-05, c1 = 0.00e+00, c2 = 4.08e-06, c3 = 0.00e+00, c4 = 0.00e+00, c5 = 0.00e+00, c6 = 0.00e+00, 
Iter 4: Jf = 0.00e+00, c0 = 2.90e-05, c1 = 0.00e+00, c2 = 4.08e-06, c3 = 0.00e+00, c4 = 0.00e+00, c5 = 0.00e+00, c6 = 0.00e+00, 
Iter 4: Jf = 0.00e+00, c0 = 2.90e-05, c1 = 0.00e+00, c2 = 4.08e-06, c3 = 0.00e+00, c4 = 0.00e+00, c5 = 0.00e+00, c6 = 0.00e+00, 
Iter 4: Jf = 0.00e+00, c0 = 2.90e-05, c1 = 0.00e+00, c2 = 4.08e-06, c3 = 0.00e+00, c4 = 0.00e+00, c5 = 0.00e+00, c6 = 0.00e+00, 
Iter 5: Jf = 0.00e+00, c0 = 1.39e-05, c1 = 7.78e-12, c2 = 1.34e-06, c3 = 0.00e+00, c4 = 0.00e+00, c5 = 3.88e-06, c6 = 0.00e+00, 
Iter 5: Jf = 0.00e+00, c0 = 1.39e-05, c1 = 7.78e-12, c2 = 1.34e-06, c3 = 0.00e+00, c4 = 0.00e+00, c5 = 3.88e-06, c6 = 0.00e+00, 
Iter 5: Jf = 0.00e+00, c0 = 1.39e-05, c1 = 7.78e-12, c2 = 1.34e-06, c3 = 0.00e+00, c4 = 0.00e+00, c5 = 3.88e-06, c6 = 0.00e+00, 
Iter 5: Jf = 0.00e+00, c0 = 1.39e-05, c1 = 7.78e-12, c2 = 1.34e-06, c3 = 0.00e+00, c4 = 0.00e+00, c5 = 3.88e-06, c6 = 0.00e+00, 
Iter 6: Jf = 0.00e+00, c0 = 1.39e-05, c1 = 7.78e-12, c2 = 1.34e-06, c3 = 0.00e+00, c4 = 0.00e+00, c5 = 3.88e-06, c6 = 0.00e+00, 
Iter 6: Jf = 0.00e+00, c0 = 1.39e-05, c1 = 7.78e-12, c2 = 1.34e-06, c3 = 0.00e+00, c4 = 0.00e+00, c5 = 3.88e-06, c6 = 0.00e+00, 
Iter 6: Jf = 0.00e+00, c0 = 1.39e-05, c1 = 7.78e-12, c2 = 1.34e-06, c3 = 0.00e+00, c4 = 0.00e+00, c5 = 3.88e-06, c6 = 0.00e+00, 
Iter 6: Jf = 0.00e+00, c0 = 1.39e-05, c1 = 7.78e-12, c2 = 1.34e-06, c3 = 0.00e+00, c4 = 0.00e+00, c5 = 3.88e-06, c6 = 0.00e+00, 
Iter 7: Jf = 0.00e+00, c0 = 1.39e-05, c1 = 7.78e-12, c2 = 1.34e-06, c3 = 0.00e+00, c4 = 0.00e+00, c5 = 3.88e-06, c6 = 0.00e+00, 
Iter 7: Jf = 0.00e+00, c0 = 1.39e-05, c1 = 7.78e-12, c2 = 1.34e-06, c3 = 0.00e+00, c4 = 0.00e+00, c5 = 3.88e-06, c6 = 0.00e+00, 
Iter 7: Jf = 0.00e+00, c0 = 1.39e-05, c1 = 7.78e-12, c2 = 1.34e-06, c3 = 0.00e+00, c4 = 0.00e+00, c5 = 3.88e-06, c6 = 0.00e+00, 
Iter 7: Jf = 0.00e+00, c0 = 1.39e-05, c1 = 7.78e-12, c2 = 1.34e-06, c3 = 0.00e+00, c4 = 0.00e+00, c5 = 3.88e-06, c6 = 0.00e+00, 
Iter 8: Jf = 0.00e+00, c0 = 1.10e-05, c1 = 0.00e+00, c2 = 1.19e-06, c3 = 0.00e+00, c4 = 0.00e+00, c5 = 3.14e-07, c6 = 0.00e+00, 
Iter 8: Jf = 0.00e+00, c0 = 1.10e-05, c1 = 0.00e+00, c2 = 1.19e-06, c3 = 0.00e+00, c4 = 0.00e+00, c5 = 3.14e-07, c6 = 0.00e+00, 
Iter 8: Jf = 0.00e+00, c0 = 1.10e-05, c1 = 0.00e+00, c2 = 1.19e-06, c3 = 0.00e+00, c4 = 0.00e+00, c5 = 3.14e-07, c6 = 0.00e+00, 
Iter 8: Jf = 0.00e+00, c0 = 1.10e-05, c1 = 0.00e+00, c2 = 1.19e-06, c3 = 0.00e+00, c4 = 0.00e+00, c5 = 3.14e-07, c6 = 0.00e+00, 
Iter 9: Jf = 0.00e+00, c0 = 1.10e-05, c1 = 0.00e+00, c2 = 1.19e-06, c3 = 0.00e+00, c4 = 0.00e+00, c5 = 3.14e-07, c6 = 0.00e+00, 
Iter 9: Jf = 0.00e+00, c0 = 1.10e-05, c1 = 0.00e+00, c2 = 1.19e-06, c3 = 0.00e+00, c4 = 0.00e+00, c5 = 3.14e-07, c6 = 0.00e+00, 
Iter 9: Jf = 0.00e+00, c0 = 1.10e-05, c1 = 0.00e+00, c2 = 1.19e-06, c3 = 0.00e+00, c4 = 0.00e+00, c5 = 3.14e-07, c6 = 0.00e+00, 
Iter 9: Jf = 0.00e+00, c0 = 1.10e-05, c1 = 0.00e+00, c2 = 1.19e-06, c3 = 0.00e+00, c4 = 0.00e+00, c5 = 3.14e-07, c6 = 0.00e+00, 
Iter 10: Jf = 0.00e+00, c0 = 1.10e-05, c1 = 0.00e+00, c2 = 1.19e-06, c3 = 0.00e+00, c4 = 0.00e+00, c5 = 3.14e-07, c6 = 0.00e+00, 
Iter 10: Jf = 0.00e+00, c0 = 1.10e-05, c1 = 0.00e+00, c2 = 1.19e-06, c3 = 0.00e+00, c4 = 0.00e+00, c5 = 3.14e-07, c6 = 0.00e+00, 
Iter 10: Jf = 0.00e+00, c0 = 1.10e-05, c1 = 0.00e+00, c2 = 1.19e-06, c3 = 0.00e+00, c4 = 0.00e+00, c5 = 3.14e-07, c6 = 0.00e+00, 
Iter 10: Jf = 0.00e+00, c0 = 1.10e-05, c1 = 0.00e+00, c2 = 1.19e-06, c3 = 0.00e+00, c4 = 0.00e+00, c5 = 3.14e-07, c6 = 0.00e+00, 
Iter 11: Jf = 0.00e+00, c0 = 1.10e-05, c1 = 0.00e+00, c2 = 1.19e-06, c3 = 0.00e+00, c4 = 0.00e+00, c5 = 3.14e-07, c6 = 0.00e+00, 
Iter 11: Jf = 0.00e+00, c0 = 1.10e-05, c1 = 0.00e+00, c2 = 1.19e-06, c3 = 0.00e+00, c4 = 0.00e+00, c5 = 3.14e-07, c6 = 0.00e+00, 
Iter 11: Jf = 0.00e+00, c0 = 1.10e-05, c1 = 0.00e+00, c2 = 1.19e-06, c3 = 0.00e+00, c4 = 0.00e+00, c5 = 3.14e-07, c6 = 0.00e+00, 
Iter 11: Jf = 0.00e+00, c0 = 1.10e-05, c1 = 0.00e+00, c2 = 1.19e-06, c3 = 0.00e+00, c4 = 0.00e+00, c5 = 3.14e-07, c6 = 0.00e+00, 
Iter 12: Jf = 0.00e+00, c0 = 1.10e-05, c1 = 0.00e+00, c2 = 1.19e-06, c3 = 0.00e+00, c4 = 0.00e+00, c5 = 3.14e-07, c6 = 0.00e+00, 
Iter 12: Jf = 0.00e+00, c0 = 1.10e-05, c1 = 0.00e+00, c2 = 1.19e-06, c3 = 0.00e+00, c4 = 0.00e+00, c5 = 3.14e-07, c6 = 0.00e+00, 
Iter 12: Jf = 0.00e+00, c0 = 1.10e-05, c1 = 0.00e+00, c2 = 1.19e-06, c3 = 0.00e+00, c4 = 0.00e+00, c5 = 3.14e-07, c6 = 0.00e+00, 
Iter 12: Jf = 0.00e+00, c0 = 1.10e-05, c1 = 0.00e+00, c2 = 1.19e-06, c3 = 0.00e+00, c4 = 0.00e+00, c5 = 3.14e-07, c6 = 0.00e+00, 
Iter 13: Jf = 0.00e+00, c0 = 1.10e-05, c1 = 0.00e+00, c2 = 1.19e-06, c3 = 0.00e+00, c4 = 0.00e+00, c5 = 3.14e-07, c6 = 0.00e+00, 
Iter 13: Jf = 0.00e+00, c0 = 1.10e-05, c1 = 0.00e+00, c2 = 1.19e-06, c3 = 0.00e+00, c4 = 0.00e+00, c5 = 3.14e-07, c6 = 0.00e+00, 
Iter 13: Jf = 0.00e+00, c0 = 1.10e-05, c1 = 0.00e+00, c2 = 1.19e-06, c3 = 0.00e+00, c4 = 0.00e+00, c5 = 3.14e-07, c6 = 0.00e+00, 
Iter 13: Jf = 0.00e+00, c0 = 1.10e-05, c1 = 0.00e+00, c2 = 1.19e-06, c3 = 0.00e+00, c4 = 0.00e+00, c5 = 3.14e-07, c6 = 0.00e+00, 
Iter 14: Jf = 0.00e+00, c0 = 1.10e-05, c1 = 0.00e+00, c2 = 1.19e-06, c3 = 0.00e+00, c4 = 0.00e+00, c5 = 3.14e-07, c6 = 0.00e+00, 
Iter 14: Jf = 0.00e+00, c0 = 1.10e-05, c1 = 0.00e+00, c2 = 1.19e-06, c3 = 0.00e+00, c4 = 0.00e+00, c5 = 3.14e-07, c6 = 0.00e+00, 
Iter 14: Jf = 0.00e+00, c0 = 1.10e-05, c1 = 0.00e+00, c2 = 1.19e-06, c3 = 0.00e+00, c4 = 0.00e+00, c5 = 3.14e-07, c6 = 0.00e+00, 
Iter 14: Jf = 0.00e+00, c0 = 1.10e-05, c1 = 0.00e+00, c2 = 1.19e-06, c3 = 0.00e+00, c4 = 0.00e+00, c5 = 3.14e-07, c6 = 0.00e+00, 
Iter 15: Jf = 0.00e+00, c0 = 1.10e-05, c1 = 0.00e+00, c2 = 1.19e-06, c3 = 0.00e+00, c4 = 0.00e+00, c5 = 3.14e-07, c6 = 0.00e+00, 
Iter 15: Jf = 0.00e+00, c0 = 1.10e-05, c1 = 0.00e+00, c2 = 1.19e-06, c3 = 0.00e+00, c4 = 0.00e+00, c5 = 3.14e-07, c6 = 0.00e+00, 
Iter 15: Jf = 0.00e+00, c0 = 1.10e-05, c1 = 0.00e+00, c2 = 1.19e-06, c3 = 0.00e+00, c4 = 0.00e+00, c5 = 3.14e-07, c6 = 0.00e+00, 
Iter 15: Jf = 0.00e+00, c0 = 1.10e-05, c1 = 0.00e+00, c2 = 1.19e-06, c3 = 0.00e+00, c4 = 0.00e+00, c5 = 3.14e-07, c6 = 0.00e+00, 
Iter 16: Jf = 0.00e+00, c0 = 1.10e-05, c1 = 0.00e+00, c2 = 1.19e-06, c3 = 0.00e+00, c4 = 0.00e+00, c5 = 3.14e-07, c6 = 0.00e+00, 
Iter 16: Jf = 0.00e+00, c0 = 1.10e-05, c1 = 0.00e+00, c2 = 1.19e-06, c3 = 0.00e+00, c4 = 0.00e+00, c5 = 3.14e-07, c6 = 0.00e+00, 
Iter 16: Jf = 0.00e+00, c0 = 1.10e-05, c1 = 0.00e+00, c2 = 1.19e-06, c3 = 0.00e+00, c4 = 0.00e+00, c5 = 3.14e-07, c6 = 0.00e+00, 
Iter 16: Jf = 0.00e+00, c0 = 1.10e-05, c1 = 0.00e+00, c2 = 1.19e-06, c3 = 0.00e+00, c4 = 0.00e+00, c5 = 3.14e-07, c6 = 0.00e+00, 
Iter 17: Jf = 0.00e+00, c0 = 1.10e-05, c1 = 0.00e+00, c2 = 1.19e-06, c3 = 0.00e+00, c4 = 0.00e+00, c5 = 3.14e-07, c6 = 0.00e+00, 
Iter 17: Jf = 0.00e+00, c0 = 1.10e-05, c1 = 0.00e+00, c2 = 1.19e-06, c3 = 0.00e+00, c4 = 0.00e+00, c5 = 3.14e-07, c6 = 0.00e+00, 
Iter 17: Jf = 0.00e+00, c0 = 1.10e-05, c1 = 0.00e+00, c2 = 1.19e-06, c3 = 0.00e+00, c4 = 0.00e+00, c5 = 3.14e-07, c6 = 0.00e+00, 
Iter 17: Jf = 0.00e+00, c0 = 1.10e-05, c1 = 0.00e+00, c2 = 1.19e-06, c3 = 0.00e+00, c4 = 0.00e+00, c5 = 3.14e-07, c6 = 0.00e+00, 
Iter 18: Jf = 0.00e+00, c0 = 1.10e-05, c1 = 0.00e+00, c2 = 1.19e-06, c3 = 0.00e+00, c4 = 0.00e+00, c5 = 3.14e-07, c6 = 0.00e+00, 
Iter 18: Jf = 0.00e+00, c0 = 1.10e-05, c1 = 0.00e+00, c2 = 1.19e-06, c3 = 0.00e+00, c4 = 0.00e+00, c5 = 3.14e-07, c6 = 0.00e+00, 
Iter 18: Jf = 0.00e+00, c0 = 1.10e-05, c1 = 0.00e+00, c2 = 1.19e-06, c3 = 0.00e+00, c4 = 0.00e+00, c5 = 3.14e-07, c6 = 0.00e+00, 
Iter 18: Jf = 0.00e+00, c0 = 1.10e-05, c1 = 0.00e+00, c2 = 1.19e-06, c3 = 0.00e+00, c4 = 0.00e+00, c5 = 3.14e-07, c6 = 0.00e+00, 
Iter 19: Jf = 0.00e+00, c0 = 1.10e-05, c1 = 0.00e+00, c2 = 1.19e-06, c3 = 0.00e+00, c4 = 0.00e+00, c5 = 3.14e-07, c6 = 0.00e+00, 
Iter 19: Jf = 0.00e+00, c0 = 1.10e-05, c1 = 0.00e+00, c2 = 1.19e-06, c3 = 0.00e+00, c4 = 0.00e+00, c5 = 3.14e-07, c6 = 0.00e+00, 
Iter 19: Jf = 0.00e+00, c0 = 1.10e-05, c1 = 0.00e+00, c2 = 1.19e-06, c3 = 0.00e+00, c4 = 0.00e+00, c5 = 3.14e-07, c6 = 0.00e+00, 
Iter 19: Jf = 0.00e+00, c0 = 1.10e-05, c1 = 0.00e+00, c2 = 1.19e-06, c3 = 0.00e+00, c4 = 0.00e+00, c5 = 3.14e-07, c6 = 0.00e+00, 
Iter 20: Jf = 0.00e+00, c0 = 1.10e-05, c1 = 0.00e+00, c2 = 1.19e-06, c3 = 0.00e+00, c4 = 0.00e+00, c5 = 3.14e-07, c6 = 0.00e+00, 
Iter 20: Jf = 0.00e+00, c0 = 1.10e-05, c1 = 0.00e+00, c2 = 1.19e-06, c3 = 0.00e+00, c4 = 0.00e+00, c5 = 3.14e-07, c6 = 0.00e+00, 
Iter 20: Jf = 0.00e+00, c0 = 1.10e-05, c1 = 0.00e+00, c2 = 1.19e-06, c3 = 0.00e+00, c4 = 0.00e+00, c5 = 3.14e-07, c6 = 0.00e+00, Iter 20: Jf = 0.00e+00, c0 = 1.10e-05, c1 = 0.00e+00, c2 = 1.19e-06, c3 = 0.00e+00, c4 = 0.00e+00, c5 = 3.14e-07, c6 = 0.00e+00, 

Iter 21: Jf = 0.00e+00, c0 = 1.10e-05, c1 = 0.00e+00, c2 = 1.19e-06, c3 = 0.00e+00, c4 = 0.00e+00, c5 = 3.14e-07, c6 = 0.00e+00, 
Iter 21: Jf = 0.00e+00, c0 = 1.10e-05, c1 = 0.00e+00, c2 = 1.19e-06, c3 = 0.00e+00, c4 = 0.00e+00, c5 = 3.14e-07, c6 = 0.00e+00, 
Iter 21: Jf = 0.00e+00, c0 = 1.10e-05, c1 = 0.00e+00, c2 = 1.19e-06, c3 = 0.00e+00, c4 = 0.00e+00, c5 = 3.14e-07, c6 = 0.00e+00, 
Iter 21: Jf = 0.00e+00, c0 = 1.10e-05, c1 = 0.00e+00, c2 = 1.19e-06, c3 = 0.00e+00, c4 = 0.00e+00, c5 = 3.14e-07, c6 = 0.00e+00, 
Iter 22: Jf = 0.00e+00, c0 = 1.10e-05, c1 = 0.00e+00, c2 = 1.19e-06, c3 = 0.00e+00, c4 = 0.00e+00, c5 = 3.14e-07, c6 = 0.00e+00, 
Iter 22: Jf = 0.00e+00, c0 = 1.10e-05, c1 = 0.00e+00, c2 = 1.19e-06, c3 = 0.00e+00, c4 = 0.00e+00, c5 = 3.14e-07, c6 = 0.00e+00, 
Iter 22: Jf = 0.00e+00, c0 = 1.10e-05, c1 = 0.00e+00, c2 = 1.19e-06, c3 = 0.00e+00, c4 = 0.00e+00, c5 = 3.14e-07, c6 = 0.00e+00, 
Iter 22: Jf = 0.00e+00, c0 = 1.10e-05, c1 = 0.00e+00, c2 = 1.19e-06, c3 = 0.00e+00, c4 = 0.00e+00, c5 = 3.14e-07, c6 = 0.00e+00, 
Iter 23: Jf = 0.00e+00, c0 = 1.10e-05, c1 = 0.00e+00, c2 = 1.19e-06, c3 = 0.00e+00, c4 = 0.00e+00, c5 = 3.14e-07, c6 = 0.00e+00, 
Iter 23: Jf = 0.00e+00, c0 = 1.10e-05, c1 = 0.00e+00, c2 = 1.19e-06, c3 = 0.00e+00, c4 = 0.00e+00, c5 = 3.14e-07, c6 = 0.00e+00, 
Iter 23: Jf = 0.00e+00, c0 = 1.10e-05, c1 = 0.00e+00, c2 = 1.19e-06, c3 = 0.00e+00, c4 = 0.00e+00, c5 = 3.14e-07, c6 = 0.00e+00, 
Iter 23: Jf = 0.00e+00, c0 = 1.10e-05, c1 = 0.00e+00, c2 = 1.19e-06, c3 = 0.00e+00, c4 = 0.00e+00, c5 = 3.14e-07, c6 = 0.00e+00, 
Iter 24: Jf = 0.00e+00, c0 = 1.10e-05, c1 = 0.00e+00, c2 = 1.19e-06, c3 = 0.00e+00, c4 = 0.00e+00, c5 = 3.14e-07, c6 = 0.00e+00, 
Iter 24: Jf = 0.00e+00, c0 = 1.10e-05, c1 = 0.00e+00, c2 = 1.19e-06, c3 = 0.00e+00, c4 = 0.00e+00, c5 = 3.14e-07, c6 = 0.00e+00, 
Iter 24: Jf = 0.00e+00, c0 = 1.10e-05, c1 = 0.00e+00, c2 = 1.19e-06, c3 = 0.00e+00, c4 = 0.00e+00, c5 = 3.14e-07, c6 = 0.00e+00, 
Iter 24: Jf = 0.00e+00, c0 = 1.10e-05, c1 = 0.00e+00, c2 = 1.19e-06, c3 = 0.00e+00, c4 = 0.00e+00, c5 = 3.14e-07, c6 = 0.00e+00, 
Iter 25: Jf = 0.00e+00, c0 = 1.10e-05, c1 = 0.00e+00, c2 = 1.19e-06, c3 = 0.00e+00, c4 = 0.00e+00, c5 = 3.14e-07, c6 = 0.00e+00, 
Iter 25: Jf = 0.00e+00, c0 = 1.10e-05, c1 = 0.00e+00, c2 = 1.19e-06, c3 = 0.00e+00, c4 = 0.00e+00, c5 = 3.14e-07, c6 = 0.00e+00, 
Iter 25: Jf = 0.00e+00, c0 = 1.10e-05, c1 = 0.00e+00, c2 = 1.19e-06, c3 = 0.00e+00, c4 = 0.00e+00, c5 = 3.14e-07, c6 = 0.00e+00, 
Iter 25: Jf = 0.00e+00, c0 = 1.10e-05, c1 = 0.00e+00, c2 = 1.19e-06, c3 = 0.00e+00, c4 = 0.00e+00, c5 = 3.14e-07, c6 = 0.00e+00, 
Iter 26: Jf = 0.00e+00, c0 = 1.10e-05, c1 = 0.00e+00, c2 = 1.19e-06, c3 = 0.00e+00, c4 = 0.00e+00, c5 = 3.14e-07, c6 = 0.00e+00, 
Iter 26: Jf = 0.00e+00, c0 = 1.10e-05, c1 = 0.00e+00, c2 = 1.19e-06, c3 = 0.00e+00, c4 = 0.00e+00, c5 = 3.14e-07, c6 = 0.00e+00, 
Iter 26: Jf = 0.00e+00, c0 = 1.10e-05, c1 = 0.00e+00, c2 = 1.19e-06, c3 = 0.00e+00, c4 = 0.00e+00, c5 = 3.14e-07, c6 = 0.00e+00, 
Iter 26: Jf = 0.00e+00, c0 = 1.10e-05, c1 = 0.00e+00, c2 = 1.19e-06, c3 = 0.00e+00, c4 = 0.00e+00, c5 = 3.14e-07, c6 = 0.00e+00, 
Iter 27: Jf = 0.00e+00, c0 = 1.10e-05, c1 = 0.00e+00, c2 = 1.19e-06, c3 = 0.00e+00, c4 = 0.00e+00, c5 = 3.14e-07, c6 = 0.00e+00, 
Iter 27: Jf = 0.00e+00, c0 = 1.10e-05, c1 = 0.00e+00, c2 = 1.19e-06, c3 = 0.00e+00, c4 = 0.00e+00, c5 = 3.14e-07, c6 = 0.00e+00, 
Iter 27: Jf = 0.00e+00, c0 = 1.10e-05, c1 = 0.00e+00, c2 = 1.19e-06, c3 = 0.00e+00, c4 = 0.00e+00, c5 = 3.14e-07, c6 = 0.00e+00, 
Iter 27: Jf = 0.00e+00, c0 = 1.10e-05, c1 = 0.00e+00, c2 = 1.19e-06, c3 = 0.00e+00, c4 = 0.00e+00, c5 = 3.14e-07, c6 = 0.00e+00, 
Iter 28: Jf = 0.00e+00, c0 = 1.10e-05, c1 = 0.00e+00, c2 = 1.19e-06, c3 = 0.00e+00, c4 = 0.00e+00, c5 = 3.14e-07, c6 = 0.00e+00, 
Iter 28: Jf = 0.00e+00, c0 = 1.10e-05, c1 = 0.00e+00, c2 = 1.19e-06, c3 = 0.00e+00, c4 = 0.00e+00, c5 = 3.14e-07, c6 = 0.00e+00, 
Iter 28: Jf = 0.00e+00, c0 = 1.10e-05, c1 = 0.00e+00, c2 = 1.19e-06, c3 = 0.00e+00, c4 = 0.00e+00, c5 = 3.14e-07, c6 = 0.00e+00, 
Iter 28: Jf = 0.00e+00, c0 = 1.10e-05, c1 = 0.00e+00, c2 = 1.19e-06, c3 = 0.00e+00, c4 = 0.00e+00, c5 = 3.14e-07, c6 = 0.00e+00, 
Iter 29: Jf = 0.00e+00, c0 = 1.10e-05, c1 = 0.00e+00, c2 = 1.19e-06, c3 = 0.00e+00, c4 = 0.00e+00, c5 = 3.14e-07, c6 = 0.00e+00, 
Time taken: 16887.54779434204 seconds
Final CS-Sep constraint: 0
Iter 29: Jf = 0.00e+00, c0 = 1.10e-05, c1 = 0.00e+00, c2 = 1.19e-06, c3 = 0.00e+00, c4 = 0.00e+00, c5 = 3.14e-07, c6 = 0.00e+00, 
Time taken: 16887.547329187393 seconds
Iter 29: Jf = 0.00e+00, c0 = 1.10e-05, c1 = 0.00e+00, c2 = 1.19e-06, c3 = 0.00e+00, c4 = 0.00e+00, c5 = 3.14e-07, c6 = 0.00e+00, 
Time taken: 16887.545734882355 seconds
Final CS-Sep constraint: 0
Iter 29: Jf = 0.00e+00, c0 = 1.10e-05, c1 = 0.00e+00, c2 = 1.19e-06, c3 = 0.00e+00, c4 = 0.00e+00, c5 = 3.14e-07, c6 = 0.00e+00, 
Time taken: 16887.546983480453 seconds
Final CS-Sep constraint: 0
Final CS-Sep constraint: 0
Final CS-sep minimum distance: 0.10734854548636523
Final CS-sep minimum distance: 0.10734854548636523
Final CS-sep minimum distance: 0.10734854548636523
Final CS-sep minimum distance: 0.10734854548636523
Final CC-Sep constraint: Final CC-Sep constraint: Final CC-Sep constraint: Final CC-Sep constraint: 1.1948259878174153e-06
1.1948259878174153e-06
1.1948259878174153e-06
1.1948259878174153e-06
Final CC-sep minimum distance: 0.08892249425595745
Final CC-sep minimum distance: 0.08892249425595745
Final CC-sep minimum distance: 0.08892249425595745
Final CC-sep minimum distance: 0.08892249425595745
Final Len constraint: ['3.6', '2.7', '2.8', '3.1', '3.4']
Final Max Curvatures: [np.float64(15.986980855439018), np.float64(7.789927326219969), np.float64(8.079873805919409), np.float64(7.882753318751607), np.float64(9.105495489047394)]
Final Len constraint: ['3.6', '2.7', '2.8', '3.1', '3.4']
Final Max Curvatures: Final Len constraint: [np.float64(15.986980855439018), np.float64(7.789927326219969), np.float64(8.079873805919409), np.float64(7.882753318751607), np.float64(9.105495489047394)]
['3.6', '2.7', '2.8', '3.1', '3.4']
Final Max Curvatures: [np.float64(15.986980855439018), np.float64(7.789927326219969), np.float64(8.079873805919409), np.float64(7.882753318751607), np.float64(9.105495489047394)]
Final Len constraint: ['3.6', '2.7', '2.8', '3.1', '3.4']
Final MSC constraint: ['16.00', '16.00', '16.00', '16.00', '16.00']
Final Max Curvatures: [np.float64(15.986980855439018), np.float64(7.789927326219969), np.float64(8.079873805919409), np.float64(7.882753318751607), np.float64(9.105495489047394)]
Final MSC constraint: ['16.00', '16.00', '16.00', '16.00', '16.00']
Final MSC constraint: ['16.00', '16.00', '16.00', '16.00', '16.00']
Final MSC constraint: ['16.00', '16.00', '16.00', '16.00', '16.00']
Final Link constraint: 0
Final Link constraint: 0
Final Link constraint: 0
Final Link constraint: 0
Final Lengths: Final Lengths: Final Lengths: Final Lengths: [Array(3.62084168, dtype=float64), Array(2.68916124, dtype=float64), Array(2.80751991, dtype=float64), Array(3.08216782, dtype=float64), Array(3.38790453, dtype=float64)] 15.587595182567796
[Array(3.62084168, dtype=float64), Array(2.68916124, dtype=float64), Array(2.80751991, dtype=float64), Array(3.08216782, dtype=float64), Array(3.38790453, dtype=float64)] 15.587595182567796
[Array(3.62084168, dtype=float64), Array(2.68916124, dtype=float64), Array(2.80751991, dtype=float64), Array(3.08216782, dtype=float64), Array(3.38790453, dtype=float64)] 15.587595182567796
[Array(3.62084168, dtype=float64), Array(2.68916124, dtype=float64), Array(2.80751991, dtype=float64), Array(3.08216782, dtype=float64), Array(3.38790453, dtype=float64)] 15.587595182567796
--------------------------------------------------------------------------------------------------------------------------------------------
FINAL LAGRANGE MULTIPLIERS: [-8.45378588e+12 -7.46584265e-01 -9.18360384e+11 -0.00000000e+00
 -0.00000000e+00 -3.77493646e+09 -0.00000000e+00]
--------------------------------------------------------------------------------------------------------------------------------------------
Final LOW RES NORMALIZED SQUARED FLUX: 8.468350009953762e-07
--------------------------------------------------------------------------------------------------------------------------------------------
FINAL LAGRANGE MULTIPLIERS: --------------------------------------------------------------------------------------------------------------------------------------------
FINAL LAGRANGE MULTIPLIERS: [-8.45378588e+12 -7.46584265e-01 -9.18360384e+11 -0.00000000e+00
 -0.00000000e+00 -3.77493646e+09 -0.00000000e+00]
--------------------------------------------------------------------------------------------------------------------------------------------
[-8.45378588e+12 -7.46584265e-01 -9.18360384e+11 -0.00000000e+00
 -0.00000000e+00 -3.77493646e+09 -0.00000000e+00]
--------------------------------------------------------------------------------------------------------------------------------------------
Final LOW RES NORMALIZED SQUARED FLUX: 8.468350009953762e-07
Final LOW RES NORMALIZED SQUARED FLUX: 8.468350009953762e-07
--------------------------------------------------------------------------------------------------------------------------------------------
FINAL LAGRANGE MULTIPLIERS: [-8.45378588e+12 -7.46584265e-01 -9.18360384e+11 -0.00000000e+00
 -0.00000000e+00 -3.77493646e+09 -0.00000000e+00]
--------------------------------------------------------------------------------------------------------------------------------------------
Final LOW RES NORMALIZED SQUARED FLUX: 8.468350009953762e-07
Finished 100/1000 Out-of-Sample Evaluations
Finished 200/1000 Out-of-Sample Evaluations
Finished 300/1000 Out-of-Sample Evaluations
Finished 400/1000 Out-of-Sample Evaluations
Finished 500/1000 Out-of-Sample Evaluations
Finished 600/1000 Out-of-Sample Evaluations
Finished 700/1000 Out-of-Sample Evaluations
Finished 800/1000 Out-of-Sample Evaluations
Finished 900/1000 Out-of-Sample Evaluations
Finished 1000/1000 Out-of-Sample Evaluations
Flux Objective for exact coils    : 8.468e-07
<B> : 1.884e-01
High Res B_N: 1.152e-03
Out-of-sample flux value                  : 1.246e-05
<B_N>/<|B|> = 6.11e-03, Max BdotN/|B| = 3.58e-02
Quality Number: 0.068

